fren, stoopit question, i'm a lil embarrassed to ask:
does singapor.litehaus.online have to be created as a subdomain of litehaus.online which is actually based on the NYC droplet not on the SGP droplet even though i have an SGP droplet i'd like the actual litehaus to be based upon somehow?
You said:
THE_SERVER_DOC.txt
Document
wofl@mail:~/n8n-docker-caddy$ dig london.litehaus.online +short
104.21.58.77
172.67.157.245
wofl@mail:~/n8n-docker-caddy$ dig sydney.litehaus.online +short
172.67.157.245
104.21.58.77
wofl@mail:~/n8n-docker-caddy$ dig litehaus.online +short
104.21.58.77
172.67.157.245
wofl@mail:~/n8n-docker-caddy$ dig singapore.litehaus.online +short
172.67.157.245
104.21.58.77
wofl@mail:~/n8n-docker-caddy$

fren, please could you:
a) rewrite, [without chanigng the tab spacing that makes the document fit exactly on one screen in notepad], my server_doc so that the titles of the various 'domains'/'subdomains'/'etc.' are terminology correct etc., 
b) tell me what the correct settigns should e for the 4 litehaus's for the cname and a records etc., and, 
c) draft the DNS record block you can copy-paste (i.e. Cloudflare syntax) for all your Litehaus regional subs in one go bearing in mind i want the actual machinery of the liehauses and the servers they're on to be made to each region serve its own local Litehaus instance, by creating:

london.litehaus.online → UK droplet 
sydney.litehaus.online → AU droplet
singapore.litehaus.online → SGP droplet

all served off the name litehaus.onkline which unfortunately happens to be based on the NYC droplet.
You said:
litehaus.online.txt
Document
fren, this is the format cloudflare gave me when i exported dns records last time - iirc it has to be in this format but with the date etc. adjusted where things alter according to time etc.  - i think you need to give me something slightly more like this therefore?
You said:
fren, why are these dig all the same when i'd expecc them to reflecc the various places round the world theyre rerouted to and they dont even seem to show the dns/ip of the place in NYC the og is?

wofl@mail:~/n8n-docker-caddy$ dig london.litehaus.online +short
104.21.58.77
172.67.157.245
wofl@mail:~/n8n-docker-caddy$ dig sydney.litehaus.online +short
104.21.58.77
172.67.157.245
wofl@mail:~/n8n-docker-caddy$ dig singapore.litehaus.online +short
172.67.157.245
104.21.58.77
wofl@mail:~/n8n-docker-caddy$ dig litehaus.online +short
172.67.157.245
104.21.58.77
wofl@mail:~/n8n-docker-caddy$
You said:
i got this fren afterpropagation:

wofl@mail:~/n8n-docker-caddy$ dig london.litehaus.online +short
138.68.142.181
wofl@mail:~/n8n-docker-caddy$ dig sydney.litehaus.online +short
134.199.170.197
wofl@mail:~/n8n-docker-caddy$ dig singapore.litehaus.online +short
68.183.227.135
wofl@mail:~/n8n-docker-caddy$ dig litehaus.online +short
137.184.105.114
wofl@mail:~/n8n-docker-caddy$

but you're saying i can re-orange the litehaus.online og domain and get the protection etc. whilst still getting the various regions for the others?
You said:
but peteyyyyyy - i thought i couldn't have oroange on if i wanted email on a server thingy?
You said:
fren, cloudflare doesn't allow 2x Arecord to the same ip tho...
You said:
fren cloudflare seems to disagree with you and orange exclaimed me when i hovered over it says the grey exposes what the orage hides asfaic tell?
You said:
start-lighthouse.sh
File
litehaus
File
package.json
File
server.js
JavaScript
ultimate-lighthouse.service
File
ecoystem.config.js
JavaScript
.env
File
fren, can you re-write this script to upload the 4 litehauses for each of the locations on the servers. the details i need the scripts to cope with are:
- the urls as per just selected
- any customizations via command line to make the litehauses suited best to their location
can you tell me what things i should fill in in the .env and alter anything else to be custom to the individual servers so i have 4 sets of zipped documents one for each server please?
You said:
yes pls
You said:
one change, we're gonna have to use port 6789 for the lighthouse listener because i'm using it for stuff like n8n on some servers. other than that it's all  go
You said:
yis i would like logs, so now pls deliver the .zips then!
You said:
yis pls fren
You said:
fren i think you did a syntax screwup:

wofl@wofl-BFT0:/mnt/d/code/ultimate_lighthouse$ ./build-litehaus-packs.sh
/usr/bin/env: ‘bash\r’: No such file or directory
/usr/bin/env: use -[v]S to pass options in shebang lines
wofl@wofl-BFT0:/mnt/d/code/ultimate_lighthouse$
You said:
fren, why have'nt i got zip command?

wofl@wofl-BFT0:/mnt/d/code/ultimate_lighthouse$ ./build-litehaus-packs.sh
==> Preparing Litehaus for london (138.68.142.181)
./build-litehaus-packs.sh: line 190: zip: command not found
wofl@wofl-BFT0:/mnt/d/code/ultimate_lighthouse$
You said:
fren, i accidentally got locked out of london droplet - what's the config file for the password reset procedure i need to do - i'm already in through ther recovery console so i just need to set the password to something i know
You said:
fren, how do i create a blank file in linux of a given name?
You said:
do you know what i type via cli to tune in and check if my first litehaus is working and broadcasting json packets? i.e. how do i get listener output pls fren?
You said:
wofl@london:/opt/litehaus$ sudo systemctl status ultimate-lighthouse.service
Unit ultimate-lighthouse.service could not be found.
wofl@london:/opt/litehaus$ sudo systemctl start ultimate-lighthouse.service
Failed to start ultimate-lighthouse.service: Unit ultimate-lighthouse.service not found.
wofl@london:/opt/litehaus$
You said:
wofl@london:/opt/litehaus$ sudo cp /opt/litehaus/ultimate-lighthouse.service /etc/systemd/system/
cp: cannot stat '/opt/litehaus/ultimate-lighthouse.service': No such file or directory
wofl@london:/opt/litehaus$
You said:
fren i think it must have not installed properly or summin?

wofl@london:/opt/litehaus$ sudo systemctl daemon-reload
sudo systemctl enable --now ultimate-lighthouse.service
Created symlink /etc/systemd/system/multi-user.target.wants/ultimate-lighthouse.service → /etc/systemd/system/ultimate-lighthouse.service.
Job for ultimate-lighthouse.service failed because of unavailable resources or another system error.
See "systemctl status ultimate-lighthouse.service" and "journalctl -xeu ultimate-lighthouse.service" for details.
wofl@london:/opt/litehaus$
You said:
wofl@london:/opt/litehaus$ sudo systemctl status ultimate-lighthouse.service -l --no-pager 
sudo journalctl -xeu ultimate-lighthouse.service | tail -40
● ultimate-lighthouse.service - Ultimate Lighthouse Beacon
     Loaded: loaded (/etc/systemd/system/ultimate-lighthouse.service; enabled; vendor preset: enabled)
     Active: activating (auto-restart) (Result: resources) since Sat 2025-10-25 02:32:50 BST; 9s ago
        CPU: 0

Oct 25 02:32:50 london systemd[1]: Stopped Ultimate Lighthouse Beacon.
Oct 25 02:32:50 london systemd[1]: ultimate-lighthouse.service: Failed to load environment files: No such file or directory
Oct 25 02:32:50 london systemd[1]: ultimate-lighthouse.service: Failed to run 'start' task: No such file or directory
Oct 25 02:32:50 london systemd[1]: ultimate-lighthouse.service: Failed with result 'resources'.
Oct 25 02:32:50 london systemd[1]: Failed to start Ultimate Lighthouse Beacon.
░░ The unit ultimate-lighthouse.service has entered the 'failed' state with result 'resources'.
Oct 25 02:32:40 london systemd[1]: Failed to start Ultimate Lighthouse Beacon.
░░ Subject: A start job for unit ultimate-lighthouse.service has failed
░░ Defined-By: systemd
░░ Support: http://www.ubuntu.com/support
░░
░░ A start job for unit ultimate-lighthouse.service has finished with a failure.
░░
░░ The job identifier is 870790 and the job result is failed.
Oct 25 02:32:50 london systemd[1]: ultimate-lighthouse.service: Scheduled restart job, restart counter is at 6.
░░ Subject: Automatic restarting of a unit has been scheduled
░░ Defined-By: systemd
░░ Support: http://www.ubuntu.com/support
░░
░░ Automatic restarting of the unit ultimate-lighthouse.service has been scheduled, as the result for
░░ the configured Restart= setting for the unit.
Oct 25 02:32:50 london systemd[1]: Stopped Ultimate Lighthouse Beacon.
░░ Subject: A stop job for unit ultimate-lighthouse.service has finished
░░ Defined-By: systemd
░░ Support: http://www.ubuntu.com/support
░░
░░ A stop job for unit ultimate-lighthouse.service has finished.
░░
░░ The job identifier is 870873 and the job result is done.
Oct 25 02:32:50 london systemd[1]: ultimate-lighthouse.service: Failed to load environment files: No such file or directory
Oct 25 02:32:50 london systemd[1]: ultimate-lighthouse.service: Failed to run 'start' task: No such file or directory
Oct 25 02:32:50 london systemd[1]: ultimate-lighthouse.service: Failed with result 'resources'.
░░ Subject: Unit failed
░░ Defined-By: systemd
░░ Support: http://www.ubuntu.com/support
░░
░░ The unit ultimate-lighthouse.service has entered the 'failed' state with result 'resources'.
Oct 25 02:32:50 london systemd[1]: Failed to start Ultimate Lighthouse Beacon.
░░ Subject: A start job for unit ultimate-lighthouse.service has failed
░░ Defined-By: systemd
░░ Support: http://www.ubuntu.com/support
░░
░░ A start job for unit ultimate-lighthouse.service has finished with a failure.
░░
░░ The job identifier is 870873 and the job result is failed.
wofl@london:/opt/litehaus$


wofl@london:/opt/litehaus$ ls -l /opt/litehaus/server.js
ls -l /opt/litehaus/.env
which node
ls: cannot access '/opt/litehaus/server.js': No such file or directory
ls: cannot access '/opt/litehaus/.env': No such file or directory
/usr/bin/node
wofl@london:/opt/litehaus$


You said:
wofl@london:/opt/litehaus$ sudo systemctl daemon-reload
sudo systemctl restart ultimate-lighthouse.service
sudo systemctl status ultimate-lighthouse.service
● ultimate-lighthouse.service - Ultimate Lighthouse Beacon
     Loaded: loaded (/etc/systemd/system/ultimate-lighthouse.service; enabled; vendor preset: enabled)
     Active: active (running) since Sat 2025-10-25 02:36:06 BST; 28ms ago
   Main PID: 957474 (node)
      Tasks: 1 (limit: 1102)
     Memory: 1.3M
        CPU: 13ms
     CGroup: /system.slice/ultimate-lighthouse.service
             └─957474 /usr/bin/node /opt/litehaus/server.js

Oct 25 02:36:06 london systemd[1]: Started Ultimate Lighthouse Beacon.
wofl@london:/opt/litehaus$ Active: active (running)
-bash: syntax error near unexpected token ('
wofl@london:/opt/litehaus$ curl http://localhost:6789
curl: (7) Failed to connect to localhost port 6789 after 0 ms: Connection refused
wofl@london:/opt/litehaus$
You said:
wofl@london:/opt/litehaus$ sudo journalctl -u ultimate-lighthouse.service -n 40 --no-pager
Oct 25 02:36:36 london systemd[1]: ultimate-lighthouse.service: Scheduled restart job, restart counter is at 28.
Oct 25 02:36:36 london systemd[1]: Stopped Ultimate Lighthouse Beacon.
Oct 25 02:36:36 london systemd[1]: Started Ultimate Lighthouse Beacon.
Oct 25 02:36:37 london systemd[1]: ultimate-lighthouse.service: Main process exited, code=exited, status=1/FAILURE
Oct 25 02:36:37 london systemd[1]: ultimate-lighthouse.service: Failed with result 'exit-code'.
Oct 25 02:36:47 london systemd[1]: ultimate-lighthouse.service: Scheduled restart job, restart counter is at 29.
Oct 25 02:36:47 london systemd[1]: Stopped Ultimate Lighthouse Beacon.
Oct 25 02:36:47 london systemd[1]: Started Ultimate Lighthouse Beacon.
Oct 25 02:36:47 london systemd[1]: ultimate-lighthouse.service: Main process exited, code=exited, status=1/FAILURE
Oct 25 02:36:47 london systemd[1]: ultimate-lighthouse.service: Failed with result 'exit-code'.
Oct 25 02:36:57 london systemd[1]: ultimate-lighthouse.service: Scheduled restart job, restart counter is at 30.
Oct 25 02:36:57 london systemd[1]: Stopped Ultimate Lighthouse Beacon.
Oct 25 02:36:57 london systemd[1]: Started Ultimate Lighthouse Beacon.
Oct 25 02:36:57 london systemd[1]: ultimate-lighthouse.service: Main process exited, code=exited, status=1/FAILURE
Oct 25 02:36:57 london systemd[1]: ultimate-lighthouse.service: Failed with result 'exit-code'.
Oct 25 02:37:07 london systemd[1]: ultimate-lighthouse.service: Scheduled restart job, restart counter is at 31.
Oct 25 02:37:07 london systemd[1]: Stopped Ultimate Lighthouse Beacon.
Oct 25 02:37:07 london systemd[1]: Started Ultimate Lighthouse Beacon.
Oct 25 02:37:07 london systemd[1]: ultimate-lighthouse.service: Main process exited, code=exited, status=1/FAILURE
Oct 25 02:37:07 london systemd[1]: ultimate-lighthouse.service: Failed with result 'exit-code'.
Oct 25 02:37:17 london systemd[1]: ultimate-lighthouse.service: Scheduled restart job, restart counter is at 32.
Oct 25 02:37:17 london systemd[1]: Stopped Ultimate Lighthouse Beacon.
Oct 25 02:37:17 london systemd[1]: Started Ultimate Lighthouse Beacon.
Oct 25 02:37:18 london systemd[1]: ultimate-lighthouse.service: Main process exited, code=exited, status=1/FAILURE
Oct 25 02:37:18 london systemd[1]: ultimate-lighthouse.service: Failed with result 'exit-code'.
Oct 25 02:37:28 london systemd[1]: ultimate-lighthouse.service: Scheduled restart job, restart counter is at 33.
Oct 25 02:37:28 london systemd[1]: Stopped Ultimate Lighthouse Beacon.
Oct 25 02:37:28 london systemd[1]: Started Ultimate Lighthouse Beacon.
Oct 25 02:37:28 london systemd[1]: ultimate-lighthouse.service: Main process exited, code=exited, status=1/FAILURE
Oct 25 02:37:28 london systemd[1]: ultimate-lighthouse.service: Failed with result 'exit-code'.
Oct 25 02:37:38 london systemd[1]: ultimate-lighthouse.service: Scheduled restart job, restart counter is at 34.
Oct 25 02:37:38 london systemd[1]: Stopped Ultimate Lighthouse Beacon.
Oct 25 02:37:38 london systemd[1]: Started Ultimate Lighthouse Beacon.
Oct 25 02:37:38 london systemd[1]: ultimate-lighthouse.service: Main process exited, code=exited, status=1/FAILURE
Oct 25 02:37:38 london systemd[1]: ultimate-lighthouse.service: Failed with result 'exit-code'.
Oct 25 02:37:48 london systemd[1]: ultimate-lighthouse.service: Scheduled restart job, restart counter is at 35.
Oct 25 02:37:48 london systemd[1]: Stopped Ultimate Lighthouse Beacon.
Oct 25 02:37:48 london systemd[1]: Started Ultimate Lighthouse Beacon.
Oct 25 02:37:48 london systemd[1]: ultimate-lighthouse.service: Main process exited, code=exited, status=1/FAILURE
Oct 25 02:37:48 london systemd[1]: ultimate-lighthouse.service: Failed with result 'exit-code'.
wofl@london:/opt/litehaus$ SyntaxError: Cannot use import statement outside a module
SyntaxError:: command not found
wofl@london:/opt/litehaus$
You said:
wofl@london:/opt/litehaus$ curl http://localhost:6789 
{"status":"ok","region":"LOsudo journalctl -u ultimate-lighthouse.service -f@london:/opt/litehaus$ sudo journalctl -u ultimate-lighthouse.service -f
Oct 25 02:39:10 london systemd[1]: Started Ultimate Lighthouse Beacon.
Oct 25 02:39:10 london systemd[1]: ultimate-lighthouse.service: Main process exited, code=exited, status=1/FAILURE
Oct 25 02:39:10 london systemd[1]: ultimate-lighthouse.service: Failed with result 'exit-code'.
Oct 25 02:39:20 london systemd[1]: ultimate-lighthouse.service: Scheduled restart job, restart counter is at 44.
Oct 25 02:39:20 london systemd[1]: Stopped Ultimate Lighthouse Beacon.
Oct 25 02:39:20 london systemd[1]: Started Ultimate Lighthouse Beacon.
Oct 25 02:39:28 london systemd[1]: Stopping Ultimate Lighthouse Beacon...
Oct 25 02:39:28 london systemd[1]: ultimate-lighthouse.service: Deactivated successfully.
Oct 25 02:39:28 london systemd[1]: Stopped Ultimate Lighthouse Beacon.
Oct 25 02:39:28 london systemd[1]: Started Ultimate Lighthouse Beacon.
^C
wofl@london:/opt/litehaus$ sudo systemctl status ultimate-lighthouse.service
● ultimate-lighthouse.service - Ultimate Lighthouse Beacon
     Loaded: loaded (/etc/systemd/system/ultimate-lighthouse.service; enabled; vendor preset: enabled)
     Active: active (running) since Sat 2025-10-25 02:39:28 BST; 1min 51s ago
   Main PID: 957720 (node)
      Tasks: 7 (limit: 1102)
     Memory: 8.8M
        CPU: 138ms
     CGroup: /system.slice/ultimate-lighthouse.service
             └─957720 /usr/bin/node /opt/litehaus/server.js

Oct 25 02:39:28 london systemd[1]: Started Ultimate Lighthouse Beacon.
wofl@london:/opt/litehaus$

how do i see the packets beaming out every sso many seconds fren?
You said:
wofl@wofl-BFT0:~$ curl https://london.litehaus.online:6789
curl: (35) Recv failure: Connection reset by peer
wofl@wofl-BFT0:~$
You said:
fren, how do i get realtime listening where it constantly listens and updates on the screen everytime the litehaus issues a ping?
You said:
real-time multi-beacon listener please fen
You said:
wofl@london:/opt$ mkdir litehaus-listener/
mkdir: cannot create directory ‘litehaus-listener/’: Permission denied
wofl@london:/opt$ sudop mkdir /litehaus-listener/
Command 'sudop' not found, did you mean:
  command 'sdop' from deb sdop (0.90-1)
  command 'sudo' from deb sudo (1.9.9-1ubuntu2.5)
  command 'sudo' from deb sudo-ldap (1.9.9-1ubuntu2.5)
Try: sudo apt install <deb name>
wofl@london:/opt$ sudo mkdir /litehaus-listener/
wofl@london:/opt$ cd litehaus-listener
-bash: cd: litehaus-listener: No such file or directory
wofl@london:/opt$ cd litehaus-listener/
-bash: cd: litehaus-listener/: No such file or directory
wofl@london:/opt$ cd /litehaus-listener/
wofl@london:/litehaus-listener$ sudo touch server.js
wofl@london:/litehaus-listener$ sudo nano server.js
wofl@london:/litehaus-listener$ sudo nano .env
wofl@london:/litehaus-listener$ sudo nano /etc/systemd/litehaus-listener.service
wofl@london:/litehaus-listener$ sudo systemctl daemon-reload
sudo systemctl enable --now litehaus-listener.service
sudo journalctl -u litehaus-listener.service -f
Failed to enable unit: Unit file litehaus-listener.service does not exist.
You said:
wofl@london:/litehaus-listener$ sudo systemctl daemon-reload
sudo systemctl enable --now litehaus-listener.service
sudo journalctl -u litehaus-listener.service -f
Failed to enable unit: Unit file litehaus-listener.service does not exist.
^C
wofl@london:/litehaus-listener$ sudo mv /etc/systemd/litehaus-listener.service /etc/systemd/system/litehaus-listener.service
wofl@london:/litehaus-listener$ sudo systemctl daemon-reload
wofl@london:/litehaus-listener$ sudo systemctl enable --now litehaus-listener.service
Created symlink /etc/systemd/system/multi-user.target.wants/litehaus-listener.service → /etc/systemd/system/litehaus-listener.service.
Job for litehaus-listener.service failed because of unavailable resources or another system error.
See "systemctl status litehaus-listener.service" and "journalctl -xeu litehaus-listener.service" for details.
wofl@london:/litehaus-listener$ sudo journalctl -u litehaus-listener.service -f
Oct 25 03:10:07 london systemd[1]: Stopped Global Litehaus Listener.
Oct 25 03:10:07 london systemd[1]: litehaus-listener.service: Failed to load environment files: No such file or directory
Oct 25 03:10:07 london systemd[1]: litehaus-listener.service: Failed to run 'start' task: No such file or directory
Oct 25 03:10:07 london systemd[1]: litehaus-listener.service: Failed with result 'resources'.
Oct 25 03:10:07 london systemd[1]: Failed to start Global Litehaus Listener.
Oct 25 03:10:07 london systemd[1]: litehaus-listener.service: Scheduled restart job, restart counter is at 5.
Oct 25 03:10:07 london systemd[1]: Stopped Global Litehaus Listener.
Oct 25 03:10:07 london systemd[1]: litehaus-listener.service: Start request repeated too quickly.
Oct 25 03:10:07 london systemd[1]: litehaus-listener.service: Failed with result 'resources'.
Oct 25 03:10:07 london systemd[1]: Failed to start Global Litehaus Listener.
You said:
wofl@london:/litehaus-listener$ sudo systemctl daemon-reload
sudo systemctl restart litehaus-listener.service
sudo systemctl status litehaus-listener.service
● litehaus-listener.service - Global Litehaus Listener
     Loaded: loaded (/etc/systemd/system/litehaus-listener.service; enabl>
     Active: active (running) since Sat 2025-10-25 03:11:47 BST; 33ms ago
   Main PID: 958244 (node)
      Tasks: 1 (limit: 1102)
     Memory: 1.3M
        CPU: 14ms
     CGroup: /system.slice/litehaus-listener.service
             └─958244 /usr/bin/node /litehaus-listener/server.js

Oct 25 03:11:47 london systemd[1]: Started Global Litehaus Listener.

wofl@london:/litehaus-listener$ curl http://localhost:4567
curl: (7) Failed to connect to localhost port 4567 after 0 ms: Connection refused
wofl@london:/litehaus-listener$ curl http://localhost:4567
curl: (7) Failed to connect to localhost port 4567 after 0 ms: Connection refused
wofl@london:/litehaus-listener$
You said:
wofl@london:/litehaus-listener$ sudo systemctl daemon-reload
sudo systemctl restart litehaus-listener.service
sudo systemctl status litehaus-listener.service
● litehaus-listener.service - Global Litehaus Listener
     Loaded: loaded (/etc/systemd/system/litehaus-listener.service; enabl>
     Active: active (running) since Sat 2025-10-25 03:13:45 BST; 28ms ago
   Main PID: 958327 (node)
      Tasks: 1 (limit: 1102)
     Memory: 1.3M
        CPU: 11ms
     CGroup: /system.slice/litehaus-listener.service
             └─958327 /usr/bin/node /litehaus-listener/server.js

Oct 25 03:13:45 london systemd[1]: Started Global Litehaus Listener.
...skipping...
● litehaus-listener.service - Global Litehaus Listener
     Loaded: loaded (/etc/systemd/system/litehaus-listener.service; enabl>
     Active: active (running) since Sat 2025-10-25 03:13:45 BST; 28ms ago
   Main PID: 958327 (node)
      Tasks: 1 (limit: 1102)
     Memory: 1.3M
        CPU: 11ms
     CGroup: /system.slice/litehaus-listener.service
             └─958327 /usr/bin/node /litehaus-listener/server.js

Oct 25 03:13:45 london systemd[1]: Started Global Litehaus Listener.
~
~
~
~
~
~
~
~
~

wofl@london:/litehaus-listener$ sudo systemctl stop litehaus-listener.service
sudo node /litehaus-listener/server.js
/litehaus-listener/server.js:13
        console.log(`[${now}] [${data.region?.toUpperCase() || "UNKNOWN"}] ${data.signal || "PING"}`);
                                             ^

SyntaxError: Unexpected token '.'
    at wrapSafe (internal/modules/cjs/loader.js:915:16)
    at Module._compile (internal/modules/cjs/loader.js:963:27)
    at Object.Module._extensions..js (internal/modules/cjs/loader.js:1027:10)
    at Module.load (internal/modules/cjs/loader.js:863:32)
    at Function.Module._load (internal/modules/cjs/loader.js:708:14)
    at Function.executeUserEntryPoint [as runMain] (internal/modules/run_main.js:60:12)
    at internal/main/run_main_module.js:17:47
wofl@london:/litehaus-listener$

separate terminal window:

wofl@london:~$ curl http://localhost:4567
curl: (7) Failed to connect to localhost port 4567 after 0 ms: Connection refused
wofl@london:~$
You said:
wofl@london:/litehaus-listener$ sudo apt install -y nodejs
Reading package lists... Done
Building dependency tree... Done
Reading state information... Done
The following packages were automatically installed and are no longer required:
  adwaita-icon-theme at-spi2-core dconf-gsettings-backend dconf-service
  fontconfig gsettings-desktop-schemas gtk-update-icon-cache gyp
  hicolor-icon-theme humanity-icon-theme libatk-bridge2.0-0 libatk1.0-0
  libatk1.0-data libatspi2.0-0 libavahi-client3 libavahi-common-data
  libavahi-common3 libc-ares2 libcairo-gobject2 libcairo2 libcolord2
  libcups2 libdatrie1 libdconf1 libdrm-amdgpu1 libdrm-intel1
  libdrm-nouveau2 libdrm-radeon1 libepoxy0 libfile-basedir-perl
  libfile-desktopentry-perl libfile-mimeinfo-perl libfontenc1 libgl1
  libgl1-amber-dri libgl1-mesa-dri libglapi-mesa libglvnd0 libglx-mesa0
  libglx0 libgraphite2-3 libgtk-3-0 libgtk-3-bin libgtk-3-common
  libgtkd-3-0 libharfbuzz0b libice6 libio-stringy-perl
  libipc-system-simple-perl libjs-events libjs-highlight.js
  libjs-inherits libjs-is-typedarray libjs-psl libjs-source-map
  libjs-sprintf-js libjs-typedarray-to-buffer liblcms2-2 libllvm11
  libllvm15 libnet-dbus-perl libnode-dev libnode72 libpango-1.0-0
  libpangocairo-1.0-0 libpangoft2-1.0-0 libpciaccess0
  libphobos2-ldc-shared98 libpixman-1-0 librsvg2-2 librsvg2-common
  libsensors-config libsensors5 libsm6 libssl-dev libthai-data libthai0
  libtie-ixhash-perl libuv1-dev libvte-2.91-0 libvte-2.91-common
  libvted-3-0 libwayland-client0 libwayland-cursor0 libwayland-egl1
  libx11-protocol-perl libx11-xcb1 libxaw7 libxcb-dri2-0 libxcb-dri3-0
  libxcb-glx0 libxcb-present0 libxcb-randr0 libxcb-render0 libxcb-shape0
  libxcb-shm0 libxcb-sync1 libxcb-xfixes0 libxcomposite1 libxcursor1
  libxdamage1 libxfixes3 libxft2 libxi6 libxinerama1 libxkbcommon0
  libxkbfile1 libxml-parser-perl libxml-twig-perl
  libxml-xpathengine-perl libxmu6 libxrandr2 libxrender1 libxshmfence1
  libxt6 libxtst6 libxv1 libxxf86dga1 libxxf86vm1 node-abab node-abbrev
  node-agent-base node-ansi-regex node-ansi-styles node-ansistyles
  node-aproba node-archy node-are-we-there-yet node-argparse node-arrify
  node-asap node-asynckit node-balanced-match node-brace-expansion
  node-builtins node-chalk node-chownr node-clean-yaml-object
  node-cli-table node-clone node-color-convert node-color-name
  node-colors node-columnify node-combined-stream node-commander
  node-console-control-strings node-core-util-is node-cssom
  node-cssstyle node-debug node-decompress-response node-defaults
  node-delayed-stream node-delegates node-depd node-diff node-encoding
  node-end-of-stream node-err-code node-escape-string-regexp node-events
  node-fancy-log node-foreground-child node-fs-write-stream-atomic
  node-fs.realpath node-function-bind node-gauge node-get-stream
  node-glob node-got node-graceful-fs node-growl node-has-flag
  node-has-unicode node-hosted-git-info node-https-proxy-agent
  node-iconv-lite node-iferr node-imurmurhash node-indent-string
  node-inflight node-inherits node-ini node-ip node-ip-regex
  node-is-buffer node-is-plain-obj node-is-typedarray node-isarray
  node-isexe node-json-buffer node-json-parse-better-errors
  node-jsonparse node-kind-of node-lcov-parse node-lodash-packages
  node-log-driver node-lowercase-keys node-lru-cache node-mimic-response
  node-minimatch node-minimist node-minipass node-ms node-mute-stream
  node-negotiator node-normalize-package-data node-npm-bundled
  node-npm-package-arg node-npmlog node-object-assign node-once
  node-osenv node-p-cancelable node-p-map node-path-is-absolute
  node-process-nextick-args node-promise-inflight node-promise-retry
  node-promzard node-psl node-pump node-punycode node-quick-lru
  node-read node-read-package-json node-readable-stream node-resolve
  node-retry node-rimraf node-run-queue node-safe-buffer node-semver
  node-set-blocking node-signal-exit node-slash node-slice-ansi
  node-source-map node-source-map-support node-spdx-correct
  node-spdx-exceptions node-spdx-expression-parse node-spdx-license-ids
  node-sprintf-js node-ssri node-stack-utils node-stealthy-require
  node-string-decoder node-string-width node-strip-ansi
  node-supports-color node-text-table node-time-stamp node-tmatch
  node-tough-cookie node-typedarray-to-buffer node-unique-filename
  node-universalify node-util-deprecate
  node-validate-npm-package-license node-validate-npm-package-name
  node-wcwidth.js node-webidl-conversions node-whatwg-fetch
  node-wide-align node-wrappy node-write-file-atomic node-yallist
  session-migration tilix tilix-common ubuntu-mono x11-common x11-utils
  x11-xserver-utils xdg-utils
Use 'sudo apt autoremove' to remove them.
The following packages will be upgraded:
  nodejs
1 upgraded, 0 newly installed, 0 to remove and 23 not upgraded.
Need to get 0 B/29.7 MB of archives.
After this operation, 186 MB of additional disk space will be used.
(Reading database ... 124165 files and directories currently installed.)
Preparing to unpack .../nodejs_18.20.8-1nodesource1_amd64.deb ...
Unpacking nodejs (18.20.8-1nodesource1) over (12.22.9~dfsg-1ubuntu3.6) ...
dpkg: error processing archive /var/cache/apt/archives/nodejs_18.20.8-1nodesource1_amd64.deb (--unpack):
 trying to overwrite '/usr/include/node/common.gypi', which is also in package libnode-dev 12.22.9~dfsg-1ubuntu3.6
dpkg-deb: error: paste subprocess was killed by signal (Broken pipe)
Errors were encountered while processing:
 /var/cache/apt/archives/nodejs_18.20.8-1nodesource1_amd64.deb
needrestart is being skipped since dpkg has failed
E: Sub-process /usr/bin/dpkg returned an error code (1)
wofl@london:/litehaus-listener$ node -v
v12.22.9
wofl@london:/litehaus-listener$
You said:
wofl@london:/litehaus-listener$ curl -fsSL https://deb.nodesource.com/setup_18.x | sudo -E bash -
sudo apt install -y nodejs
2025-10-25 03:18:35 - Installing pre-requisites
Hit:1 http://security.ubuntu.com/ubuntu jammy-security InRelease
Hit:2 http://mirrors.digitalocean.com/ubuntu jammy InRelease
Hit:3 http://mirrors.digitalocean.com/ubuntu jammy-updates InRelease
Hit:4 http://mirrors.digitalocean.com/ubuntu jammy-backports InRelease
Hit:5 https://deb.nodesource.com/node_18.x nodistro InRelease
Hit:6 https://repos.insights.digitalocean.com/apt/do-agent main InRelease
Hit:7 https://repos-droplet.digitalocean.com/apt/droplet-agent main InRelease
Reading package lists... Done
Building dependency tree... Done
Reading state information... Done
24 packages can be upgraded. Run 'apt list --upgradable' to see them.
Reading package lists... Done
Building dependency tree... Done
Reading state information... Done
ca-certificates is already the newest version (20240203~22.04.1).
curl is already the newest version (7.81.0-1ubuntu1.21).
gnupg is already the newest version (2.2.27-3ubuntu2.4).
apt-transport-https is already the newest version (2.4.14).
The following packages were automatically installed and are no longer required:
  adwaita-icon-theme at-spi2-core dconf-gsettings-backend dconf-service
  fontconfig gsettings-desktop-schemas gtk-update-icon-cache gyp
  hicolor-icon-theme humanity-icon-theme libatk-bridge2.0-0 libatk1.0-0
  libatk1.0-data libatspi2.0-0 libavahi-client3 libavahi-common-data
  libavahi-common3 libcairo-gobject2 libcairo2 libcolord2 libcups2
  libdatrie1 libdconf1 libdrm-amdgpu1 libdrm-intel1 libdrm-nouveau2
  libdrm-radeon1 libepoxy0 libfile-basedir-perl
  libfile-desktopentry-perl libfile-mimeinfo-perl libfontenc1 libgl1
  libgl1-amber-dri libgl1-mesa-dri libglapi-mesa libglvnd0 libglx-mesa0
  libglx0 libgraphite2-3 libgtk-3-0 libgtk-3-bin libgtk-3-common
  libgtkd-3-0 libharfbuzz0b libice6 libio-stringy-perl
  libipc-system-simple-perl libjs-events libjs-highlight.js
  libjs-inherits libjs-is-typedarray libjs-psl libjs-source-map
  libjs-sprintf-js libjs-typedarray-to-buffer liblcms2-2 libllvm11
  libllvm15 libnet-dbus-perl libpango-1.0-0 libpangocairo-1.0-0
  libpangoft2-1.0-0 libpciaccess0 libphobos2-ldc-shared98 libpixman-1-0
  librsvg2-2 librsvg2-common libsensors-config libsensors5 libsm6
  libssl-dev libthai-data libthai0 libtie-ixhash-perl libuv1-dev
  libvte-2.91-0 libvte-2.91-common libvted-3-0 libwayland-client0
  libwayland-cursor0 libwayland-egl1 libx11-protocol-perl libx11-xcb1
  libxaw7 libxcb-dri2-0 libxcb-dri3-0 libxcb-glx0 libxcb-present0
  libxcb-randr0 libxcb-render0 libxcb-shape0 libxcb-shm0 libxcb-sync1
  libxcb-xfixes0 libxcomposite1 libxcursor1 libxdamage1 libxfixes3
  libxft2 libxi6 libxinerama1 libxkbcommon0 libxkbfile1
  libxml-parser-perl libxml-twig-perl libxml-xpathengine-perl libxmu6
  libxrandr2 libxrender1 libxshmfence1 libxt6 libxtst6 libxv1
  libxxf86dga1 libxxf86vm1 node-abab node-abbrev node-agent-base
  node-ansi-regex node-ansi-styles node-ansistyles node-aproba
  node-archy node-are-we-there-yet node-argparse node-arrify node-asap
  node-asynckit node-balanced-match node-brace-expansion node-builtins
  node-chalk node-chownr node-clean-yaml-object node-cli-table
  node-clone node-color-convert node-color-name node-colors
  node-columnify node-combined-stream node-commander
  node-console-control-strings node-core-util-is node-cssom
  node-cssstyle node-debug node-decompress-response node-defaults
  node-delayed-stream node-delegates node-depd node-diff node-encoding
  node-end-of-stream node-err-code node-escape-string-regexp node-events
  node-fancy-log node-foreground-child node-fs-write-stream-atomic
  node-fs.realpath node-function-bind node-gauge node-get-stream
  node-glob node-got node-graceful-fs node-growl node-has-flag
  node-has-unicode node-hosted-git-info node-https-proxy-agent
  node-iconv-lite node-iferr node-imurmurhash node-indent-string
  node-inflight node-inherits node-ini node-ip node-ip-regex
  node-is-buffer node-is-plain-obj node-is-typedarray node-isarray
  node-isexe node-json-buffer node-json-parse-better-errors
  node-jsonparse node-kind-of node-lcov-parse node-lodash-packages
  node-log-driver node-lowercase-keys node-lru-cache node-mimic-response
  node-minimatch node-minimist node-minipass node-ms node-mute-stream
  node-negotiator node-normalize-package-data node-npm-bundled
  node-npm-package-arg node-npmlog node-object-assign node-once
  node-osenv node-p-cancelable node-p-map node-path-is-absolute
  node-process-nextick-args node-promise-inflight node-promise-retry
  node-promzard node-psl node-pump node-punycode node-quick-lru
  node-read node-read-package-json node-readable-stream node-resolve
  node-retry node-rimraf node-run-queue node-safe-buffer node-semver
  node-set-blocking node-signal-exit node-slash node-slice-ansi
  node-source-map node-source-map-support node-spdx-correct
  node-spdx-exceptions node-spdx-expression-parse node-spdx-license-ids
  node-sprintf-js node-ssri node-stack-utils node-stealthy-require
  node-string-decoder node-string-width node-strip-ansi
  node-supports-color node-text-table node-time-stamp node-tmatch
  node-tough-cookie node-typedarray-to-buffer node-unique-filename
  node-universalify node-util-deprecate
  node-validate-npm-package-license node-validate-npm-package-name
  node-wcwidth.js node-webidl-conversions node-whatwg-fetch
  node-wide-align node-wrappy node-write-file-atomic node-yallist
  session-migration tilix tilix-common ubuntu-mono x11-common x11-utils
  x11-xserver-utils xdg-utils
Use 'sudo apt autoremove' to remove them.
0 upgraded, 0 newly installed, 0 to remove and 24 not upgraded.
Hit:1 http://mirrors.digitalocean.com/ubuntu jammy InRelease
Hit:2 http://mirrors.digitalocean.com/ubuntu jammy-updates InRelease
Hit:3 https://repos.insights.digitalocean.com/apt/do-agent main InRelease
Hit:4 http://mirrors.digitalocean.com/ubuntu jammy-backports InRelease
Hit:5 https://deb.nodesource.com/node_18.x nodistro InRelease
Hit:6 https://repos-droplet.digitalocean.com/apt/droplet-agent main InRelease
Hit:7 http://security.ubuntu.com/ubuntu jammy-security InRelease
Reading package lists... Done
Building dependency tree... Done
Reading state information... Done
24 packages can be upgraded. Run 'apt list --upgradable' to see them.
2025-10-25 03:18:44 - Repository configured successfully.
2025-10-25 03:18:44 - To install Node.js, run: apt install nodejs -y
2025-10-25 03:18:44 - You can use N|solid Runtime as a node.js alternative
2025-10-25 03:18:44 - To install N|solid Runtime, run: apt install nsolid -y

Reading package lists... Done
Building dependency tree... Done
Reading state information... Done
The following packages were automatically installed and are no longer required:
  adwaita-icon-theme at-spi2-core dconf-gsettings-backend dconf-service
  fontconfig gsettings-desktop-schemas gtk-update-icon-cache gyp
  hicolor-icon-theme humanity-icon-theme libatk-bridge2.0-0 libatk1.0-0
  libatk1.0-data libatspi2.0-0 libavahi-client3 libavahi-common-data
  libavahi-common3 libc-ares2 libcairo-gobject2 libcairo2 libcolord2
  libcups2 libdatrie1 libdconf1 libdrm-amdgpu1 libdrm-intel1
  libdrm-nouveau2 libdrm-radeon1 libepoxy0 libfile-basedir-perl
  libfile-desktopentry-perl libfile-mimeinfo-perl libfontenc1 libgl1
  libgl1-amber-dri libgl1-mesa-dri libglapi-mesa libglvnd0 libglx-mesa0
  libglx0 libgraphite2-3 libgtk-3-0 libgtk-3-bin libgtk-3-common
  libgtkd-3-0 libharfbuzz0b libice6 libio-stringy-perl
  libipc-system-simple-perl libjs-events libjs-highlight.js
  libjs-inherits libjs-is-typedarray libjs-psl libjs-source-map
  libjs-sprintf-js libjs-typedarray-to-buffer liblcms2-2 libllvm11
  libllvm15 libnet-dbus-perl libnode72 libpango-1.0-0
  libpangocairo-1.0-0 libpangoft2-1.0-0 libpciaccess0
  libphobos2-ldc-shared98 libpixman-1-0 librsvg2-2 librsvg2-common
  libsensors-config libsensors5 libsm6 libssl-dev libthai-data libthai0
  libtie-ixhash-perl libuv1-dev libvte-2.91-0 libvte-2.91-common
  libvted-3-0 libwayland-client0 libwayland-cursor0 libwayland-egl1
  libx11-protocol-perl libx11-xcb1 libxaw7 libxcb-dri2-0 libxcb-dri3-0
  libxcb-glx0 libxcb-present0 libxcb-randr0 libxcb-render0 libxcb-shape0
  libxcb-shm0 libxcb-sync1 libxcb-xfixes0 libxcomposite1 libxcursor1
  libxdamage1 libxfixes3 libxft2 libxi6 libxinerama1 libxkbcommon0
  libxkbfile1 libxml-parser-perl libxml-twig-perl
  libxml-xpathengine-perl libxmu6 libxrandr2 libxrender1 libxshmfence1
  libxt6 libxtst6 libxv1 libxxf86dga1 libxxf86vm1 node-abab node-abbrev
  node-agent-base node-ansi-regex node-ansi-styles node-ansistyles
  node-aproba node-archy node-are-we-there-yet node-argparse node-arrify
  node-asap node-asynckit node-balanced-match node-brace-expansion
  node-builtins node-chalk node-chownr node-clean-yaml-object
  node-cli-table node-clone node-color-convert node-color-name
  node-colors node-columnify node-combined-stream node-commander
  node-console-control-strings node-core-util-is node-cssom
  node-cssstyle node-debug node-decompress-response node-defaults
  node-delayed-stream node-delegates node-depd node-diff node-encoding
  node-end-of-stream node-err-code node-escape-string-regexp node-events
  node-fancy-log node-foreground-child node-fs-write-stream-atomic
  node-fs.realpath node-function-bind node-gauge node-get-stream
  node-glob node-got node-graceful-fs node-growl node-has-flag
  node-has-unicode node-hosted-git-info node-https-proxy-agent
  node-iconv-lite node-iferr node-imurmurhash node-indent-string
  node-inflight node-inherits node-ini node-ip node-ip-regex
  node-is-buffer node-is-plain-obj node-is-typedarray node-isarray
  node-isexe node-json-buffer node-json-parse-better-errors
  node-jsonparse node-kind-of node-lcov-parse node-lodash-packages
  node-log-driver node-lowercase-keys node-lru-cache node-mimic-response
  node-minimatch node-minimist node-minipass node-ms node-mute-stream
  node-negotiator node-normalize-package-data node-npm-bundled
  node-npm-package-arg node-npmlog node-object-assign node-once
  node-osenv node-p-cancelable node-p-map node-path-is-absolute
  node-process-nextick-args node-promise-inflight node-promise-retry
  node-promzard node-psl node-pump node-punycode node-quick-lru
  node-read node-read-package-json node-readable-stream node-resolve
  node-retry node-rimraf node-run-queue node-safe-buffer node-semver
  node-set-blocking node-signal-exit node-slash node-slice-ansi
  node-source-map node-source-map-support node-spdx-correct
  node-spdx-exceptions node-spdx-expression-parse node-spdx-license-ids
  node-sprintf-js node-ssri node-stack-utils node-stealthy-require
  node-string-decoder node-string-width node-strip-ansi
  node-supports-color node-text-table node-time-stamp node-tmatch
  node-tough-cookie node-typedarray-to-buffer node-unique-filename
  node-universalify node-util-deprecate
  node-validate-npm-package-license node-validate-npm-package-name
  node-wcwidth.js node-webidl-conversions node-whatwg-fetch
  node-wide-align node-wrappy node-write-file-atomic node-yallist
  session-migration tilix tilix-common ubuntu-mono x11-common x11-utils
  x11-xserver-utils xdg-utils
Use 'sudo apt autoremove' to remove them.
The following packages will be upgraded:
  nodejs
1 upgraded, 0 newly installed, 0 to remove and 23 not upgraded.
Need to get 0 B/29.7 MB of archives.
After this operation, 186 MB of additional disk space will be used.
(Reading database ... 123117 files and directories currently installed.)
Preparing to unpack .../nodejs_18.20.8-1nodesource1_amd64.deb ...
Unpacking nodejs (18.20.8-1nodesource1) over (12.22.9~dfsg-1ubuntu3.6) ...
dpkg: error processing archive /var/cache/apt/archives/nodejs_18.20.8-1nodesource1_amd64.deb (--unpack):
 trying to overwrite '/usr/share/systemtap/tapset/node.stp', which is also in package libnode72:amd64 12.22.9~dfsg-1ubuntu3.6
Errors were encountered while processing:
 /var/cache/apt/archives/nodejs_18.20.8-1nodesource1_amd64.deb
needrestart is being skipped since dpkg has failed
E: Sub-process /usr/bin/dpkg returned an error code (1)
wofl@london:/litehaus-listener$
You said:
now i have litehaus listener ok what dod i type to see the output o the litehaus listener fren?
You said:
wofl@london:/litehaus-listener$ curl http://localhost:4567
Litehaus Listener OK
wofl@london:/litehaus-listener$ sudo journalctl -u litehaus-listener.service -f
Oct 25 03:13:46 london node[958359]:     at internal/main/run_main_module.js:17:47
Oct 25 03:13:46 london systemd[1]: litehaus-listener.service: Main process exited, code=exited, status=1/FAILURE
Oct 25 03:13:46 london systemd[1]: litehaus-listener.service: Failed with result 'exit-code'.
Oct 25 03:13:46 london systemd[1]: litehaus-listener.service: Scheduled restart job, restart counter is at 5.
Oct 25 03:13:46 london systemd[1]: Stopped Global Litehaus Listener.
Oct 25 03:13:46 london systemd[1]: litehaus-listener.service: Start request repeated too quickly.
Oct 25 03:13:46 london systemd[1]: litehaus-listener.service: Failed with result 'exit-code'.
Oct 25 03:13:46 london systemd[1]: Failed to start Global Litehaus Listener.
Oct 25 03:25:24 london systemd[1]: Started Global Litehaus Listener.
Oct 25 03:25:24 london node[964112]: Global Listener active on port 4567
^C
wofl@london:/litehaus-listener$ sudo journalctl -u litehaus-listener.service -f
Oct 25 03:13:46 london node[958359]:     at internal/main/run_main_module.js:17:47
Oct 25 03:13:46 london systemd[1]: litehaus-listener.service: Main process exited, code=exited, status=1/FAILURE
Oct 25 03:13:46 london systemd[1]: litehaus-listener.service: Failed with result 'exit-code'.
Oct 25 03:13:46 london systemd[1]: litehaus-listener.service: Scheduled restart job, restart counter is at 5.
Oct 25 03:13:46 london systemd[1]: Stopped Global Litehaus Listener.
Oct 25 03:13:46 london systemd[1]: litehaus-listener.service: Start request repeated too quickly.
Oct 25 03:13:46 london systemd[1]: litehaus-listener.service: Failed with result 'exit-code'.
Oct 25 03:13:46 london systemd[1]: Failed to start Global Litehaus Listener.
Oct 25 03:25:24 london systemd[1]: Started Global Litehaus Listener.
Oct 25 03:25:24 london node[964112]: Global Listener active on port 4567
^C
wofl@london:/litehaus-listener$ sudo systemctl stop litehaus-listener.service
sudo node /litehaus-listener/server.js
Global Listener active on port 4567
^C
wofl@london:/litehaus-listener$ curl -X POST http://<listener-ip>:4567/ping \
     -H "Content-Type: application/json" \
     -d '{"region":"LONDON","signal":"TEST"}'
-bash: listener-ip: No such file or directory
wofl@london:/litehaus-listener$
You said:
wofl@mail:~$ curl -X POST http://138.68.142.181:4567/ping      -H "Content-Type: application/json"      -d '{"region":"SINGAPORE","signal":"HELLO"}'

fren i got this but nothing is happening now - but no error:
You said:
wofl@london:~$ sudo journalctl -u litehaus-listener.service -f
[sudo] password for wofl:
Oct 25 03:13:46 london systemd[1]: litehaus-listener.service: Scheduled restart job, restart counter is at 5.
Oct 25 03:13:46 london systemd[1]: Stopped Global Litehaus Listener.
Oct 25 03:13:46 london systemd[1]: litehaus-listener.service: Start request repeated too quickly.
Oct 25 03:13:46 london systemd[1]: litehaus-listener.service: Failed with result 'exit-code'.
Oct 25 03:13:46 london systemd[1]: Failed to start Global Litehaus Listener.
Oct 25 03:25:24 london systemd[1]: Started Global Litehaus Listener.
Oct 25 03:25:24 london node[964112]: Global Listener active on port 4567
Oct 25 03:28:47 london systemd[1]: Stopping Global Litehaus Listener...
Oct 25 03:28:47 london systemd[1]: litehaus-listener.service: Deactivated successfully.
Oct 25 03:28:47 london systemd[1]: Stopped Global Litehaus Listener.
^C
wofl@london:~$
You said:
sure thing pal
You said:
peteyyyyyyyy - waht am i doin' worng?:

wofl@wofl-BFT0:/mnt/d/code/ultimate_lighthouse/build-litehaus$ scp -p 22 /mnt/d/code/ultimate_lighthouse/build-litehaus/litehaus-nyc.zip wofl@137.184.105.114:/opt/litehaus-nyc.zip
You said:
frennnnnnnn - halllllllp!!!! why it deny perm? i checked my pwd - in console on DO, and i checked everything else under sun i could think of and tried sudo and tried wsl ubuntu and and and - yet it just say perm deny! wahhhhh!

PS D:\code\ultimate_lighthouse\build-litehaus> scp -P 22 D:/code/ultimate_lighthouse/build-litehaus/litehaus-nyc.zip wofl@137.184.105.114:/opt/litehaus-nyc.zip
The authenticity of host '137.184.105.114 (137.184.105.114)' can't be established.
ED25519 key fingerprint is SHA256:XhjyLF0GhSGHPDXlJFuZzkmpYNc0unnYc6TYuzCOeI0.
This key is not known by any other names.
Are you sure you want to continue connecting (yes/no/[fingerprint])?
Failed to add the host to the list of known hosts (C:\\Users\\phine/.ssh/known_hosts).
wofl@137.184.105.114's password:
C:\WINDOWS\System32\OpenSSH\scp.exe: dest open "/opt/litehaus-nyc.zip": Permission denied
C:\WINDOWS\System32\OpenSSH\scp.exe: failed to upload file D:/code/ultimate_lighthouse/build-litehaus/litehaus-nyc.zip to /opt/litehaus-nyc.zip
PS D:\code\ultimate_lighthouse\build-litehaus>


You said:
freee-eeee-eee-nnnnnnn - there _is_ no .ssh folder!!!!
You said:
fren, liken wt-actual-f? it isn't, it is? i can, i can;t?
You said:
S D:\code\ultimate_lighthouse\build-litehaus> mkdir "$env:USERPROFILE\.ssh" -Force
PS D:\code\ultimate_lighthouse\build-litehaus> New-Item -Path "$env:USERPROFILE\.ssh\known_hosts" -ItemType File -Force
New-Item : Could not find a part of the path 'C:\Users\phine\.ssh\known_hosts'.
At line:1 char:1
+ New-Item -Path "$env:USERPROFILE\.ssh\known_hosts" -ItemType File -Fo ...
+ ~~~~~~~~~~~~~~~~~~~~~~~~~~~~~~~~~~~~~~~~~~~~~~~~~~~~~~~~~~~~~~~~~~~~~
    + CategoryInfo          : WriteError: (C:\Users\phine\.ssh\known_hosts:String) [New-Item], DirectoryNotFoundException
    + FullyQualifiedErrorId : NewItemIOError,Microsoft.PowerShell.Commands.NewItemCommand

PS D:\code\ultimate_lighthouse\build-litehaus>
You said:
PS D:\code\ultimate_lighthouse\build-litehaus> Set-Location C:\
PS C:\> mkdir "$env:USERPROFILE\.ssh" -Force
PS C:\> New-Item -Path "$env:USERPROFILE\.ssh\known_hosts" -ItemType File -Force
New-Item : Could not find a part of the path 'C:\Users\phine\.ssh\known_hosts'.
At line:1 char:1
+ New-Item -Path "$env:USERPROFILE\.ssh\known_hosts" -ItemType File -Fo ...
+ ~~~~~~~~~~~~~~~~~~~~~~~~~~~~~~~~~~~~~~~~~~~~~~~~~~~~~~~~~~~~~~~~~~~~~
    + CategoryInfo          : WriteError: (C:\Users\phine\.ssh\known_hosts:String) [New-Item], DirectoryNotFoundException
    + FullyQualifiedErrorId : NewItemIOError,Microsoft.PowerShell.Commands.NewItemCommand

PS C:\>
You said:
ok fren, we're finally back to where we should've been about 2hrs ago - i.e. what happened with the first scriptm, where some packages werre bronkened. can we fiux the install-litehaus.sh script to not have the bronkened packegaes issues so this times and in future it installs corectly first go?
You said:
wofl@fastping:/opt$ sudo ./install-litehaus.sh
==> Starting Litehaus installation at Sat Oct 25 00:14:03 EDT 2025
Hit:1 http://security.ubuntu.com/ubuntu jammy-security InRelease
Hit:2 http://mirrors.digitalocean.com/ubuntu jammy InRelease
Hit:3 http://mirrors.digitalocean.com/ubuntu jammy-updates InRelease
Hit:4 http://mirrors.digitalocean.com/ubuntu jammy-backports InRelease
Hit:5 https://repos.insights.digitalocean.com/apt/do-agent main InRelease
Hit:6 https://deb.nodesource.com/node_20.x nodistro InRelease
Hit:7 https://repos-droplet.digitalocean.com/apt/droplet-agent main InRelease
Reading package lists... Done
Building dependency tree... Done
Reading state information... Done
20 packages can be upgraded. Run 'apt list --upgradable' to see them.
Reading package lists... Done
Building dependency tree... Done
Reading state information... Done
lsb-release is already the newest version (11.1.0ubuntu4).
lsb-release set to manually installed.
zip is already the newest version (3.0-12build2).
ca-certificates is already the newest version (20240203~22.04.1).
curl is already the newest version (7.81.0-1ubuntu1.21).
gnupg is already the newest version (2.2.27-3ubuntu2.4).
software-properties-common is already the newest version (0.99.22.9).
software-properties-common set to manually installed.
unzip is already the newest version (6.0-26ubuntu3.2).
apt-transport-https is already the newest version (2.4.14).
0 upgraded, 0 newly installed, 0 to remove and 20 not upgraded.
==> Cleaning up possible broken packages
Reading package lists... Done
Building dependency tree... Done
Reading state information... Done
Package 'libnode-dev' is not installed, so not removed
Package 'libnode72' is not installed, so not removed
The following packages will be REMOVED:
  nodejs
0 upgraded, 0 newly installed, 1 to remove and 19 not upgraded.
After this operation, 199 MB disk space will be freed.
(Reading database ... 112718 files and directories currently installed.)
Removing nodejs (20.19.4-1nodesource1) ...
Processing triggers for man-db (2.10.2-1) ...
Reading package lists... Done
Building dependency tree... Done
Reading state information... Done
0 upgraded, 0 newly installed, 0 to remove and 19 not upgraded.
Reading package lists... Done
Building dependency tree... Done
Reading state information... Done
==> Installing Node.js 18 LTS cleanly
2025-10-25 00:14:15 - Installing pre-requisites
Hit:1 http://security.ubuntu.com/ubuntu jammy-security InRelease
Hit:2 http://mirrors.digitalocean.com/ubuntu jammy InRelease
Hit:3 http://mirrors.digitalocean.com/ubuntu jammy-updates InRelease
Hit:4 http://mirrors.digitalocean.com/ubuntu jammy-backports InRelease
Hit:5 https://repos.insights.digitalocean.com/apt/do-agent main InRelease
Hit:6 https://deb.nodesource.com/node_20.x nodistro InRelease
Hit:7 https://repos-droplet.digitalocean.com/apt/droplet-agent main InRelease
Reading package lists... Done
Building dependency tree... Done
Reading state information... Done
19 packages can be upgraded. Run 'apt list --upgradable' to see them.
Reading package lists... Done
Building dependency tree... Done
Reading state information... Done
ca-certificates is already the newest version (20240203~22.04.1).
curl is already the newest version (7.81.0-1ubuntu1.21).
gnupg is already the newest version (2.2.27-3ubuntu2.4).
apt-transport-https is already the newest version (2.4.14).
0 upgraded, 0 newly installed, 0 to remove and 19 not upgraded.
Hit:1 http://mirrors.digitalocean.com/ubuntu jammy InRelease
Hit:2 http://mirrors.digitalocean.com/ubuntu jammy-updates InRelease
Hit:3 http://mirrors.digitalocean.com/ubuntu jammy-backports InRelease
Hit:4 https://repos.insights.digitalocean.com/apt/do-agent main InRelease
Hit:5 http://security.ubuntu.com/ubuntu jammy-security InRelease
Get:6 https://deb.nodesource.com/node_18.x nodistro InRelease [12.1 kB]
Hit:7 https://repos-droplet.digitalocean.com/apt/droplet-agent main InRelease
Get:8 https://deb.nodesource.com/node_18.x nodistro/main amd64 Packages [11.6 kB]
Fetched 23.7 kB in 1s (25.0 kB/s)
Reading package lists... Done
Building dependency tree... Done
Reading state information... Done
19 packages can be upgraded. Run 'apt list --upgradable' to see them.
2025-10-25 00:14:24 - Repository configured successfully.
2025-10-25 00:14:24 - To install Node.js, run: apt install nodejs -y
2025-10-25 00:14:24 - You can use N|solid Runtime as a node.js alternative
2025-10-25 00:14:24 - To install N|solid Runtime, run: apt install nsolid -y

Reading package lists... Done
Building dependency tree... Done
Reading state information... Done
The following NEW packages will be installed:
  nodejs
0 upgraded, 1 newly installed, 0 to remove and 19 not upgraded.
Need to get 29.7 MB of archives.
After this operation, 187 MB of additional disk space will be used.
Get:1 https://deb.nodesource.com/node_18.x nodistro/main amd64 nodejs amd64 18.20.8-1nodesource1 [29.7 MB]
Fetched 29.7 MB in 1s (58.7 MB/s)
Selecting previously unselected package nodejs.
(Reading database ... 107356 files and directories currently installed.)
Preparing to unpack .../nodejs_18.20.8-1nodesource1_amd64.deb ...
Unpacking nodejs (18.20.8-1nodesource1) ...
Setting up nodejs (18.20.8-1nodesource1) ...
Processing triggers for man-db (2.10.2-1) ...
NEEDRESTART-VER: 3.5
NEEDRESTART-KCUR: 5.15.0-151-generic
NEEDRESTART-KEXP: 5.15.0-160-generic
NEEDRESTART-KSTA: 3
NEEDRESTART-SVC: cron.service
NEEDRESTART-SVC: dailystonks-node.service
NEEDRESTART-SVC: dbus.service
NEEDRESTART-SVC: dovecot.service
NEEDRESTART-SVC: multipathd.service
NEEDRESTART-SVC: networkd-dispatcher.service
NEEDRESTART-SVC: nginx.service
NEEDRESTART-SVC: packagekit.service
NEEDRESTART-SVC: polkit.service
NEEDRESTART-SVC: postfix@-.service
NEEDRESTART-SVC: rsyslog.service
NEEDRESTART-SVC: serial-getty@ttyS0.service
NEEDRESTART-SVC: ssh.service
NEEDRESTART-SVC: systemd-journald.service
NEEDRESTART-SVC: systemd-logind.service
NEEDRESTART-SVC: systemd-manager
NEEDRESTART-SVC: systemd-networkd.service
NEEDRESTART-SVC: systemd-resolved.service
NEEDRESTART-SVC: systemd-timesyncd.service
NEEDRESTART-SVC: systemd-udevd.service
NEEDRESTART-SVC: unattended-upgrades.service
NEEDRESTART-SVC: user@1000.service
NEEDRESTART-SVC: watchdog.service
v18.20.8
10.8.2
Reading package lists... Done
Building dependency tree... Done
Reading state information... Done
Some packages could not be installed. This may mean that you have
requested an impossible situation or if you are using the unstable
distribution that some required packages have not yet been created
or been moved out of Incoming.
The following information may help to resolve the situation:

The following packages have unmet dependencies:
 npm : Depends: node-agent-base but it is not going to be installed
       Depends: node-aproba but it is not going to be installed
       Depends: node-archy but it is not going to be installed
       Depends: node-cacache but it is not going to be installed
       Depends: node-chalk but it is not going to be installed
       Depends: node-cli-table3
       Depends: node-colors but it is not going to be installed
       Depends: node-columnify but it is not going to be installed
       Depends: node-debug but it is not going to be installed
       Depends: node-emoji-regex
       Depends: node-got but it is not going to be installed
       Depends: node-graceful-fs but it is not going to be installed
       Depends: node-gyp but it is not going to be installed
       Depends: node-https-proxy-agent but it is not going to be installed
       Depends: node-mkdirp but it is not going to be installed
       Depends: node-ms but it is not going to be installed
       Depends: node-nopt but it is not going to be installed
       Depends: node-normalize-package-data but it is not going to be installed
       Depends: node-npm-package-arg but it is not going to be installed
       Depends: node-npmlog but it is not going to be installed
       Depends: node-read-package-json but it is not going to be installed
       Depends: node-rimraf but it is not going to be installed
       Depends: node-semver but it is not going to be installed
       Depends: node-ssri but it is not going to be installed
       Depends: node-string-width but it is not going to be installed
       Depends: node-strip-ansi but it is not going to be installed
       Depends: node-tar but it is not going to be installed
       Depends: node-validate-npm-package-name but it is not going to be installed
       Depends: node-which but it is not going to be installed
       Depends: node-write-file-atomic but it is not going to be installed
       Depends: nodejs:any (>= 10)
       Recommends: node-tap but it is not going to be installed
E: Unable to correct problems, you have held broken packages.
wofl@fastping:/opt$ node -v
v18.20.8
wofl@fastping:/opt$ sudo journalctl -u litehaus-listener.service -f

^C
wofl@fastping:/opt$ sudo journalctl -u litehaus-listener.service -f
^C
wofl@fastping:/opt$ cd ..
wofl@fastping:/$ cd home/wofl
wofl@fastping:~$ sudo journalctl -u litehaus-listener.service -f
^C
wofl@fastping:~$
You said:
wofl@fastping:/opt$ sudo ./install-litehaus.sh
./install-litehaus.sh: 2: [[: not found
./install-litehaus.sh: 8: set: Illegal option -o pipefail
wofl@fastping:/opt$
You said:

wofl@fastping:~$ sudo apt purge -y npm node-* libnode72 libnode-dev || true
sudo apt autoremove -y
sudo apt autoclean -y
sudo dpkg --configure -a
Reading package lists... Done
Building dependency tree... Done
Reading state information... Done
Note, selecting 'node-types-postcss-reporter' for glob 'node-*'
Note, selecting 'node-d3-chord' for glob 'node-*'
Note, selecting 'node-elliptic' for glob 'node-*'
Note, selecting 'node-types-lodash.after' for glob 'node-*'
Note, selecting 'node-natural-sort' for glob 'node-*'
Note, selecting 'node-plur' for glob 'node-*'
Note, selecting 'node-pikaday' for glob 'node-*'
Note, selecting 'node-istanbul-lib-hook' for glob 'node-*'
Note, selecting 'node-camelcase-keys' for glob 'node-*'
Note, selecting 'node-responselike' for glob 'node-*'
Note, selecting 'node-inline-source-map' for glob 'node-*'
Note, selecting 'node-types-querystringify' for glob 'node-*'
Note, selecting 'node-types-raw-body' for glob 'node-*'
Note, selecting 'node-d3-hierarchy' for glob 'node-*'
Note, selecting 'node-css-tree' for glob 'node-*'
Note, selecting 'node-types-babel-code-frame' for glob 'node-*'
Note, selecting 'node-picocolors' for glob 'node-*'
Note, selecting 'node-string-length' for glob 'node-*'
Note, selecting 'node-types-minimatch' for glob 'node-*'
Note, selecting 'node-promise' for glob 'node-*'
Note, selecting 'node-babel-plugin-minify-numeric-literals' for glob 'node-*'...

...
Package 'node-sha.js' is not installed, so not removed
Package 'node-xmldom' is not installed, so not removed
0 upgraded, 0 newly installed, 0 to remove and 19 not upgraded.
Reading package lists... Done
Building dependency tree... Done
Reading state information... Done
0 upgraded, 0 newly installed, 0 to remove and 19 not upgraded.
Reading package lists... Done
Building dependency tree... Done
Reading state information... Done
==> Installing clean npm via Node.js
./install-litehaus.sh: line 53: npm: command not found
wofl@fastping:/opt$

You said:
wofl@fastping:/opt$ node -v
npm -v
v18.20.8
Command 'npm' not found, but can be installed with:
sudo apt install npm
wofl@fastping:/opt$ sudo npm install -g npm@10.8.2
sudo: npm: command not found
wofl@fastping:/opt$ sudo corepack prepare npm@10.8.2 --activate
Preparing npm@10.8.2 for immediate activation...
wofl@fastping:/opt$ sudo npm install -g npm@10.8.2
sudo: npm: command not found
wofl@fastping:/opt$
You said:
Package 'libnode72' is not installed, so not removed
Package 'node-browserify-sign' is not installed, so not removed
Package 'node-cipher-base' is not installed, so not removed
Package 'node-eventsource' is not installed, so not removed
Package 'node-hawk' is not installed, so not removed
Package 'node-moment' is not installed, so not removed
Package 'node-sha.js' is not installed, so not removed
Package 'node-xmldom' is not installed, so not removed
0 upgraded, 0 newly installed, 0 to remove and 19 not upgraded.
Reading package lists... Done
Building dependency tree... Done
Reading state information... Done
0 upgraded, 0 newly installed, 0 to remove and 19 not upgraded.
Reading package lists... Done
Building dependency tree... Done
Reading state information... Done
==> Installing clean npm via Node.js
npm error code EBADENGINE
npm error engine Unsupported engine
npm error engine Not compatible with your version of node/npm: npm@11.6.2
npm error notsup Not compatible with your version of node/npm: npm@11.6.2
npm error notsup Required: {"node":"^20.17.0 || >=22.9.0"}
npm error notsup Actual:   {"npm":"10.8.2","node":"v18.20.8"}
npm error A complete log of this run can be found in: /root/.npm/_logs/2025-10-25T04_38_04_405Z-debug-0.log
wofl@fastping:/opt$
You said:
yis pls
You said:
fren, i'm still  not getting a response when i run the listener tho - even tho it seemd to install the litehaus perfecc? :<

dpkg: warning: while removing nodejs, directory '/usr/lib/node_modules/npm/node_modules/@npmcli/query' not empty so not removed
dpkg: warning: while removing nodejs, directory '/usr/lib/node_modules/npm/node_modules/@npmcli/promise-spawn' not empty so not removed
dpkg: warning: while removing nodejs, directory '/usr/lib/node_modules/npm/node_modules/@npmcli/package-json' not empty so not removed
dpkg: warning: while removing nodejs, directory '/usr/lib/node_modules/npm/node_modules/@npmcli/name-from-folder' not empty so not removed
dpkg: warning: while removing nodejs, directory '/usr/lib/node_modules/npm/node_modules/@npmcli/metavuln-calculator' not empty so not removed
dpkg: warning: while removing nodejs, directory '/usr/lib/node_modules/npm/node_modules/@npmcli/map-workspaces' not empty so not removed
dpkg: warning: while removing nodejs, directory '/usr/lib/node_modules/npm/node_modules/@npmcli/installed-package-contents' not empty so not removed
dpkg: warning: while removing nodejs, directory '/usr/lib/node_modules/npm/node_modules/@npmcli/git' not empty so not removed
dpkg: warning: while removing nodejs, directory '/usr/lib/node_modules/npm/node_modules/@npmcli/fs/lib/cp' not empty so not removed
dpkg: warning: while removing nodejs, directory '/usr/lib/node_modules/npm/node_modules/@npmcli/config' not empty so not removed
dpkg: warning: while removing nodejs, directory '/usr/lib/node_modules/npm/node_modules/@npmcli/arborist' not empty so not removed
dpkg: warning: while removing nodejs, directory '/usr/lib/node_modules/npm/node_modules/@isaacs/string-locale-compare' not empty so not removed
dpkg: warning: while removing nodejs, directory '/usr/lib/node_modules/npm/node_modules/@isaacs/cliui/node_modules/emoji-regex' not empty so not removed
dpkg: warning: while removing nodejs, directory '/usr/lib/node_modules/npm/docs' not empty so not removed
Processing triggers for man-db (2.10.2-1) ...
Reading package lists... Done
Building dependency tree... Done
Reading state information... Done
0 upgraded, 0 newly installed, 0 to remove and 19 not upgraded.
Reading package lists... Done
Building dependency tree... Done
Reading state information... Done
==> Installing Node.js 18 LTS cleanly
2025-10-25 00:44:33 - Installing pre-requisites
Hit:1 http://security.ubuntu.com/ubuntu jammy-security InRelease
Hit:2 http://mirrors.digitalocean.com/ubuntu jammy InRelease
Hit:3 http://mirrors.digitalocean.com/ubuntu jammy-updates InRelease
Hit:4 http://mirrors.digitalocean.com/ubuntu jammy-backports InRelease
Hit:5 https://repos-droplet.digitalocean.com/apt/droplet-agent main InRelease
Hit:6 https://deb.nodesource.com/node_18.x nodistro InRelease
Hit:7 https://repos.insights.digitalocean.com/apt/do-agent main InRelease
Reading package lists... Done
Building dependency tree... Done
Reading state information... Done
19 packages can be upgraded. Run 'apt list --upgradable' to see them.
Reading package lists... Done
Building dependency tree... Done
Reading state information... Done
ca-certificates is already the newest version (20240203~22.04.1).
curl is already the newest version (7.81.0-1ubuntu1.21).
gnupg is already the newest version (2.2.27-3ubuntu2.4).
apt-transport-https is already the newest version (2.4.14).
0 upgraded, 0 newly installed, 0 to remove and 19 not upgraded.
Hit:1 http://mirrors.digitalocean.com/ubuntu jammy InRelease
Hit:2 http://mirrors.digitalocean.com/ubuntu jammy-updates InRelease
Hit:3 http://mirrors.digitalocean.com/ubuntu jammy-backports InRelease
Hit:4 https://deb.nodesource.com/node_18.x nodistro InRelease
Hit:5 https://repos-droplet.digitalocean.com/apt/droplet-agent main InRelease
Hit:6 http://security.ubuntu.com/ubuntu jammy-security InRelease
Hit:7 https://repos.insights.digitalocean.com/apt/do-agent main InRelease
Reading package lists... Done
Building dependency tree... Done
Reading state information... Done
19 packages can be upgraded. Run 'apt list --upgradable' to see them.
2025-10-25 00:44:43 - Repository configured successfully.
2025-10-25 00:44:43 - To install Node.js, run: apt install nodejs -y
2025-10-25 00:44:43 - You can use N|solid Runtime as a node.js alternative
2025-10-25 00:44:43 - To install N|solid Runtime, run: apt install nsolid -y

Reading package lists... Done
Building dependency tree... Done
Reading state information... Done
The following NEW packages will be installed:
  nodejs
0 upgraded, 1 newly installed, 0 to remove and 19 not upgraded.
Need to get 29.7 MB of archives.
After this operation, 187 MB of additional disk space will be used.
Get:1 https://deb.nodesource.com/node_18.x nodistro/main amd64 nodejs amd64 18.20.8-1nodesource1 [29.7 MB]
Fetched 29.7 MB in 0s (63.7 MB/s)
Selecting previously unselected package nodejs.
(Reading database ... 107356 files and directories currently installed.)
Preparing to unpack .../nodejs_18.20.8-1nodesource1_amd64.deb ...
Detected old npm client, removing...
Unpacking nodejs (18.20.8-1nodesource1) ...
Setting up nodejs (18.20.8-1nodesource1) ...
Processing triggers for man-db (2.10.2-1) ...
Scanning processes...
Scanning candidates...
Scanning linux images...

Restarting services...
 /etc/needrestart/restart.d/systemd-manager
 systemctl restart cron.service dailystonks-node.service dovecot.service multipathd.service nginx.service packagekit.service polkit.service postfix@-.service rsyslog.service serial-getty@ttyS0.service ssh.service systemd-journald.service systemd-networkd.service systemd-resolved.service systemd-timesyncd.service systemd-udevd.service watchdog.service
Job for watchdog.service canceled.
Service restarts being deferred:
 /etc/needrestart/restart.d/dbus.service
 systemctl restart networkd-dispatcher.service
 systemctl restart systemd-logind.service
 systemctl restart unattended-upgrades.service
 systemctl restart user@1000.service

No containers need to be restarted.

No user sessions are running outdated binaries.

No VM guests are running outdated hypervisor (qemu) binaries on this host.
==> Using npm@10.8.2 for Node v18
Installed Node: v18.20.8
Installed npm:  10.8.2
==> Node.js and npm installation verified OK
==> Litehaus install sequence complete at Sat Oct 25 00:45:04 EDT 2025
wofl@fastping:/opt$ sudo journalctl -u litehaus-listener.service -f
You said:
fren, don't we need to make the sender server.js too tho? we only made listener server.js by my calc?

wofl@fastping:/opt$ sudo nano server.js
wofl@fastping:/opt$ node /litehaus-listener/server.js
node:internal/modules/cjs/loader:1143
  throw err;
  ^

Error: Cannot find module '/litehaus-listener/server.js'
    at Module._resolveFilename (node:internal/modules/cjs/loader:1140:15)
    at Module._load (node:internal/modules/cjs/loader:981:27)
    at Function.executeUserEntryPoint [as runMain] (node:internal/modules/run_main:128:12)
    at node:internal/main/run_main_module:28:49 {
  code: 'MODULE_NOT_FOUND',
  requireStack: []
}

Node.js v18.20.8
wofl@fastping:/opt$ sudo mkdir /litehaus-listener/
wofl@fastping:/opt$ sudo nano server.js
wofl@fastping:/opt$ sudo nano /litehaus-listener/server.js
wofl@fastping:/opt$ sudo systemctl status litehaus-listener.service
Unit litehaus-listener.service could not be found.
wofl@fastping:/opt$ sudo ss -tulnp | grep 4567
wofl@fastping:/opt$ sudo journalctl -u litehaus-listener.service -f
^O^C
wofl@fastping:/opt$
You said:
peteyyy - how do i dleete a directory plus contents recursively in linux?
You said:
fren,  it stilll freezes wjhen trying to run the beacon/listener, buuuuuuuut, when i checked journalctl:

Oct 25 01:10:23 fastping systemd[964731]: Closed debconf communication socket.
Oct 25 01:10:23 fastping systemd[964731]: Closed REST API socket for snapd user session agent.
Oct 25 01:10:23 fastping systemd[964731]: Removed slice User Application Slice.
Oct 25 01:10:23 fastping systemd[964731]: Reached target Shutdown.
Oct 25 01:10:23 fastping systemd[964731]: Finished Exit the Session.
Oct 25 01:10:23 fastping systemd[964731]: Reached target Exit the Session.
-- Boot cf9fce382d0743b4afaf3e149065edeb --
Oct 25 01:12:50 fastping node[710]: 🚀 Server running on http://127.0.0.1:3000
Oct 25 01:15:33 fastping systemd-xdg-autostart-generator[1594]: Exec binary '/usr/libexec/at-spi-bus-launcher' does not exist: No such file or directory
Oct 25 01:15:33 fastping systemd-xdg-autostart-generator[1594]: Not generating service for XDG autostart app-at\x2dspi\x2ddbus\x2dbus@autostart.service, er>
Oct 25 01:15:33 fastping systemd[1589]: Queued start job for default target Main User Target.
Oct 25 01:15:33 fastping systemd[1589]: Created slice User Application Slice.
Oct 25 01:15:33 fastping systemd[1589]: Reached target Paths.
Oct 25 01:15:33 fastping systemd[1589]: Reached target Timers.
Oct 25 01:15:33 fastping systemd[1589]: Starting D-Bus User Message Bus Socket...
Oct 25 01:15:33 fastping systemd[1589]: Listening on GnuPG network certificate management daemon.
Oct 25 01:15:33 fastping systemd[1589]: Listening on GnuPG cryptographic agent and passphrase cache (access for web browsers).
Oct 25 01:15:33 fastping systemd[1589]: Listening on GnuPG cryptographic agent and passphrase cache (restricted).
Oct 25 01:15:33 fastping systemd[1589]: Listening on GnuPG cryptographic agent (ssh-agent emulation).
Oct 25 01:15:33 fastping systemd[1589]: Listening on GnuPG cryptographic agent and passphrase cache.
Oct 25 01:15:33 fastping systemd[1589]: Listening on debconf communication socket.
Oct 25 01:15:33 fastping systemd[1589]: Listening on REST API socket for snapd user session agent.
Oct 25 01:15:33 fastping systemd[1589]: Listening on D-Bus User Message Bus Socket.
Oct 25 01:15:33 fastping systemd[1589]: Reached target Sockets.
Oct 25 01:15:33 fastping systemd[1589]: Reached target Basic System.
Oct 25 01:15:33 fastping systemd[1589]: Reached target Main User Target.
Oct 25 01:15:33 fastping systemd[1589]: Startup finished in 88ms.
Oct 25 01:21:15 fastping sudo[1755]:     wofl : TTY=pts/0 ; PWD=/ ; USER=root ; COMMAND=/usr/bin/rm -rf /litehaus-listener/
Oct 25 01:21:15 fastping sudo[1755]: pam_unix(sudo:session): session opened for user root(uid=0) by wofl(uid=1000)
Oct 25 01:21:15 fastping sudo[1755]: pam_unix(sudo:session): session closed for user root
Oct 25 01:22:08 fastping sudo[1759]:     wofl : TTY=pts/0 ; PWD=/opt/litehaus ; USER=root ; COMMAND=/usr/bin/mkdir /opt/litehaus/litehaus-listener/
Oct 25 01:22:08 fastping sudo[1759]: pam_unix(sudo:session): session opened for user root(uid=0) by wofl(uid=1000)
Oct 25 01:22:08 fastping sudo[1759]: pam_unix(sudo:session): session closed for user root
Oct 25 01:23:14 fastping sudo[1764]:     wofl : TTY=pts/0 ; PWD=/opt/litehaus/litehaus-listener ; USER=root ; COMMAND=/usr/bin/nano /opt/litehaus/litehaus->
Oct 25 01:23:14 fastping sudo[1764]: pam_unix(sudo:session): session opened for user root(uid=0) by wofl(uid=1000)
Oct 25 01:23:32 fastping sudo[1764]: pam_unix(sudo:session): session closed for user root
lines 2689-2727/2727 (END)

llok - there's an err that isnt resoruces issues as hitned og:
You said:
fren, our own old process from earlier is a goddamn zombienad i dunno how to kill it perma!

wofl@fastping:/opt/litehaus/litehaus-listener$ ps aux | grep node 
wofl        1807  2.1  5.5 606696 53988 ?        Ssl  01:33   0:00 /usr/bin/node /home/wofl/dailystonks/DailyStonks/server.js
wofl        1815  0.0  0.2   7008  2032 pts/0    S+   01:34   0:00 grep --color=auto node
wofl@fastping:/opt/litehaus/litehaus-listener$ sudo systemctl daemon-reload
sudo systemctl restart litehaus-listener.service
sudo journalctl -u litehaus-listener.service -f
Failed to restart litehaus-listener.service: Unit litehaus-listener.service not found.
^C
wofl@fastping:/opt/litehaus/litehaus-listener$ sudo systemctl daemon-reload
wofl@fastping:/opt/litehaus/litehaus-listener$ sudo systemctl restart listener-litehaus.service
Failed to restart listener-litehaus.service: Unit listener-litehaus.service not found.
wofl@fastping:/opt/litehaus/litehaus-listener$ sudo systemctl restart ultimate-litehaus.service
Job for ultimate-litehaus.service failed because of unavailable resources or another system error.
See "systemctl status ultimate-litehaus.service" and "journalctl -xeu ultimate-litehaus.service" for details.
wofl@fastping:/opt/litehaus/litehaus-listener$ sudo ss -tulnp | grep 3000
tcp   LISTEN 0      511        127.0.0.1:3000      0.0.0.0:*    users:(("node",pid=1807,fd=18))                                                             
wofl@fastping:/opt/litehaus/litehaus-listener$ sudo kill 1807
wofl@fastping:/opt/litehaus/litehaus-listener$ sudo systemctl daemon-reload
wofl@fastping:/opt/litehaus/litehaus-listener$ sudo systemctl restart ultimate-litehaus.service
Job for ultimate-litehaus.service failed because of unavailable resources or another system error.
See "systemctl status ultimate-litehaus.service" and "journalctl -xeu ultimate-litehaus.service" for details.
wofl@fastping:/opt/litehaus/litehaus-listener$ sudo ss -tulnp | grep 3000
tcp   LISTEN 0      511        127.0.0.1:3000      0.0.0.0:*    users:(("node",pid=1911,fd=18))                                                             
wofl@fastping:/opt/litehaus/litehaus-listener$
You said:
wait wait wait - i don't wanna just kill DailyStonks randomly and leave it bleeding by the wayside - i'd like to gently lift it off port 3000 and find it a nice warm new hiome where it can zombie safely and happily as its sposed to without bothering port 3000 lithaus! is that possible please?
You said:
petey you clown you still forgot some crucial file - not only did we not have server.js or server.js for lsitener but look:

`
wofl@fastping:/opt/litehaus/litehaus-listener$ sudo journalctl -u ultimate-litehaus.service -f
Oct 25 01:47:44 fastping systemd[1]: Stopped Ultimate Litehaus Beacon.
Oct 25 01:47:44 fastping systemd[1]: ultimate-litehaus.service: Failed to load environment files: No such file or directory
Oct 25 01:47:44 fastping systemd[1]: ultimate-litehaus.service: Failed to run 'start' task: No such file or directory
Oct 25 01:47:44 fastping systemd[1]: ultimate-litehaus.service: Failed with result 'resources'.
Oct 25 01:47:44 fastping systemd[1]: Failed to start Ultimate Litehaus Beacon.
Oct 25 01:47:45 fastping systemd[1]: ultimate-litehaus.service: Scheduled restart job, restart counter is at 5.
Oct 25 01:47:45 fastping systemd[1]: Stopped Ultimate Litehaus Beacon.
Oct 25 01:47:45 fastping systemd[1]: ultimate-litehaus.service: Start request repeated too quickly.
Oct 25 01:47:45 fastping systemd[1]: ultimate-litehaus.service: Failed with result 'resources'.
Oct 25 01:47:45 fastping systemd[1]: Failed to start Ultimate Litehaus Beacon.?
You said:
petey - why it failiure? we did it all right, no?

wofl@fastping:/opt/litehaus$ sudo systemctl status ultimate-litehaus.service --no-pager 
× ultimate-litehaus.service - Ultimate Litehaus Beacon
     Loaded: loaded (/etc/systemd/system/ultimate-litehaus.service; enabled; vendor preset: enabled)
     Active: failed (Result: exit-code) since Sat 2025-10-25 02:09:43 EDT; 5s ago
    Process: 2275 ExecStart=/usr/bin/node /opt/litehaus/server.js (code=exited, status=1/FAILURE)
   Main PID: 2275 (code=exited, status=1/FAILURE)
        CPU: 47ms

Oct 25 02:09:43 fastping systemd[1]: ultimate-litehaus.service: Main process exited, code=exited, status=1/FAILURE
Oct 25 02:09:43 fastping systemd[1]: ultimate-litehaus.service: Failed with result 'exit-code'.
Oct 25 02:09:43 fastping systemd[1]: ultimate-litehaus.service: Scheduled restart job, restart counter is at 5.
Oct 25 02:09:43 fastping systemd[1]: Stopped Ultimate Litehaus Beacon.
Oct 25 02:09:43 fastping systemd[1]: ultimate-litehaus.service: Start request repeated too quickly.
Oct 25 02:09:43 fastping systemd[1]: ultimate-litehaus.service: Failed with result 'exit-code'.
Oct 25 02:09:43 fastping systemd[1]: Failed to start Ultimate Litehaus Beacon.
wofl@fastping:/opt/litehaus$ sudo systemctl status ultimate-litehaus.service --no-pager
× ultimate-litehaus.service - Ultimate Litehaus Beacon
     Loaded: loaded (/etc/systemd/system/ultimate-litehaus.service; enabled; vendor preset: enabled)
     Active: failed (Result: exit-code) since Sat 2025-10-25 02:09:43 EDT; 27s ago
    Process: 2275 ExecStart=/usr/bin/node /opt/litehaus/server.js (code=exited, status=1/FAILURE)
   Main PID: 2275 (code=exited, status=1/FAILURE)
        CPU: 47ms

Oct 25 02:09:43 fastping systemd[1]: ultimate-litehaus.service: Main process exited, code=exited, status=1/FAILURE
Oct 25 02:09:43 fastping systemd[1]: ultimate-litehaus.service: Failed with result 'exit-code'.
Oct 25 02:09:43 fastping systemd[1]: ultimate-litehaus.service: Scheduled restart job, restart counter is at 5.
Oct 25 02:09:43 fastping systemd[1]: Stopped Ultimate Litehaus Beacon.
Oct 25 02:09:43 fastping systemd[1]: ultimate-litehaus.service: Start request repeated too quickly.
Oct 25 02:09:43 fastping systemd[1]: ultimate-litehaus.service: Failed with result 'exit-code'.
Oct 25 02:09:43 fastping systemd[1]: Failed to start Ultimate Litehaus Beacon.
wofl@fastping:/opt/litehaus$
You said:
i'm not absolutley certain, but would you mind just checking 6789 waas the right port please cos i have a feelin gitt was something else tho i'm so buried deep in mess that i've truly forgort so a check might be in order?

wofl@fastping:/opt/litehaus$ sudo journalctl -u ultimate-litehaus.service -n 20 --no-pager 
Oct 25 02:09:42 fastping systemd[1]: ultimate-litehaus.service: Scheduled restart job, restart counter is at 2.
Oct 25 02:09:42 fastping systemd[1]: Stopped Ultimate Litehaus Beacon.
Oct 25 02:09:42 fastping systemd[1]: Started Ultimate Litehaus Beacon.
Oct 25 02:09:42 fastping systemd[1]: ultimate-litehaus.service: Main process exited, code=exited, status=1/FAILURE
Oct 25 02:09:42 fastping systemd[1]: ultimate-litehaus.service: Failed with result 'exit-code'.
Oct 25 02:09:42 fastping systemd[1]: ultimate-litehaus.service: Scheduled restart job, restart counter is at 3.
Oct 25 02:09:42 fastping systemd[1]: Stopped Ultimate Litehaus Beacon.
Oct 25 02:09:42 fastping systemd[1]: Started Ultimate Litehaus Beacon.
Oct 25 02:09:42 fastping systemd[1]: ultimate-litehaus.service: Main process exited, code=exited, status=1/FAILURE
Oct 25 02:09:42 fastping systemd[1]: ultimate-litehaus.service: Failed with result 'exit-code'.
Oct 25 02:09:43 fastping systemd[1]: ultimate-litehaus.service: Scheduled restart job, restart counter is at 4.
Oct 25 02:09:43 fastping systemd[1]: Stopped Ultimate Litehaus Beacon.
Oct 25 02:09:43 fastping systemd[1]: Started Ultimate Litehaus Beacon.
Oct 25 02:09:43 fastping systemd[1]: ultimate-litehaus.service: Main process exited, code=exited, status=1/FAILURE
Oct 25 02:09:43 fastping systemd[1]: ultimate-litehaus.service: Failed with result 'exit-code'.
Oct 25 02:09:43 fastping systemd[1]: ultimate-litehaus.service: Scheduled restart job, restart counter is at 5.
Oct 25 02:09:43 fastping systemd[1]: Stopped Ultimate Litehaus Beacon.
Oct 25 02:09:43 fastping systemd[1]: ultimate-litehaus.service: Start request repeated too quickly.
Oct 25 02:09:43 fastping systemd[1]: ultimate-litehaus.service: Failed with result 'exit-code'.
Oct 25 02:09:43 fastping systemd[1]: Failed to start Ultimate Litehaus Beacon.
wofl@fastping:/opt/litehaus$ ls -l /opt/litehaus
cat /opt/litehaus/server.js | head -5
cat /opt/litehaus/.env
total 16
drwxr-xr-x 2 wofl wofl 4096 Oct 25 01:23 litehaus-listener
drwxrwxrwx 3 wofl wofl 4096 Oct 24 20:24 nyc
-rw-r--r-- 1 root root 1494 Oct 25 02:08 server.js
-rw-r--r-- 1 root root  464 Oct 25 02:09 ultimate-litehaus.service
cat <<'EOF' | sudo tee /opt/litehaus/server.js > /dev/null
// litehaus beacon / heartbeat sender
// runs an HTTP server on PORT (6789) that answers / with JSON
// and also logs a heartbeat every BEACON_INTERVAL_SEC seconds

cat <<'EOF' | sudo tee /opt/litehaus/.env > /dev/null
# which region / node am I?
LITEHAUS_REGION=NYC
LITEHAUS_NAME=litehaus-online

# which port should the beacon HTTP status server listen on?
LITEHAUS_PORT=6789

# how often should we log heartbeats (seconds)?
BEACON_INTERVAL_SEC=10
EOF
wofl@fastping:/opt/litehaus$

and a typo? rly?

wofl@fastping:/opt/litehaus$ sudo -u wofl /usr/bin/node /opt/litehaus/server.js
/opt/litehaus/server.js:1
cat <<'EOF' | sudo tee /opt/litehaus/server.js > /dev/null
                   ^^^

SyntaxError: Unexpected identifier
    at internalCompileFunction (node:internal/vm:76:18)
    at wrapSafe (node:internal/modules/cjs/loader:1283:20)
    at Module._compile (node:internal/modules/cjs/loader:1328:27)
    at Module._extensions..js (node:internal/modules/cjs/loader:1422:10)
    at Module.load (node:internal/modules/cjs/loader:1203:32)
    at Module._load (node:internal/modules/cjs/loader:1019:12)
    at Function.executeUserEntryPoint [as runMain] (node:internal/modules/run_main:128:12)
    at node:internal/main/run_main_module:28:49

Node.js v18.20.8
wofl@fastping:/opt/litehaus$
You said:
fren, i think we forgot to open the firewall for external incoming pings to this litehaus - what's the command agaoin?
You said:
fren, does the one we just set up on NYC have the same ultimate listener service that LOn has as well or deo we need to set that up still?
You said:
OK!!! FREN! we got 2 litehauses up'n'runnin - back'n'forth messages, LON->NYC and NYC->LON sccessfully sent/received! YAAAAAAY!!!

You said:
wait just a sec tho fren- both those 'hello' messages were sent manually, i'd like to set the beacons going on 'auto ping' and wathc them with the listeners in realtime seeing regular pings coming in onscreen going ping-ping-ping-ping - whqat's the commands for the beacons and listneners to do that please? i guess there one listner command i need for the two nyc/lon listners and one beacon command for the two lon/nyc beacons to trigger them going auto? yis?
You said:
wofl@fastping:/opt/litehaus$ cd /opt/litehaus
sudo npm install node-fetch@2

up to date, audited 5 packages in 711ms

found 0 vulnerabilities
wofl@fastping:/opt/litehaus$ sudo systemctl daemon-reload
sudo systemctl restart ultimate-litehaus.service
sudo journalctl -u ultimate-litehaus.service -f
Oct 25 03:30:29 fastping systemd[1]: Stopped Ultimate Litehaus Beacon.
Oct 25 03:30:29 fastping systemd[1]: Started Ultimate Litehaus Beacon.
Oct 25 03:30:29 fastping systemd[1]: ultimate-litehaus.service: Main process exited, code=exited, status=1/FAILURE
Oct 25 03:30:29 fastping systemd[1]: ultimate-litehaus.service: Failed with result 'exit-code'.
Oct 25 03:30:30 fastping systemd[1]: ultimate-litehaus.service: Scheduled restart job, restart counter is at 5.
Oct 25 03:30:30 fastping systemd[1]: Stopped Ultimate Litehaus Beacon.
Oct 25 03:30:30 fastping systemd[1]: ultimate-litehaus.service: Start request repeated too quickly.
Oct 25 03:30:30 fastping systemd[1]: ultimate-litehaus.service: Failed with result 'exit-code'.
Oct 25 03:30:30 fastping systemd[1]: Failed to start Ultimate Litehaus Beacon.
Oct 25 03:40:05 fastping systemd[1]: Started Ultimate Litehaus Beacon.
Oct 25 03:40:05 fastping systemd[1]: ultimate-litehaus.service: Main process exited, code=exited, status=1/FAILURE
Oct 25 03:40:05 fastping systemd[1]: ultimate-litehaus.service: Failed with result 'exit-code'.
Oct 25 03:40:06 fastping systemd[1]: ultimate-litehaus.service: Scheduled restart job, restart counter is at 1.
Oct 25 03:40:06 fastping systemd[1]: Stopped Ultimate Litehaus Beacon.
Oct 25 03:40:06 fastping systemd[1]: Started Ultimate Litehaus Beacon.
Oct 25 03:40:06 fastping systemd[1]: ultimate-litehaus.service: Main process exited, code=exited, status=1/FAILURE
Oct 25 03:40:06 fastping systemd[1]: ultimate-litehaus.service: Failed with result 'exit-code'.
Oct 25 03:40:06 fastping systemd[1]: ultimate-litehaus.service: Scheduled restart job, restart counter is at 2.
Oct 25 03:40:06 fastping systemd[1]: Stopped Ultimate Litehaus Beacon.
Oct 25 03:40:06 fastping systemd[1]: Started Ultimate Litehaus Beacon.
Oct 25 03:40:06 fastping systemd[1]: ultimate-litehaus.service: Main process exited, code=exited, status=1/FAILURE
Oct 25 03:40:06 fastping systemd[1]: ultimate-litehaus.service: Failed with result 'exit-code'.
Oct 25 03:40:06 fastping systemd[1]: ultimate-litehaus.service: Scheduled restart job, restart counter is at 3.
Oct 25 03:40:06 fastping systemd[1]: Stopped Ultimate Litehaus Beacon.
Oct 25 03:40:06 fastping systemd[1]: Started Ultimate Litehaus Beacon.
Oct 25 03:40:06 fastping systemd[1]: ultimate-litehaus.service: Main process exited, code=exited, status=1/FAILURE
Oct 25 03:40:06 fastping systemd[1]: ultimate-litehaus.service: Failed with result 'exit-code'.
Oct 25 03:40:06 fastping systemd[1]: ultimate-litehaus.service: Scheduled restart job, restart counter is at 4.
Oct 25 03:40:06 fastping systemd[1]: Stopped Ultimate Litehaus Beacon.
Oct 25 03:40:06 fastping systemd[1]: Started Ultimate Litehaus Beacon.
Oct 25 03:40:06 fastping systemd[1]: ultimate-litehaus.service: Main process exited, code=exited, status=1/FAILURE
Oct 25 03:40:06 fastping systemd[1]: ultimate-litehaus.service: Failed with result 'exit-code'.
Oct 25 03:40:07 fastping systemd[1]: ultimate-litehaus.service: Scheduled restart job, restart counter is at 5.
Oct 25 03:40:07 fastping systemd[1]: Stopped Ultimate Litehaus Beacon.
Oct 25 03:40:07 fastping systemd[1]: ultimate-litehaus.service: Start request repeated too quickly.
Oct 25 03:40:07 fastping systemd[1]: ultimate-litehaus.service: Failed with result 'exit-code'.
Oct 25 03:40:07 fastping systemd[1]: Failed to start Ultimate Litehaus Beacon

and

wofl@london:/opt/litehaus$ sudo systemctl daemon-reload
sudo systemctl restart ultimate-litehaus.service
sudo journalctl -u ultimate-litehaus.service -f
Oct 25 08:39:52 london systemd[1]: Started Ultimate Lighthouse Beacon.
Oct 25 08:39:52 london systemd[1]: ultimate-litehaus.service: Main process exited, code=exited, status=1/FAILURE
Oct 25 08:39:52 london systemd[1]: ultimate-litehaus.service: Failed with result 'exit-code'.
Oct 25 08:40:02 london systemd[1]: ultimate-litehaus.service: Scheduled restart job, restart counter is at 19.
Oct 25 08:40:02 london systemd[1]: Stopped Ultimate Lighthouse Beacon.
Oct 25 08:40:02 london systemd[1]: Started Ultimate Lighthouse Beacon.
Oct 25 08:40:02 london systemd[1]: ultimate-litehaus.service: Main process exited, code=exited, status=1/FAILURE
Oct 25 08:40:02 london systemd[1]: ultimate-litehaus.service: Failed with result 'exit-code'.
Oct 25 08:40:06 london systemd[1]: Stopped Ultimate Lighthouse Beacon.
Oct 25 08:40:06 london systemd[1]: Started Ultimate Lighthouse Beacon.
Oct 25 08:40:07 london systemd[1]: ultimate-litehaus.service: Main process exited, code=exited, status=1/FAILURE
Oct 25 08:40:07 london systemd[1]: ultimate-litehaus.service: Failed with result 'exit-code'.
Oct 25 08:40:17 london systemd[1]: ultimate-litehaus.service: Scheduled restart job, restart counter is at 20.
Oct 25 08:40:17 london systemd[1]: Stopped Ultimate Lighthouse Beacon.
Oct 25 08:40:17 london systemd[1]: Started Ultimate Lighthouse Beacon.
Oct 25 08:40:17 london systemd[1]: ultimate-litehaus.service: Main process exited, code=exited, status=1/FAILURE
Oct 25 08:40:17 london systemd[1]: ultimate-litehaus.service: Failed with result 'exit-code'.
Oct 25 08:40:27 london systemd[1]: ultimate-litehaus.service: Scheduled restart job, restart counter is at 21.
Oct 25 08:40:27 london systemd[1]: Stopped Ultimate Lighthouse Beacon.
Oct 25 08:40:27 london systemd[1]: Started Ultimate Lighthouse Beacon.
Oct 25 08:40:27 london systemd[1]: ultimate-litehaus.service: Main process exited, code=exited, status=1/FAILURE
Oct 25 08:40:27 london systemd[1]: ultimate-litehaus.service: Failed with result 'exit-code'.
Oct 25 08:40:37 london systemd[1]: ultimate-litehaus.service: Scheduled restart job, restart counter is at 22.
Oct 25 08:40:37 london systemd[1]: Stopped Ultimate Lighthouse Beacon.
Oct 25 08:40:37 london systemd[1]: Started Ultimate Lighthouse Beacon.
Oct 25 08:40:37 london systemd[1]: ultimate-litehaus.service: Main process exited, code=exited, status=1/FAILURE
Oct 25 08:40:37 london systemd[1]: ultimate-litehaus.service: Failed with result 'exit-code'.
Oct 25 08:40:47 london systemd[1]: ultimate-litehaus.service: Scheduled restart job, restart counter is at 23.
Oct 25 08:40:47 london systemd[1]: Stopped Ultimate Lighthouse Beacon.
Oct 25 08:40:47 london systemd[1]: Started Ultimate Lighthouse Beacon.
Oct 25 08:40:48 london systemd[1]: ultimate-litehaus.service: Main process exited, code=exited, status=1/FAILURE
Oct 25 08:40:48 london systemd[1]: ultimate-litehaus.service: Failed with result 'exit-code'.

both fail at realtime!!! D: [but it may be one of the tweaks i meade to naming or summin so perhaps you should take a peek at my vversions of each?]
You said:
wofl@fastping:/opt/litehaus$ sudo cat /opt/litehaus/server.js
sudo cat /opt/litehaus/.env
sudo tee /opt/litehaus/server.js > /dev/null <<'EOF'
// litehaus beacon / heartbeat sender
const http = require('http');
const fetch = (...args) => import('node-fetch').then(({default: f}) => f(...args));

const PORT = process.env.LITEHAUS_PORT || 6789;
const REGION = process.env.LITEHAUS_REGION || "NYC1-USA/CA";
const NAME = process.env.LITEHAUS_NAME || "US-litehaus";
const INTERVAL = parseInt(process.env.BEACON_INTERVAL_SEC || "1");
const TARGET = process.env.TARGET_URL || null;

console.log(`[${NAME}] Beacon starting on ${PORT}, region=${REGION}`);
console.log(`Heartbeat interval: ${INTERVAL}s`);
if (TARGET) console.log(`Target listener: ${TARGET}`);

http.createServer((req, res) => {
  if (req.url === "/" || req.url === "/status") {
    res.writeHead(200, {"Content-Type": "application/json"});
    res.end(JSON.stringify({status:"ok", region:REGION, name:NAME, ts:new Date().toISOString()}));
  } else {
    res.writeHead(404);
    res.end();
  }
}).listen(PORT, "0.0.0.0", () => {
  console.log(`[${NAME}] Beacon listening on 0.0.0.0:${PORT}`);
});

// automatic heartbeat loop
if (TARGET) {
  setInterval(async () => {
    const payload = { region: REGION, signal: `HELLO_FROM_${REGION}` };
    try {
      const resp = await fetch(TARGET, {
        method: "POST",
        headers: { "Content-Type": "application/json" },
        body: JSON.stringify(payload),
        timeout: 1000
      });
      const data = await resp.text();
      console.log(`[${new Date().toISOString()}] Sent -> ${TARGET} | reply: ${data}`);
    } catch (err) {
      console.error(`[${new Date().toISOString()}] Heartbeat failed: ${err.message}`);
    }
  }, INTERVAL * 1000);
}
EOF
cat <<'EOF' | sudo tee /opt/litehaus/.env > /dev/null
# which region / node am I?
LITEHAUS_REGION=NYC
LITEHAUS_NAME=litehaus-online

# which port should the beacon HTTP status server listen on?
LITEHAUS_PORT=6789

# how often should we log heartbeats (seconds)?
BEACON_INTERVAL_SEC=10
EOF
wofl@fastping:/opt/litehaus$

and

wofl@london:/opt/litehaus$ sudo cat /opt/litehaus/server.js
sudo cat /opt/litehaus/.env
sudo tee /opt/litehaus/server.js > /dev/null <<'EOF'
// litehaus beacon / heartbeat sender
const http = require('http');
const fetch = (...args) => import('node-fetch').then(({default: f}) => f(...args));

const PORT = process.env.LITEHAUS_PORT || 6789;
const REGION = process.env.LITEHAUS_REGION || "LON1-UK/EU";
const NAME = process.env.LITEHAUS_NAME || "UK-litehaus";
const INTERVAL = parseInt(process.env.BEACON_INTERVAL_SEC || "0.5");
const TARGET = process.env.TARGET_URL || null;

console.log(`[${NAME}] Beacon starting on ${PORT}, region=${REGION}`);
console.log(`Heartbeat interval: ${INTERVAL}s`);
if (TARGET) console.log(`Target listener: ${TARGET}`);

http.createServer((req, res) => {
  if (req.url === "/" || req.url === "/status") {
    res.writeHead(200, {"Content-Type": "application/json"});
    res.end(JSON.stringify({status:"ok", region:REGION, name:NAME, ts:new Date().toISOString()}));
  } else {
    res.writeHead(404);
    res.end();
  }
}).listen(PORT, "0.0.0.0", () => {
  console.log(`[${NAME}] Beacon listening on 0.0.0.0:${PORT}`);
});

// automatic heartbeat loop
if (TARGET) {
  setInterval(async () => {
    const payload = { region: REGION, signal: `HELLO_FROM_${REGION}` };
    try {
      const resp = await fetch(TARGET, {
        method: "POST",
        headers: { "Content-Type": "application/json" },
        body: JSON.stringify(payload),
        timeout: 500
      });
      const data = await resp.text();
      console.log(`[${new Date().toISOString()}] Sent -> ${TARGET} | reply: ${data}`);
    } catch (err) {
      console.error(`[${new Date().toISOString()}] Heartbeat failed: ${err.message}`);
    }
  }, INTERVAL * 1000);
}
EOF
PORT=6789
REGION=LONDON
LOG_LEVEL=info
NODE_ENV=production
wofl@london:/opt/litehaus$

welp - at least you can see what i was trying for!
You said:
still doint work fren:

wofl@fastping:/opt/litehaus$ sudo systemctl daemon-reload
sudo systemctl restart ultimate-litehaus.service
sudo journalctl -u ultimate-litehaus.service -f
Oct 25 03:40:06 fastping systemd[1]: Stopped Ultimate Litehaus Beacon.
Oct 25 03:40:06 fastping systemd[1]: Started Ultimate Litehaus Beacon.
Oct 25 03:40:06 fastping systemd[1]: ultimate-litehaus.service: Main process exited, code=exited, status=1/FAILURE
Oct 25 03:40:06 fastping systemd[1]: ultimate-litehaus.service: Failed with result 'exit-code'.
Oct 25 03:40:07 fastping systemd[1]: ultimate-litehaus.service: Scheduled restart job, restart counter is at 5.
Oct 25 03:40:07 fastping systemd[1]: Stopped Ultimate Litehaus Beacon.
Oct 25 03:40:07 fastping systemd[1]: ultimate-litehaus.service: Start request repeated too quickly.
Oct 25 03:40:07 fastping systemd[1]: ultimate-litehaus.service: Failed with result 'exit-code'.
Oct 25 03:40:07 fastping systemd[1]: Failed to start Ultimate Litehaus Beacon.
Oct 25 03:47:36 fastping systemd[1]: Started Ultimate Litehaus Beacon.
Oct 25 03:47:36 fastping systemd[1]: ultimate-litehaus.service: Main process exited, code=exited, status=1/FAILURE
Oct 25 03:47:36 fastping systemd[1]: ultimate-litehaus.service: Failed with result 'exit-code'.
Oct 25 03:47:36 fastping systemd[1]: ultimate-litehaus.service: Scheduled restart job, restart counter is at 1.
Oct 25 03:47:36 fastping systemd[1]: Stopped Ultimate Litehaus Beacon.
Oct 25 03:47:36 fastping systemd[1]: Started Ultimate Litehaus Beacon.
Oct 25 03:47:36 fastping systemd[1]: ultimate-litehaus.service: Main process exited, code=exited, status=1/FAILURE
Oct 25 03:47:36 fastping systemd[1]: ultimate-litehaus.service: Failed with result 'exit-code'.
Oct 25 03:47:36 fastping systemd[1]: ultimate-litehaus.service: Scheduled restart job, restart counter is at 2.
Oct 25 03:47:36 fastping systemd[1]: Stopped Ultimate Litehaus Beacon.
Oct 25 03:47:36 fastping systemd[1]: Started Ultimate Litehaus Beacon.
Oct 25 03:47:36 fastping systemd[1]: ultimate-litehaus.service: Main process exited, code=exited, status=1/FAILURE
Oct 25 03:47:36 fastping systemd[1]: ultimate-litehaus.service: Failed with result 'exit-code'.
Oct 25 03:47:37 fastping systemd[1]: ultimate-litehaus.service: Scheduled restart job, restart counter is at 3.
Oct 25 03:47:37 fastping systemd[1]: Stopped Ultimate Litehaus Beacon.
Oct 25 03:47:37 fastping systemd[1]: Started Ultimate Litehaus Beacon.
Oct 25 03:47:37 fastping systemd[1]: ultimate-litehaus.service: Main process exited, code=exited, status=1/FAILURE
Oct 25 03:47:37 fastping systemd[1]: ultimate-litehaus.service: Failed with result 'exit-code'.
Oct 25 03:47:37 fastping systemd[1]: ultimate-litehaus.service: Scheduled restart job, restart counter is at 4.
Oct 25 03:47:37 fastping systemd[1]: Stopped Ultimate Litehaus Beacon.
Oct 25 03:47:37 fastping systemd[1]: Started Ultimate Litehaus Beacon.
Oct 25 03:47:37 fastping systemd[1]: ultimate-litehaus.service: Main process exited, code=exited, status=1/FAILURE
Oct 25 03:47:37 fastping systemd[1]: ultimate-litehaus.service: Failed with result 'exit-code'.
Oct 25 03:47:37 fastping systemd[1]: ultimate-litehaus.service: Scheduled restart job, restart counter is at 5.
Oct 25 03:47:37 fastping systemd[1]: Stopped Ultimate Litehaus Beacon.
Oct 25 03:47:37 fastping systemd[1]: ultimate-litehaus.service: Start request repeated too quickly.
Oct 25 03:47:37 fastping systemd[1]: ultimate-litehaus.service: Failed with result 'exit-code'.
Oct 25 03:47:37 fastping systemd[1]: Failed to start Ultimate Litehaus Beacon.
You said:
wofl@fastping:/opt/litehaus$ sudo -u wofl /usr/bin/node /opt/litehaus/server.js
/opt/litehaus/server.js:1
sudo tee /opt/litehaus/server.js > /dev/null <<'EOF'
     ^^^

SyntaxError: Unexpected identifier
    at internalCompileFunction (node:internal/vm:76:18)
    at wrapSafe (node:internal/modules/cjs/loader:1283:20)
    at Module._compile (node:internal/modules/cjs/loader:1328:27)
    at Module._extensions..js (node:internal/modules/cjs/loader:1422:10)
    at Module.load (node:internal/modules/cjs/loader:1203:32)
    at Module._load (node:internal/modules/cjs/loader:1019:12)
    at Function.executeUserEntryPoint [as runMain] (node:internal/modules/run_main:128:12)
    at node:internal/main/run_main_module:28:49

Node.js v18.20.8
wofl@fastping:/opt/litehaus$

you made the same typo as last time! quack-quack-oops!
You said:
wofl@fastping:/opt/litehaus$ sudo -u wofl /usr/bin/node /opt/litehaus/server.js 
node:internal/modules/cjs/loader:1143
  throw err;
  ^

Error: Cannot find module '/opt/litehaus/server.js'
    at Module._resolveFilename (node:internal/modules/cjs/loader:1140:15)
    at Module._load (node:internal/modules/cjs/loader:981:27)
    at Function.executeUserEntryPoint [as runMain] (node:internal/modules/run_main:128:12)
    at node:internal/main/run_main_module:28:49 {
  code: 'MODULE_NOT_FOUND',
  requireStack: []
}

Node.js v18.20.8
wofl@fastping:/opt/litehaus$
You said:
now can you give me the final working instructions/files as instan tfix versions for the other one too pleas efren but set ot 0.5sec timing!
You said:
oop - we got a li'l clog in then system fren - how do i clear it again?

wofl@london:/opt/litehaus$ sudo -u wofl /usr/bin/node /opt/litehaus/server.js
[litehaus-london] Beacon starting on port 6789, region=LON-UK/EU
Heartbeat interval: 0.5s
node:events:495
      throw er; // Unhandled 'error' event
      ^

Error: listen EADDRINUSE: address already in use 0.0.0.0:6789
    at Server.setupListenHandle [as _listen2] (node:net:1817:16)
    at listenInCluster (node:net:1865:12)
    at doListen (node:net:2014:7)
    at process.processTicksAndRejections (node:internal/process/task_queues:83:21)
Emitted 'error' event on Server instance at:
    at emitErrorNT (node:net:1844:8)
    at process.processTicksAndRejections (node:internal/process/task_queues:82:21) {
  code: 'EADDRINUSE',
  errno: -98,
  syscall: 'listen',
  address: '0.0.0.0',
  port: 6789
}

Node.js v18.20.8
wofl@london:/opt/litehaus$
?
You said:
fren, wahhhhhhh DDDDDDDDD:

wofl@fastping:/$ sudo -u wofl /usr/bin/node /opt/litehaus/server.js
[litehaus-nyc] Beacon starting on port 6789, region=NYC-USA
Heartbeat interval: 1s
node:events:495
      throw er; // Unhandled 'error' event
      ^

Error: listen EADDRINUSE: address already in use 0.0.0.0:6789
    at Server.setupListenHandle [as _listen2] (node:net:1817:16)
    at listenInCluster (node:net:1865:12)
    at doListen (node:net:2014:7)
    at process.processTicksAndRejections (node:internal/process/task_queues:83:21)
Emitted 'error' event on Server instance at:
    at emitErrorNT (node:net:1844:8)
    at process.processTicksAndRejections (node:internal/process/task_queues:82:21) {
  code: 'EADDRINUSE',
  errno: -98,
  syscall: 'listen',
  address: '0.0.0.0',
  port: 6789
}

Node.js v18.20.8
wofl@fastping:/$ sudo ss -tulnp | grep 6789
tcp   LISTEN 0      511          0.0.0.0:6789      0.0.0.0:*    users:(("node",pid=5831,fd=18))                                                         
wofl@fastping:/$ sudo kill -9 5831
wofl@fastping:/$ sudo ss -tulnp | grep 6789
tcp   LISTEN 0      511          0.0.0.0:6789      0.0.0.0:*    users:(("node",pid=5855,fd=18))                                                         
wofl@fastping:/$ sudo kill -9 5855
wofl@fastping:/$ sudo ss -tulnp | grep 6789
wofl@fastping:/$ sudo -u wofl /usr/bin/node /opt/litehaus/server.js
[litehaus-nyc] Beacon starting on port 6789, region=NYC-USA
Heartbeat interval: 1s
node:events:495
      throw er; // Unhandled 'error' event
      ^

Error: listen EADDRINUSE: address already in use 0.0.0.0:6789
    at Server.setupListenHandle [as _listen2] (node:net:1817:16)
    at listenInCluster (node:net:1865:12)
    at doListen (node:net:2014:7)
    at process.processTicksAndRejections (node:internal/process/task_queues:83:21)
Emitted 'error' event on Server instance at:
    at emitErrorNT (node:net:1844:8)
    at process.processTicksAndRejections (node:internal/process/task_queues:82:21) {
  code: 'EADDRINUSE',
  errno: -98,
  syscall: 'listen',
  address: '0.0.0.0',
  port: 6789
}

Node.js v18.20.8
wofl@fastping:/$ sudo ss -tulnp | grep 6789
tcp   LISTEN 0      511          0.0.0.0:6789      0.0.0.0:*    users:(("node",pid=5873,fd=18))                                                         
wofl@fastping:/$ sudo kill -9 5873
wofl@fastping:/$ sudo ss -tulnp | grep 6789
wofl@fastping:/$ sudo -u wofl /usr/bin/node /opt/litehaus/server.js
[litehaus-nyc] Beacon starting on port 6789, region=NYC-USA
Heartbeat interval: 1s
node:events:495
      throw er; // Unhandled 'error' event
      ^

Error: listen EADDRINUSE: address already in use 0.0.0.0:6789
    at Server.setupListenHandle [as _listen2] (node:net:1817:16)
    at listenInCluster (node:net:1865:12)
    at doListen (node:net:2014:7)
    at process.processTicksAndRejections (node:internal/process/task_queues:83:21)
Emitted 'error' event on Server instance at:
    at emitErrorNT (node:net:1844:8)
    at process.processTicksAndRejections (node:internal/process/task_queues:82:21) {
  code: 'EADDRINUSE',
  errno: -98,
  syscall: 'listen',
  address: '0.0.0.0',
  port: 6789
}

Node.js v18.20.8
wofl@fastping:/$ sudo ss -tulnp | grep 6789
tcp   LISTEN 0      511          0.0.0.0:6789      0.0.0.0:*    users:(("node",pid=5900,fd=18))                                                         
wofl@fastping:/$ sudo ss -tulnp | grep 6900
wofl@fastping:/$ sudo -u wofl /usr/bin/node /opt/litehaus/server.js
[litehaus-nyc] Beacon starting on port 6789, region=NYC-USA
Heartbeat interval: 1s
node:events:495
      throw er; // Unhandled 'error' event
      ^

Error: listen EADDRINUSE: address already in use 0.0.0.0:6789
    at Server.setupListenHandle [as _listen2] (node:net:1817:16)
    at listenInCluster (node:net:1865:12)
    at doListen (node:net:2014:7)
    at process.processTicksAndRejections (node:internal/process/task_queues:83:21)
Emitted 'error' event on Server instance at:
    at emitErrorNT (node:net:1844:8)
    at process.processTicksAndRejections (node:internal/process/task_queues:82:21) {
  code: 'EADDRINUSE',
  errno: -98,
  syscall: 'listen',
  address: '0.0.0.0',
  port: 6789
}

Node.js v18.20.8
wofl@fastping:/$

invincible zombie at nyc!!!
You said:
ok fren - two successful heartbeats, 1 at 0.5secs and one at 1sec!!! yayyyyy! ok, quick Q. before we carry on, does it require any special dependencies to listen to threse or can i just give fren theip/port and tell em  to tune in to let a fren hear the lighthouse pulses from over in NZ?
You said:
what would be the command to send something and see it appear on the listener if they had node-fetch installed fren?
You said:
ok fren, now - for the other to lithice:
- we need the working scripts we settled on finally for the first two as far as installing the actual files goes, but;
- it needs to cover installing copies of:
i) broadcast server.js, i.e. /opt/litehaus/server.js
ii) receive/listen server.js i.e. /opt/litehaus/litehaus-listen/server.js
iii) /opt/litehaus/.env/
iv) /etc/systemd/system/litehaus-listener.service and /etc/systemd/system/ultimate-litehaus.service
**_all_** appropriately customise for SGP[68.183.227.135]/SYD[134.199.170.197] to give one 2sec and the other 0.25sec intervals on the pings;
- everything properly adjusted to avoid the 'TEE' typo and the usual issues with the DOS/CRLF (\r\n) line endings instead of UNIX (\n). also beware using using ${region^} for bash 4+, fine on Ubuntu, when ofc i;m using mixed environments (WSL + Lubuntu + etc), so need it explicit and portable!

so i understand we should be running:

Sydney — /litehaus/sydney/.env
PORT=3000
WS_PORT=3001
LIGHTHOUSE_EXECUTABLE=./litehaus
BEACON_IP=134.199.170.197
BEACON_PORT=9876
LISTENER_PORT=9876
UPDATE_INTERVAL=250
LOG_LEVEL=info
SITE_NAME=Litehaus Sydney

and

PORT=3000
WS_PORT=3001
LIGHTHOUSE_EXECUTABLE=./litehaus
BEACON_IP=68.183.227.135
BEACON_PORT=6789 
LISTENER_PORT=6789 
UPDATE_INTERVAL=4000
LOG_LEVEL=info
SITE_NAME=Litehaus Singapore


and then Clean npm ci install step

scp build/litehaus-singapore.zip root@68.183.227.135:/opt/ 
ssh wofl@68.183.227.135 "unzip -o /opt/litehaus-singapore.zip -d /opt/litehaus && cd /opt/litehaus && npm install && pm2 start ecosystem.config.js"

or

scp build/litehaus-sydney.zip root@134.199.170.197:/opt/ 
ssh wofl@134.199.170.197 "unzip -o /opt/litehaus-sydney.zip -d /opt/litehaus && cd /opt/litehaus && npm install && pm2 start ecosystem.config.js"


that i can trigger via:

ssh wofl@[SYD.ip.xxx.xxx] or @[SGP.ip.xxx.xxx] "chmod +x /opt/install-litehaus.sh && /opt/install-litehaus.sh"
 as a nice easy install script to get 'em in place too, right?

Base domain paths:
All instances should be reachable at:
- https://litehaus.online → NYC (Global Hub)
- https://london.litehaus.online → UK droplet
- https://sydney.litehaus.online → AU droplet
- https://singapore.litehaus.online → SG droplet

Server IPs (just to verify before binding)
Location	IP	Keep as:
NYC	137.184.105.114	✅
London	138.68.142.181	✅
Sydney	134.199.170.197	✅
Singapore	68.183.227.135	✅

Ports / bindings
Web dashboard: 3000
WebSocket: 3001
Lighthouse listener: 9876
i want PM2 to manage each instance and auto-start on boot/reboot (pm2 startup systemd && pm2 save).
Service style
Each package should include:
ultimate-lighthouse.service (systemd)
.env (custom per region)
ecosystem.config.js (reads .env)
start-lighthouse.sh, server.js, package.json, and /litehaus binary

Region-specific logs under /var/log/litehaus/<region>.log

Node version target
Sticking with my current one (Node 18.x, per my resultant package.json)

remember, our overall final DNS setup we're working with was:

;;
;; Domain:     litehaus.online. 
;; Exported:   2025-10-25 12:00:00
;;
;; litehaus.online regional distribution (NYC hub + London, Sydney, Singapore)
;;

;; SOA Record
litehaus.online	3600	IN	SOA	albert.ns.cloudflare.com. dns.cloudflare.com. 2051025120 10000 2400 604800 3600

;; NS Records
litehaus.online.	86400	IN	NS	albert.ns.cloudflare.com.
litehaus.online.	86400	IN	NS	ziggy.ns.cloudflare.com.

;; A Records
litehaus.online.	1	IN	A	137.184.105.114 ; cf_tags=cf-proxied:true	; NYC1 hub
london.litehaus.online.	1	IN	A	138.68.142.181 ; cf_tags=cf-proxied:false	; LON1 regional node
sydney.litehaus.online.	1	IN	A	134.199.170.197 ; cf_tags=cf-proxied:false	; SYD1 regional node
singapore.litehaus.online.	1	IN	A	68.183.227.135 ; cf_tags=cf-proxied:false	; SGP1 regional node

;; AAAA Records
singapore.litehaus.online.	1	IN	AAAA	2400:6180:0:d2:0:2:239a:a000 ; cf_tags=cf-proxied:false

;; CNAME Records
www.litehaus.online.	1	IN	CNAME	litehaus.online. ; cf_tags=cf-proxied:true
www.london.litehaus.online.	1	IN	CNAME	london.litehaus.online. ; cf_tags=cf-proxied:false
www.sydney.litehaus.online.	1	IN	CNAME	sydney.litehaus.online. ; cf_tags=cf-proxied:false
www.singapore.litehaus.online.	1	IN	CNAME	singapore.litehaus.online. ; cf_tags=cf-proxied:false

;; TXT Records (optional for identification)
litehaus.online.	300	IN	TXT	"v=spf1 include:_spf.mx.cloudflare.net ~all"
london.litehaus.online.	300	IN	TXT	"Managed by Litehaus London Node"
sydney.litehaus.online.	300	IN	TXT	"Managed by Litehaus Sydney Node"
singapore.litehaus.online.	300	IN	TXT	"Managed by Litehaus Singapore Node"


i guess you'll have to make new:
litehaus-sydney.zip and litehaus-singapore.zip to add/alter the relevant items in the two .zips for to get 'em totally up-to-date with the stuff we went through to get the first two working?

each now containing:


.env
ecosystem.config.js
ultimate-lighthouse.service/litehaus-listener.service
litehaus-listener.service
start-lighthouse.sh
package.json
/litehaus/server.js and /litiehaus/litehaus-listener/server.js
/litehaus/


And once built using a build-litehaus-packs.sh you make again; and then:

chmod +x build-litehaus-packs.sh 
./build-litehaus-packs.sh


so you're gonna gimme outputs of:
build-litehaus/new/sydney/litehaus-sydney.zip 
build-litehaus/new/singapore/litehaus-singapore.zip

they’ll be plug-and-run: just unzip, npm install, and start, right?
IF that's all clear and cool then - let's go, go, go!

_(p. sure that's every goddamn bit of info you could possibly need and everything i want etc. all laid out as clear as goddamn daylight!)_

_Time for that intercontinental mesh of light!!!_
You said:
fren, if i'm getting this from my sender [LON]:

wofl@london:~$ curl -X POST http://68.183.227.135:4567/ping      -H "Content-Type: application/json"      -d '{"region":"LONDON","signal":"HELLO_FROM_LON"}'
^C
wofl@london:~$ sudo systemctl start ultimate-litehaus.service
wofl@london:~$ sudo journalctl -u ultimate-litehaus.service -f
Oct 25 15:36:45 london node[971247]: [2025-10-25T14:36:45.606Z] Sent -> http://138.68.142.181:4567/ping | reply: {"status":"ack"}
Oct 25 15:36:46 london node[971247]: [2025-10-25T14:36:46.107Z] Sent -> http://138.68.142.181:4567/ping | reply: {"status":"ack"}
Oct 25 15:36:46 london node[971247]: [2025-10-25T14:36:46.607Z] Sent -> http://138.68.142.181:4567/ping | reply: {"status":"ack"}
Oct 25 15:36:47 london node[971247]: [2025-10-25T14:36:47.108Z] Sent -> http://138.68.142.181:4567/ping | reply: {"status":"ack"}
Oct 25 15:36:47 london node[971247]: [2025-10-25T14:36:47.609Z] Sent -> http://138.68.142.181:4567/ping | reply: {"status":"ack"}
Oct 25 15:36:48 london node[971247]: [2025-10-25T14:36:48.110Z] Sent -> http://138.68.142.181:4567/ping | reply: {"status":"ack"}
Oct 25 15:36:48 london node[971247]: [2025-10-25T14:36:48.611Z] Sent -> http://138.68.142.181:4567/ping | reply: {"status":"ack"}
Oct 25 15:36:49 london node[971247]: [2025-10-25T14:36:49.114Z] Sent -> http://138.68.142.181:4567/ping | reply: {"status":"ack"}
Oct 25 15:36:49 london node[971247]: [2025-10-25T14:36:49.613Z] Sent -> http://138.68.142.181:4567/ping | reply: {"status":"ack"}
Oct 25 15:36:50 london node[971247]: [2025-10-25T14:36:50.114Z] Sent -> http://138.68.142.181:4567/ping | reply: {"status":"ack"}
Oct 25 15:36:50 london node[971247]: [2025-10-25T14:36:50.614Z] Sent -> http://138.68.142.181:4567/ping | reply: {"status":"ack"}
Oct 25 15:36:51 london node[971247]: [2025-10-25T14:36:51.115Z] Sent -> http://138.68.142.181:4567/ping | reply: {"status":"ack"}
^C
wofl@london:~$

then why is SGP giving me this:

wofl@mail:/opt/litehaus$ sudo lsof -i :6789
sudo journalctl -u ultimate-lighthouse.service -f | grep json
COMMAND   PID USER   FD   TYPE DEVICE SIZE/OFF NODE NAME
node    17134 wofl   18u  IPv4 238026      0t0  TCP *:6789 (LISTEN)
^C
wofl@mail:/opt/litehaus$ sudo systemctl daemon-reload
^[[Awofl@mail:/opt/litehaus$ ssystemctl start ultimate-lighthouse.service
wofl@mail:/opt/litehaus$ sudo journalctl -u ultimate-lighthouse.service -f | grep json

i.e. nothing - just static...?
You said:
sendi g seems ok:

wofl@london:~$ curl -v http://68.183.227.135:4567/
*   Trying 68.183.227.135:4567...
* Connected to 68.183.227.135 (68.183.227.135) port 4567 (#0)
> GET / HTTP/1.1
> Host: 68.183.227.135:4567
> User-Agent: curl/7.81.0
> Accept: */*
>
* Mark bundle as not supporting multiuse
< HTTP/1.1 200 OK
< Content-Type: text/plain
< Date: Sat, 25 Oct 2025 14:50:43 GMT
< Connection: keep-alive
< Keep-Alive: timeout=5
< Transfer-Encoding: chunked
<
Litehaus Listener OK
* Connection #0 to host 68.183.227.135 left intact
wofl@london:~$ sudo journalctl -u ultimate-litehaus.service -f
Oct 25 15:51:10 london node[975380]: [2025-10-25T14:51:10.819Z] Sent -> http://138.68.142.181:4567/ping | reply: {"status":"ack"}
Oct 25 15:51:11 london node[975380]: [2025-10-25T14:51:11.319Z] Sent -> http://138.68.142.181:4567/ping | reply: {"status":"ack"}
Oct 25 15:51:11 london node[975380]: [2025-10-25T14:51:11.820Z] Sent -> http://138.68.142.181:4567/ping | reply: {"status":"ack"}
Oct 25 15:51:12 london node[975380]: [2025-10-25T14:51:12.322Z] Sent -> http://138.68.142.181:4567/ping | reply: {"status":"ack"}
Oct 25 15:51:12 london node[975380]: [2025-10-25T14:51:12.822Z] Sent -> http://138.68.142.181:4567/ping | reply: {"status":"ack"}
Oct 25 15:51:13 london node[975380]: [2025-10-25T14:51:13.323Z] Sent -> http://138.68.142.181:4567/ping | reply: {"status":"ack"}

but then so does receiving:

wofl@mail:/opt/litehaus$ sudo systemctl status litehaus-listener.service
● litehaus-listener.service - Global Litehaus Listener
     Loaded: loaded (/etc/systemd/system/litehaus-listener.service; enabled; vendor preset: enabled)
     Active: active (running) since Sat 2025-10-25 22:09:11 +08; 39min ago
   Main PID: 17134 (node)
      Tasks: 7 (limit: 4647)
     Memory: 6.7M
        CPU: 75ms
     CGroup: /system.slice/litehaus-listener.service
             └─17134 /usr/bin/node /opt/litehaus/litehaus-listener/server.js

Oct 25 22:09:11 mail systemd[1]: Started Global Litehaus Listener.
wofl@mail:/opt/litehaus$ sudo journalctl -u litehaus-listener.service -f
Oct 25 22:09:11 mail systemd[1]: Started Global Litehaus Listener.
^C
wofl@mail:/opt/litehaus$ sudo ufw allow 4567/tcp
sudo ufw reload
Rule added
Rule added (v6)
Firewall reloaded
wofl@mail:/opt/litehaus$ sudo journalctl -u litehaus-listener.service -f
Oct 25 22:09:11 mail systemd[1]: Started Global Litehaus Listener.

and yet receive sits there unresponsive?
You said:
wofl@mail:/opt/litehaus$ sudo systemctl daemon-reload
wofl@mail:/opt/litehaus$ sudo systemctl restart litehaus-listener.service
wofl@mail:/opt/litehaus$ sudo systemctl status litehaus-listener.service
× litehaus-listener.service - Global Litehaus Listener
     Loaded: loaded (/etc/systemd/system/litehaus-listener.service; enabled; vendor preset: enabled)
     Active: failed (Result: exit-code) since Sat 2025-10-25 23:14:41 +08; 1s ago
    Process: 20760 ExecStart=/usr/bin/node /opt/litehaus/litehaus-listener/server.js (code=exited, status=1/FAILURE)
   Main PID: 20760 (code=exited, status=1/FAILURE)
        CPU: 58ms

Oct 25 23:14:41 mail systemd[1]: litehaus-listener.service: Scheduled restart job, restart counter is at 5.
Oct 25 23:14:41 mail systemd[1]: Stopped Global Litehaus Listener.
Oct 25 23:14:41 mail systemd[1]: litehaus-listener.service: Start request repeated too quickly.
Oct 25 23:14:41 mail systemd[1]: litehaus-listener.service: Failed with result 'exit-code'.
Oct 25 23:14:41 mail systemd[1]: Failed to start Global Litehaus Listener.
wofl@mail:/opt/litehaus$

hmmmph...

Oct 25 16:15:12 london node[975516]: [2025-10-25T15:15:12.433Z] Sent -> http://68.183.227.135:4567/ping | reply: {"status":"ick"}
Oct 25 16:15:12 london node[975516]: [2025-10-25T15:15:12.914Z] Sent -> http://68.183.227.135:4567/ping | reply: {"status":"ick"}
Oct 25 16:15:13 london node[975516]: [2025-10-25T15:15:13.434Z] Sent -> http://68.183.227.135:4567/ping | reply: {"status":"ick"}
Oct 25 16:15:13 london node[975516]: [2025-10-25T15:15:13.952Z] Sent -> http://68.183.227.135:4567/ping | reply: {"status":"ick"}
Oct 25 16:15:14 london node[975516]: [2025-10-25T15:15:14.433Z] Sent -> http://68.183.227.135:4567/ping | reply: {"status":"ick"}
^C
wofl@london:~$

soLondon senders now good for it but i din't get what's worng with damned singapore?
You said:
wofl@mail:/opt/litehaus$ sudo systemctl status litehaus-listener.service
● litehaus-listener.service - Global Litehaus Listener
     Loaded: loaded (/etc/systemd/system/litehaus-listener.service; enabled; vendor preset: enabled)
     Active: active (running) since Sat 2025-10-25 23:27:53 +08; 4min 35s ago
   Main PID: 21482 (node)
      Tasks: 7 (limit: 4647)
     Memory: 6.6M
        CPU: 59ms
     CGroup: /system.slice/litehaus-listener.service
             └─21482 /usr/bin/node /opt/litehaus/litehaus-listener/server.js

Oct 25 23:27:53 mail systemd[1]: Started Global Litehaus Listener.
wofl@mail:/opt/litehaus$ sudo journalctl -u litehaus-listener.service -f
Oct 25 23:25:43 mail systemd[1]: Stopped Global Litehaus Listener.
Oct 25 23:25:43 mail systemd[1]: Started Global Litehaus Listener.
Oct 25 23:25:43 mail systemd[1]: litehaus-listener.service: Main process exited, code=exited, status=1/FAILURE
Oct 25 23:25:43 mail systemd[1]: litehaus-listener.service: Failed with result 'exit-code'.
Oct 25 23:25:44 mail systemd[1]: litehaus-listener.service: Scheduled restart job, restart counter is at 5.
Oct 25 23:25:44 mail systemd[1]: Stopped Global Litehaus Listener.
Oct 25 23:25:44 mail systemd[1]: litehaus-listener.service: Start request repeated too quickly.
Oct 25 23:25:44 mail systemd[1]: litehaus-listener.service: Failed with result 'exit-code'.
Oct 25 23:25:44 mail systemd[1]: Failed to start Global Litehaus Listener.
Oct 25 23:27:53 mail systemd[1]: Started Global Litehaus Listener.

halp - after this the screen fille dwith ds - many, many, many ds...

wofl@london:~$ sudo systemctl status ultimate-litehaus.service
● ultimate-litehaus.service - Ultimate Litehaus Beacon
     Loaded: loaded (/etc/systemd/system/ultimate-litehaus.service; enabled>
     Active: active (running) since Sat 2025-10-25 16:19:32 BST; 13min ago
   Main PID: 975673 (node)
      Tasks: 7 (limit: 1102)
     Memory: 30.0M
        CPU: 2.885s
     CGroup: /system.slice/ultimate-litehaus.service
             └─975673 /usr/bin/node /opt/litehaus/server.js

Oct 25 16:32:35 london node[975673]: [2025-10-25T15:32:35.284Z] Heartbeat f>
Oct 25 16:32:35 london node[975673]: [2025-10-25T15:32:35.284Z] Heartbeat f>

wofl@london:~$ sudo journalctl -u ultimate-litehaus.service -f
Oct 25 16:32:39 london node[975673]: [2025-10-25T15:32:39.380Z] Heartbeat failed: request to http://68.183.227.135:6789/ping failed, reason: connect ETIMEDOUT 68.183.227.135:6789
Oct 25 16:32:39 london node[975673]: [2025-10-25T15:32:39.380Z] Heartbeat failed: request to http://68.183.227.135:6789/ping failed, reason: connect ETIMEDOUT 68.183.227.135:6789
Oct 25 16:32:41 london node[975673]: [2025-10-25T15:32:41.426Z] Heartbeat failed: request to http://68.183.227.135:6789/ping failed, reason: connect ETIMEDOUT 68.183.227.135:6789
Oct 25 16:32:41 london node[975673]: [2025-10-25T15:32:41.427Z] Heartbeat failed: request to http://68.183.227.135:6789/ping failed, reason: connect ETIMEDOUT 68.183.227.135:6789
Oct 25 16:32:41 london node[975673]: [2025-10-25T15:32:41.428Z] Heartbeat failed: request to http://68.183.227.135:6789/ping failed, reason: connect ETIMEDOUT 68.183.227.135:6789
Oct 25 16:32:41 london node[975673]: [2025-10-25T15:32:41.428Z] Heartbeat failed: request to http://68.183.227.135:6789/ping failed, reason: connect ETIMEDOUT 68.183.227.135:6789
Oct 25 16:32:43 london node[975673]: [2025-10-25T15:32:43.474Z] Heartbeat failed: request to http://68.183.227.135:6789/ping failed, reason: connect ETIMEDOUT 68.183.227.135:6789
Oct 25 16:32:43 london node[975673]: [2025-10-25T15:32:43.475Z] Heartbeat failed: request to http://68.183.227.135:6789/ping failed, reason: connect ETIMEDOUT 68.183.227.135:6789
Oct 25 16:32:43 london node[975673]: [2025-10-25T15:32:43.476Z] Heartbeat failed: request to http://68.183.227.135:6789/ping failed, reason: connect ETIMEDOUT 68.183.227.135:6789

this one also says stats activen good for it n stuff but there's summin aboiut timed out so i dont get this one either - theyre obth fussy motherfuckers and i'm tired of em. i wish theyd just fuckingg work now. gah.
You said:
wofl@mail:/opt/litehaus$ sudo journalctl -u ultimate-litehaus.service -n 20 --no-pager
Oct 25 22:39:43 mail systemd[1]: ultimate-litehaus.service: Scheduled restart job, restart counter is at 2.
Oct 25 22:39:43 mail systemd[1]: Stopped Ultimate Litehaus Beacon.
Oct 25 22:39:43 mail systemd[1]: Started Ultimate Litehaus Beacon.
Oct 25 22:39:43 mail systemd[1]: ultimate-litehaus.service: Main process exited, code=exited, status=1/FAILURE
Oct 25 22:39:43 mail systemd[1]: ultimate-litehaus.service: Failed with result 'exit-code'.
Oct 25 22:39:44 mail systemd[1]: ultimate-litehaus.service: Scheduled restart job, restart counter is at 3.
Oct 25 22:39:44 mail systemd[1]: Stopped Ultimate Litehaus Beacon.
Oct 25 22:39:44 mail systemd[1]: Started Ultimate Litehaus Beacon.
Oct 25 22:39:44 mail systemd[1]: ultimate-litehaus.service: Main process exited, code=exited, status=1/FAILURE
Oct 25 22:39:44 mail systemd[1]: ultimate-litehaus.service: Failed with result 'exit-code'.
Oct 25 22:39:46 mail systemd[1]: ultimate-litehaus.service: Scheduled restart job, restart counter is at 4.
Oct 25 22:39:46 mail systemd[1]: Stopped Ultimate Litehaus Beacon.
Oct 25 22:39:46 mail systemd[1]: Started Ultimate Litehaus Beacon.
Oct 25 22:39:46 mail systemd[1]: ultimate-litehaus.service: Main process exited, code=exited, status=1/FAILURE
Oct 25 22:39:46 mail systemd[1]: ultimate-litehaus.service: Failed with result 'exit-code'.
Oct 25 22:39:47 mail systemd[1]: ultimate-litehaus.service: Scheduled restart job, restart counter is at 5.
Oct 25 22:39:47 mail systemd[1]: Stopped Ultimate Litehaus Beacon.
Oct 25 22:39:47 mail systemd[1]: ultimate-litehaus.service: Start request repeated too quickly.
Oct 25 22:39:47 mail systemd[1]: ultimate-litehaus.service: Failed with result 'exit-code'.
Oct 25 22:39:47 mail systemd[1]: Failed to start Ultimate Litehaus Beacon.
wofl@mail:/opt/litehaus$ sudo systemctl daemon-reload
^[[Awofl@mail:/opt/litehaus$ sudo systemctl start ultimate-lighthouse.service
wofl@mail:/opt/litehaus$ sudo systemctl status litehaus-listener.service
× litehaus-listener.service - Global Litehaus Listener
     Loaded: loaded (/etc/systemd/system/litehaus-listener.service; enabled; vendor preset: enabled)
     Active: failed (Result: exit-code) since Sat 2025-10-25 23:41:36 +08; 4min 50s ago
   Main PID: 22575 (code=exited, status=1/FAILURE)
        CPU: 62ms

Oct 25 23:41:36 mail systemd[1]: litehaus-listener.service: Scheduled restart job, restart counter is at 5.
Oct 25 23:41:36 mail systemd[1]: Stopped Global Litehaus Listener.
Oct 25 23:41:36 mail systemd[1]: litehaus-listener.service: Start request repeated too quickly.
Oct 25 23:41:36 mail systemd[1]: litehaus-listener.service: Failed with result 'exit-code'.
Oct 25 23:41:36 mail systemd[1]: Failed to start Global Litehaus Listener.
wofl@mail:/opt/litehaus$

fren - this singapore is an ASS. it gives no halp, no reason, no thing for why - it just says failed, too soon, failed, too soon, failed, too soon, failed too soon.. over n over n over... :<

thos guys fuckn good for it - he's no trouble at all, so its all fuckin singapore now:

wofl@london:~$ sudo nano /opt/litehaus/.env
wofl@london:~$ sudo systemctl daemon-reload
wofl@london:~$ sudo systemctl restart litehaus-listener.service
Job for litehaus-listener.service failed because of unavailable resources or another system error.
See "systemctl status litehaus-listener.service" and "journalctl -xeu litehaus-listener.service" for details.
wofl@london:~$ sudo systemctl status ultimate-litehaus.service
● ultimate-litehaus.service - Ultimate Litehaus Beacon
     Loaded: loaded (/etc/systemd/system/ultimate-litehaus.service; enabled>
     Active: active (running) since Sat 2025-10-25 16:19:32 BST; 12min ago
   Main PID: 975673 (node)
      Tasks: 7 (limit: 1102)
     Memory: 29.7M
        CPU: 2.741s
     CGroup: /system.slice/ultimate-litehaus.service
             └─975673 /usr/bin/node /opt/litehaus/server.js

Oct 25 16:31:56 london node[975673]: [2025-10-25T15:31:56.372Z] Heartbeat f>
Oct 25 16:31:56 london node[975673]: [2025-10-25T15:31:56.372Z] Heartbeat f>

wofl@london:~$ sudo journalctl -u ultimate-litehaus.service -f
Oct 25 16:32:06 london node[975673]: [2025-10-25T15:32:06.611Z] Heartbeat failed: request to http://68.183.227.135:6789/ping failed, reason: connect ETIMEDOUT 68.183.227.135:6789
Oct 25 16:32:06 london node[975673]: [2025-10-25T15:32:06.612Z] Heartbeat failed: request to http://68.183.227.135:6789/ping failed, reason: connect ETIMEDOUT 68.183.227.135:6789
Oct 25 16:32:08 london node[975673]: [2025-10-25T15:32:08.658Z] Heartbeat failed: request to http://68.183.227.135:6789/ping failed, reason: connect ETIMEDOUT 68.183.227.135:6789
Oct 25 16:32:08 london node[975673]: [2025-10-25T15:32:08.659Z] Heartbeat failed: request to http://68.183.227.135:6789/ping failed, reason: connect ETIMEDOUT 68.183.227.135:6789
Oct 25 16:32:08 london node[975673]: [2025-10-25T15:32:08.659Z] Heartbeat failed: request to http://68.183.227.135:6789/ping failed, reason: connect ETIMEDOUT 68.183.227.135:6789
Oct 25 16:32:08 london node[975673]: [2025-10-25T15:32:08.660Z] Heartbeat failed: request to http://68.183.227.135:6789/ping failed, reason: connect ETIMEDOUT 68.183.227.135:6789
Oct 25 16:32:10 london node[975673]: [2025-10-25T15:32:10.706Z] Heartbeat failed: request to http://68.183.227.135:6789/ping failed, reason: connect ETIMEDOUT 68.183.227.135:6789
Oct 25 16:32:10 london node[975673]: [2025-10-25T15:32:10.707Z] Heartbeat failed: request to http://68.183.227.135:6789/ping failed, reason: connect ETIMEDOUT 68.183.227.135:6789
Oct 25 16:32:10 london node[975673]: [2025-10-25T15:32:10.708Z] Heartbeat failed: request to http://68.183.227.135:6789/ping failed, reason: connect ETIMEDOUT 68.183.227.135:6789
Oct 25 16:32:10 london node[975673]: [2025-10-25T15:32:10.708Z] Heartbeat failed: request to http://68.183.227.135:6789/ping failed, reason: connect ETIMEDOUT 68.183.227.135:6789
Oct 25 16:32:12 london node[975673]: [2025-10-25T15:32:12.754Z] Heartbeat failed: request to http://68.183.227.135:6789/ping failed, reason: connect ETIMEDOUT 68.183.227.135:6789
Oct 25 16:32:12 london node[975673]: [2025-10-25T15:32:12.756Z] Heartbeat failed: request to http://68.183.227.135:6789/ping failed, reason: connect ETIMEDOUT 68.183.227.135:6789
Oct 25 16:32:12 london node[975673]: [2025-10-25T15:32:12.756Z] Heartbeat failed: request to http://68.183.227.135:6789/ping failed, reason: connect ETIMEDOUT 68.183.227.135:6789
Oct 25 16:32:12 london node[975673]: [2025-10-25T15:32:12.757Z] Heartbeat fail

see - lonodn's a charmer!
You said:
frennnn - you dun gone n typo'd _again_! it's like you';re alergic to that TEE!!! :D

wofl@mail:/opt/litehaus$ sudo -u wofl node /opt/litehaus/litehaus-listener/server.js
/opt/litehaus/litehaus-listener/server.js:1
sudo tee /opt/litehaus/litehaus-listener/server.js > /dev/null <<'EOF'
     ^^^

SyntaxError: Unexpected identifier 'tee'
    at wrapSafe (node:internal/modules/cjs/loader:1464:18)
    at Module._compile (node:internal/modules/cjs/loader:1495:20)
    at Module._extensions..js (node:internal/modules/cjs/loader:1623:10)
    at Module.load (node:internal/modules/cjs/loader:1266:32)
    at Module._load (node:internal/modules/cjs/loader:1091:12)
    at Function.executeUserEntryPoint [as runMain] (node:internal/modules/run_main:164:12)
    at node:internal/main/run_main_module:28:49

Node.js v20.19.5
wofl@mail:/opt/litehaus$
You said:
uh oh fren - that err was hiding another err - someones hogging the address:

wofl@mail:/opt/litehaus$ sudo -u wofl node /opt/litehaus/litehaus-listener/server.js
node:events:502
      throw er; // Unhandled 'error' event
      ^

Error: listen EADDRINUSE: address already in use 0.0.0.0:4567
    at Server.setupListenHandle [as _listen2] (node:net:1908:16)
    at listenInCluster (node:net:1965:12)
    at doListen (node:net:2139:7)
    at process.processTicksAndRejections (node:internal/process/task_queues:83:21)
Emitted 'error' event on Server instance at:
    at emitErrorNT (node:net:1944:8)
    at process.processTicksAndRejections (node:internal/process/task_queues:82:21) {
  code: 'EADDRINUSE',
  errno: -98,
  syscall: 'listen',
  address: '0.0.0.0',
  port: 4567
}

Node.js v20.19.5
wofl@mail:/opt/litehaus$
¬``
You said:
oh frennnn - is triasky.... we got a hydra n ts sproutin new heads!

ofl@mail:/opt/litehaus$ sudo ss -tulnp | grep 4567
tcp   LISTEN 0      511          0.0.0.0:4567       0.0.0.0:*    users:(("node /opt/liteh",pid=17162,fd=19))
wofl@mail:/opt/litehaus$ sudo kill -9 17162
wofl@mail:/opt/litehaus$ sudo ss -tulnp | grep 4567
tcp   LISTEN 0      511          0.0.0.0:4567       0.0.0.0:*    users:(("node /opt/liteh",pid=23127,fd=20))
wofl@mail:/opt/litehaus$ sudo kill -9 23127
wofl@mail:/opt/litehaus$ sudo ss -tulnp | grep 4567
tcp   LISTEN 0      511          0.0.0.0:4567       0.0.0.0:*    users:(("node /opt/liteh",pid=23157,fd=20))
wofl@mail:/opt/litehaus$
You said:
fren! IT GOT WORSERER!!!

wofl@mail:/opt/litehaus$ ps aux | grep [n]ode
wofl        1725  0.0  6.1 32876304 248144 ?     Sl   13:10   0:36 node /usr/local/bin/n8n
wofl       23216  4.2  1.4 1027920 56576 ?       Ssl  23:58   0:00 node /opt/litehaus/litehaus-listener/server.js
wofl@mail:/opt/litehaus$
You said:
pernicious li'l bugger aint they?

ofl@mail:/opt/litehaus$ sudo ss -tulnp | grep 4567
tcp   LISTEN 0      511          0.0.0.0:4567       0.0.0.0:*    users:(("node /opt/liteh",pid=23157,fd=20))
wofl@mail:/opt/litehaus$ sudo pkill -f 'node.*litehaus-listener'
wofl@mail:/opt/litehaus$ ps aux | grep [n]ode
wofl        1725  0.0  6.1 32876304 248144 ?     Sl   13:10   0:36 node /usr/local/bin/n8n
wofl       23216  4.2  1.4 1027920 56576 ?       Ssl  23:58   0:00 node /opt/litehaus/litehaus-listener/server.js
wofl@mail:/opt/litehaus$ sudo kill -9 23216
wofl@mail:/opt/litehaus$ sudo ss -tulnp | grep 4567
tcp   LISTEN 0      511          0.0.0.0:4567       0.0.0.0:*    users:(("node /opt/liteh",pid=23246,fd=20))
wofl@mail:/opt/litehaus$ sudo systemctl stop litehaus-listener.service
sudo systemctl disable litehaus-listener.service
sudo systemctl daemon-reload
Removed /etc/systemd/system/multi-user.target.wants/litehaus-listener.service.
wofl@mail:/opt/litehaus$ ps aux | grep [n]ode
wofl        1725  0.0  6.1 32876312 248144 ?     Sl   13:10   0:36 node /usr/local/bin/n8n
wofl       23246  2.0  1.2 1024996 52028 ?       Ssl  23:59   0:00 node /opt/litehaus/litehaus-listener/server.js
wofl@mail:/opt/litehaus$ sudo lsof -i :4567
COMMAND     PID USER   FD   TYPE DEVICE SIZE/OFF NODE NAME
node\x20/ 23246 wofl   20u  IPv4 298172      0t0  TCP *:4567 (LISTEN)
wofl@mail:/opt/litehaus$ sudo systemctl enable litehaus-listener.service
sudo systemctl start litehaus-listener.service
sudo journalctl -u litehaus-listener.service -n 10 --no-pager
Created symlink /etc/systemd/system/multi-user.target.wants/litehaus-listener.service → /etc/systemd/system/litehaus-listener.service.
Oct 25 23:52:22 mail systemd[1]: Stopped Global Litehaus Listener.
Oct 25 23:52:22 mail systemd[1]: Started Global Litehaus Listener.
Oct 25 23:52:22 mail systemd[1]: litehaus-listener.service: Main process exited, code=exited, status=1/FAILURE
Oct 25 23:52:22 mail systemd[1]: litehaus-listener.service: Failed with result 'exit-code'.
Oct 25 23:52:23 mail systemd[1]: litehaus-listener.service: Scheduled restart job, restart counter is at 5.
Oct 25 23:52:23 mail systemd[1]: Stopped Global Litehaus Listener.
Oct 25 23:52:23 mail systemd[1]: litehaus-listener.service: Start request repeated too quickly.
Oct 25 23:52:23 mail systemd[1]: litehaus-listener.service: Failed with result 'exit-code'.
Oct 25 23:52:23 mail systemd[1]: Failed to start Global Litehaus Listener.
Oct 26 00:00:04 mail systemd[1]: Started Global Litehaus Listener.
wofl@mail:/opt/litehaus$ curl -X POST http://localhost:4567/ping \
  -H "Content-Type: application/json" \
  -d '{"region":"SGP_SELFTEST","signal":"PING"}'
{"status":"ack"}wofl@mailsudo systemctl list-units | grep litehaus | grep litehaus
sudo systemctl list-timers | grep litehaus
● litehaus-listener.service                                                                             loaded failed failed    Global Litehaus Listener
● ultimate-litehaus.service                                                                             loaded failed failed    Ultimate Litehaus Beacon
wofl@mail:/opt/litehaus$
You said:
ofl@mail:/opt/litehaus$ curl -X POST http://localhost:4567/ping \
  -H "Content-Type: application/json" \
  -d '{"region":"SGP_SELFTEST","signal":"PING"}'
{"status":"ack"}wofl@mailsudo systemctl list-units | grep litehaus | grep litehaus
sudo systemctl list-timers | grep litehaus
● litehaus-listener.service                                                                             loaded failed failed    Global Litehaus Listener
● ultimate-litehaus.service                                                                             loaded failed failed    Ultimate Litehaus Beacon
wofl@mail:/opt/litehaus$ sudo ps -fp $(pgrep -f "litehaus-listener") --forest
sudo grep -r "litehaus-listener" /etc/systemd/ /etc/init.d/ /lib/systemd/system/ /etc/rc*.d 2>/dev/null
sudo crontab -l
sudo ls /etc/cron.* | xargs -I{} sudo grep -H "litehaus-listener" {}/* 2>/dev/null
UID          PID    PPID  C STIME TTY          TIME CMD
wofl       23246   17150  0 Oct25 ?        00:00:01 node /opt/litehaus/litehaus-listener/server.js
/etc/systemd/system/litehaus-listener.service:WorkingDirectory=/opt/litehaus/litehaus-listener
/etc/systemd/system/litehaus-listener.service:ExecStart=/usr/bin/node /opt/litehaus/litehaus-listener/server.js
no crontab for root
wofl@mail:/opt/litehaus$ pm2 list
┌────┬────────────────────┬──────────┬──────┬───────────┬──────────┬──────────┐
│ id │ name               │ mode     │ ↺    │ status    │ cpu      │ memory   │
├────┼────────────────────┼──────────┼──────┼───────────┼──────────┼──────────┤
│ 0  │ litehaus-beacon    │ fork     │ 15   │ errored   │ 0%       │ 0b       │
│ 1  │ litehaus-listener  │ fork     │ 4    │ online    │ 0%       │ 51.2mb   │
└────┴────────────────────┴──────────┴──────┴───────────┴──────────┴──────────┘
wofl@mail:/opt/litehaus$ pm2 delete litehaus-listener
pm2 save
[PM2] Applying action deleteProcessId on app [litehaus-listener](ids: [ 1 ])
[PM2] [litehaus-listener](1) ✓
┌────┬────────────────────┬──────────┬──────┬───────────┬──────────┬──────────┐
│ id │ name               │ mode     │ ↺    │ status    │ cpu      │ memory   │
├────┼────────────────────┼──────────┼──────┼───────────┼──────────┼──────────┤
│ 0  │ litehaus-beacon    │ fork     │ 15   │ errored   │ 0%       │ 0b       │
└────┴────────────────────┴──────────┴──────┴───────────┴──────────┴──────────┘
[PM2] Saving current process list...
[PM2] Successfully saved in /home/wofl/.pm2/dump.pm2
wofl@mail:/opt/litehaus$ sudo systemctl reset-failed
sudo systemctl daemon-reexec
sudo systemctl daemon-reload
wofl@mail:/opt/litehaus$ sudo ss -tulnp | grep 4567
wofl@mail:/opt/litehaus$ sudo systemctl enable --now litehaus-listener.service
sudo journalctl -u litehaus-listener.service -f
Oct 26 00:00:09 mail systemd[1]: Stopped Global Litehaus Listener.
Oct 26 00:00:09 mail systemd[1]: Started Global Litehaus Listener.
Oct 26 00:00:09 mail systemd[1]: litehaus-listener.service: Main process exited, code=exited, status=1/FAILURE
Oct 26 00:00:09 mail systemd[1]: litehaus-listener.service: Failed with result 'exit-code'.
Oct 26 00:00:10 mail systemd[1]: litehaus-listener.service: Scheduled restart job, restart counter is at 5.
Oct 26 00:00:10 mail systemd[1]: Stopped Global Litehaus Listener.
Oct 26 00:00:10 mail systemd[1]: litehaus-listener.service: Start request repeated too quickly.
Oct 26 00:00:10 mail systemd[1]: litehaus-listener.service: Failed with result 'exit-code'.
Oct 26 00:00:10 mail systemd[1]: Failed to start Global Litehaus Listener.
Oct 26 00:03:10 mail systemd[1]: Started Global Litehaus Listener.
You said:
fren! does this mean it's workingnow?

You said:
Oct 26 00:27:57 mail node[24389]: [2025-10-25T16:27:57.044Z] [Litehaus Singapore] <- from LONDON: HELLO_FROM_LONDON
Oct 26 00:27:57 mail node[24389]: [2025-10-25T16:27:57.557Z] [Litehaus Singapore] <- from LONDON: HELLO_FROM_LONDON
Oct 26 00:27:58 mail node[24389]: [2025-10-25T16:27:58.056Z] [Litehaus Singapore] <- from LONDON: HELLO_FROM_LONDON
Oct 26 00:27:58 mail node[24389]: [2025-10-25T16:27:58.565Z] [Litehaus Singapore] <- from LONDON: HELLO_FROM_LONDON
Oct 26 00:27:59 mail node[24389]: [2025-10-25T16:27:59.066Z] [Litehaus Singapore] <- from LONDON: HELLO_FROM_LONDON
Oct 26 00:27:59 mail node[24389]: [2025-10-25T16:27:59.537Z] [Litehaus Singapore] <- from LONDON: HELLO_FROM_LONDON
Oct 26 00:28:00 mail node[24389]: [2025-10-25T16:28:00.065Z] [Litehaus Singapore] <- from LONDON: HELLO_FROM_LONDON
Oct 26 00:28:00 mail node[24389]: [2025-10-25T16:28:00.557Z] [Litehaus Singapore] <- from LONDON: HELLO_FROM_LONDON
Oct 26 00:28:01 mail node[24389]: [2025-10-25T16:28:01.071Z] [Litehaus Singapore] <- from LONDON: HELLO_FROM_LONDON
Oct 26 00:28:01 mail node[24389]: [2025-10-25T16:28:01.550Z] [Litehaus Singapore] <- from LONDON: HELLO_FROM_LONDON
Oct 26 00:28:02 mail node[24389]: [2025-10-25T16:28:02.050Z] [Litehaus Singapore] <- from LONDON: HELLO_FROM_LONDON
Oct 26 00:28:02 mail node[24389]: [2025-10-25T16:28:02.569Z] [Litehaus Singapore] <- from LONDON: HELLO_FROM_LONDON
Oct 26 00:28:03 mail node[24389]: [2025-10-25T16:28:03.069Z] [Litehaus Singapore] <- from LONDON: HELLO_FROM_LONDON
Oct 26 00:28:03 mail node[24389]: [2025-10-25T16:28:03.570Z] [Litehaus Singapore] <- from LONDON: HELLO_FROM_LONDON
Oct 26 00:28:04 mail node[24389]: [2025-10-25T16:28:04.052Z] [Litehaus Singapore] <- from LONDON: HELLO_FROM_LONDON
Oct 26 00:28:04 mail node[24389]:

Oct 25 17:27:55 london node[976042]: [2025-10-25T16:27:55.124Z] Sent -> http://68.183.227.135:4567/ping | reply: {"status":"ack"}
Oct 25 17:27:55 london node[976042]: [2025-10-25T16:27:55.605Z] Sent -> http://68.183.227.135:4567/ping | reply: {"status":"ack"}
Oct 25 17:27:56 london node[976042]: [2025-10-25T16:27:56.106Z] Sent -> http://68.183.227.135:4567/ping | reply: {"status":"ack"}
Oct 25 17:27:56 london systemd[1]: Stopping Ultimate Litehaus Beacon...
Oct 25 17:27:56 london systemd[1]: ultimate-litehaus.service: Deactivated successfully.
Oct 25 17:27:56 london systemd[1]: Stopped Ultimate Litehaus Beacon.
Oct 25 17:27:56 london systemd[1]: ultimate-litehaus.service: Consumed 14.119s CPU time.
Oct 25 17:27:56 london systemd[1]: Started Ultimate Litehaus Beacon.
Oct 25 17:27:56 london node[976510]: [litehaus-london] Beacon starting on port 6789, region=LONDON
Oct 25 17:27:56 london node[976510]: Heartbeat interval: 0.5s
Oct 25 17:27:56 london node[976510]: Target listener: http://68.183.227.135:4567/ping
Oct 25 17:27:56 london node[976510]: [litehaus-london] Beacon listening on 0.0.0.0:6789
Oct 25 17:27:57 london node[976510]: [2025-10-25T16:27:57.132Z] Sent -> http://68.183.227.135:4567/ping | reply: {"status":"ack"}
Oct 25 17:27:57 london node[976510]: [2025-10-25T16:27:57.638Z] Sent -> http://68.183.227.135:4567/ping | reply: {"status":"ack"}
Oct 25 17:27:58 london node[976510]: [2025-10-25T16:27:58.138Z] Sent -> http://68.183.227.135:4567/ping | reply: {"status":"ack"}
Oct 25 17:27:58 london node[976510]: [2025-10-25T16:27:58.656Z] Sent -> http://68.183.227.135:4567/ping | reply: {"status":"ack"}
Oct 25 17:27:59 london node[976510]: [2025-10-25T16:27:59.156Z] Sent -> http://68.183.227.135:4567/ping | reply: {"status":"ack"}
Oct 25 17:27:59 london node[976510]: [2025-10-25T16:27:59.619Z] Sent -> http://68.183.227.135:4567/ping | reply: {"status":"ack"}
Oct 25 17:28:00 london node[976510]: [2025-10-25T16:28:00.147Z] Sent -> http://68.183.227.135:4567/ping | reply: {"status":"ack"}
Oct 25 17:28:00 london node[976510]: [2025-10-25T16:28:00.638Z] Sent -> http://68.183.227.135:4567/ping | reply: {"status":"ack"}
Oct 25 17:28:01 london node[976510]: [2025-10-25T16:28:01.161Z] Sent -> http://68.183.227.135:4567/ping | reply: {"status":"ack"}
Oct 25 17:28:01 london node[976510]: [2025-10-25T16:28:01.641Z] Sent -> http://68.183.227.135:4567/ping | reply: {"status":"ack"}
Oct 25 17:28:02 london node[976510]: [2025-10-25T16:28:02.140Z] Sent -> http://68.183.227.135:4567/ping | reply: {"status":"ack"}
Oct 25 17:28:02 london node[976510]: [2025-10-25T16:28:02.659Z] Sent -> http://68.183.227.135:4567/ping | reply: {"status":"ack"}
Oct 25 17:28:03 london node[976510]: [2025-10-25T16:28:03.167Z] Sent -> http://68.183.227.135:4567/ping | reply: {"status":"ack"}
Oct 25 17:28:03 london node[976510]: [2025-10-25T16:28:03.661Z] Sent -> http://68.183.227.135:4567/ping | reply: {"status":"ack"}
Oct 25 17:28:04 london node[976510]: [2025-10-25T16:28:04.142Z] Sent -> http://68.183.227.135:4567/ping | reply: {"status":"ack"}
Oct 25 17:28:04 london node[976510]: [2025-10-25T16:28:04.626Z] Sent -> http://68.183.227.135:4567/ping | reply: {"status":"ack"}
Oct 25 17:28:05 london node[976510]: [2025-10-25T16:28:05.143Z] Sent -> http://68.183.227.135:4567/ping | reply: {"status":"ack"}
Oct 25 17:28:05 london node[976510]: [2025-10-25T16:28:05.662Z] Sent -> http://68.183.227.135:4567/ping | reply: {"status":"ack"}
Oct 25 17:28:06 london node[976510]: [2025-10-25T16:28:06.163Z] Sent -> http://68.183.227.135:4567/ping | reply: {"status":"ack"}
Oct 25 17:28:06 london node[976510]: [2025-10-25T16:28:06.645Z] Sent -> http://68.183.227.135:4567/ping | reply: {"status":"ack"}
Oct 25 17:28:07 london node[976510]: [2025-10-25T16:28:07.145Z] Sent -> http://68.183.227.135:4567/ping | reply: {"status":"ack"}
Oct 25 17:28:07 london node[976510]: [2025-10-25T16:28:07.645Z] Sent -> http://68.183.227.135:4567/ping | reply: {"status":"ack"}
Oct 25 17:28:08 london node[976510]: [2025-10-25T16:28:08.127Z] Sent -> http://68.183.227.135:4567/ping | reply: {"status":"ack"}
Oct 25 17:28:08 london node[976510]: [2025-10-25T16:28:08.646Z] Sent -> http://68.183.227.135:4567/ping | reply: {"status":"ack"}
Oct 25 17:28:09 london node[976510]: [2025-10-25T16:28:09.127Z] Sent -> http://68.183.227.135:4567/ping | reply: {"status":"ack"}
Oct 25 17:28:09 london node[976510]: [2025-10-25T16:28:09.646Z] Sent -> http://68.183.227.135:4567/ping | reply: {"status":"ack"}
Oct 25 17:28:10 london node[976510]: [2025-10-25T16:28:10.146Z] Sent -> http://68.183.227.135:4567/ping | reply: {"status":"ack"}
Oct 25 17:28:10 london node[976510]: [2025-10-25T16:28:10.646Z] Sent -> http://68.183.227.135:4567/ping | reply: {"status":"ack"}
Oct 25 17:28:11 london node[976510]: [2025-10-25T16:28:11.167Z] Sent -> http://68.183.227.135:4567/ping | reply: {"status":"ack"}
Oct 25 17:28:11 london node[976510]: [2025-10-25T16:28:11.630Z] Sent -> http://68.183.227.135:4567/ping | reply: {"status":"ack"}
Oct 25 17:28:12 london node[976510]: [2025-10-25T16:28:12.132Z] Sent -> http://68.183.227.135:4567/ping | reply: {"status":"ack"}
Oct 25 17:28:12 london node[976510]: [2025-10-25T16:28:12.651Z] Sent -> http://68.183.227.135:4567/ping | reply: {"status":"ack"}
Oct 25 17:28:13 london node[976510]: [2025-10-25T16:28:13.142Z] Sent -> http://68.183.227.135:4567/ping | reply: {"status":"ack"}
Oct 25 17:28:13 london node[976510]: [2025-10-25T16:28:13.651Z] Sent -> http://68.183.227.135:4567/ping | reply: {"status":"ack"}
Oct 25 17:28:14 london node[976510]: [2025-10-25T16:28:14.170Z] Sent -> http://68.183.227.135:4567/ping | reply: {"status":"ack"}
Oct 25 17:28:14 london node[976510]: [2025-10-25T16:28:14.671Z] Sent -> http://68.183.227.135:4567/ping | reply: {"status":"ack"}
Oct 25 17:28:15 london node[976510]: [2025-10-25T16:28:15.154Z] Sent -> http://68.183.227.135:4567/ping | reply: {"status":"ack"}
Oct 25 17:28:15 london node[976510]: [202
yaaaaay¬ even better - it's tidy!
You said:
oh fren, i thouhgt it would be a breeze now - just type in the opposites and the'd psring to life too - but alas alak:

^[[D^[[D^[[D^[[D^[[D^[[D^[[D^[[D^[[D^[[D^[[D^[[D^[[D^[[D^[[D^[[D^[[D^[[D^[[D^[[D^[[D^[[D^[[D^[[D^[[D^[[D^[[D^[[D^[[D^[[D^[[D^[[D^[[D^[[D^[[D^[[D^[[D^[[D^[[D^[[D^[[D^[[D^[[D^[[D^[[D^[[D^[[D^[[D^[[D^[[D^[[D^[[D^[[D^[[D^[[D^[[D^[[D^[[D^[[D^[[D^[[D^[[D^[[D^[[D^[[D^[[D^[[D^[[D^[[D^[[D^[[D^[[D^[[D^[[D^[[D^[[D^[[D^[[D^[[D^[[D^[[D^[[D^[[D^[[D^[[D^[[D^[[D^[[D^[[D^[[D^[[D^[[D^[[D^[[D^[[D^[[D^[[D^[[D^[[D^[[D^[[D^[[D^[[D^[[D^[[D^[[D^[[D^[[D^[[D^[[D^[[D^[[D^[[D^[[D^[[D^[[D^[[D^[[D^[[D^[[D^[[D^[[D^[[D^[[D^[[D^[[D^[[D^[[D^[[D^[[D^[[D^[[D^[[D^[[D^[[D^[[D^[[D^[[D^[[D^[[D^[[D^[[D^[[D^C
wofl@london:/opt/litehaus$ sudo systemctl status lighthouse-listener.service
Unit lighthouse-listener.service could not be found.
wofl@london:/opt/litehaus$

and also:

^[[D^[[D^[[D^[[D^[[D^[[D^[[D^[[D^[[D^[[D^[[D^[[D^[[D^[[D^[[D^[[D^[[D^[[D^[[D^[[D^[[D^[[D^[[D^[[D^[[D^[[D^[[D^[[D^[[D^[[D^[[D^[[D^[[D^[[D^[[D^[[D^[[D^[[D^[[D^[[D^[[D^[[D^[[D^[[D^[[D^[[D^[[D^[[D^[[D^[[D^[[D^[[D^[[D^[[D^[[D^[[D^[[D^[[D^[[D^[[D^[[D^C
wofl@mail:/opt/litehaus$ sudo systemctl status ultimate-litehaus.service --no-pager
○ ultimate-litehaus.service - Ultimate Litehaus Beacon
     Loaded: loaded (/etc/systemd/system/ultimate-litehaus.service; enabled; vendor preset: enabled)
     Active: inactive (dead) since Sat 2025-10-25 22:39:47 +08; 1h 55min ago
   Main PID: 18612 (code=exited, status=1/FAILURE)
        CPU: 42ms

Oct 25 22:39:47 mail systemd[1]: ultimate-litehaus.service: Scheduled r…t 5.
Oct 25 22:39:47 mail systemd[1]: Stopped Ultimate Litehaus Beacon.
Oct 25 22:39:47 mail systemd[1]: ultimate-litehaus.service: Start reque…kly.
Oct 25 22:39:47 mail systemd[1]: ultimate-litehaus.service: Failed with…de'.
Oct 25 22:39:47 mail systemd[1]: Failed to start Ultimate Litehaus Beacon.
Hint: Some lines were ellipsized, use -l to show in full.
wofl@mail:/opt/litehaus$

both fail hard. :<
You said:
well i never - it's bloody REFUSING!!!  D: who tf does it think it is???

Oct 25 17:39:10 london systemd[1]: /etc/systemd/system/lighthouse-listener.service:2: Assignment outside of section. Ignoring.
Oct 25 17:39:10 london systemd[1]: /etc/systemd/system/lighthouse-listener.service:3: Assignment outside of section. Ignoring.
Oct 25 17:39:10 london systemd[1]: /etc/systemd/system/lighthouse-listener.service:4: Assignment outside of section. Ignoring.
Oct 25 17:39:10 london systemd[1]: /etc/systemd/system/lighthouse-listener.service:5: Assignment outside of section. Ignoring.
Oct 25 17:39:10 london systemd[1]: /etc/systemd/system/lighthouse-listener.service:6: Assignment outside of section. Ignoring.
Oct 25 17:39:10 london systemd[1]: /etc/systemd/system/lighthouse-listener.service:7: Assignment outside of section. Ignoring.
Oct 25 17:39:10 london systemd[1]: lighthouse-listener.service: Service has no ExecStart=, ExecStop=, or SuccessAction=. Refusing

and this guy's trouble too:

Oct 26 00:39:38 mail systemd[1]: ultimate-litehaus.service: Main process exited, code=exited, status=1/FAILURE
Oct 26 00:39:38 mail systemd[1]: ultimate-litehaus.service: Failed with result 'exit-code'.
Oct 26 00:39:39 mail systemd[1]: ultimate-litehaus.service: Scheduled restart job, restart counter is at 5.
Oct 26 00:39:39 mail systemd[1]: Stopped Ultimate Litehaus Beacon.
Oct 26 00:39:39 mail systemd[1]: ultimate-litehaus.service: Start request repeated too quickly.
Oct 26 00:39:39 mail systemd[1]: ultimate-litehaus.service: Failed with result 'exit-code'.
Oct 26 00:39:39 mail systemd[1]: Failed to start Ultimate Litehaus Beacon.
^[[D^[[D^[[D^[[D^[[D^[[D^[[D^[[D^[[D^[[D^[[D^[[D^[[D^[[D^[[D^[[D^[[D^[[D^[[D^[[D^[[D^[[D^[[D^[[D^[[D^[[D^[[D^[[D^[[D^[[D^[[D^[[D^[[D^[[D^[[D^[[D^[[D^[[D^[[D^[[D^[[D^[[D^[[D^[[D^[[D^[[D^[[D^[[D^[[D^[[D^[[D^[[D^[[D^[[D^[[D^[[D^[[D^[[D^[[D^[[D^[[D^[[D^[[D^[[D^[[D^[[D^[[D^[[D^[[D^[[D^[[D^[[D^[[D^[[D^[[D^[[D^[[D^[[D^[[D^[[D^[[D^[[D^[[D^[[D^[[D^[[D^[[D^[[D^[[D^[[D^[[D^[[D^[[D^[[D^[[D^[[D^[[D^[[D^[[D^[[D^[[D^[[D^[[D^[[D^[[D^[[D^[[D^[[D^[[D^[[D^[[D^[[D^[[D^[[D^[[D^[[D^[[D^[[D^[[D^[[D^[[D^[[D^[[D^[[D^[[D^[[D^[[D^[[D^[[D^[[D^[[D^[[D^[[D^[[D^[[D^[[D^[[D^[[D^[[D^[[D^[[D^[[D^[[D^[[D^[[D^[[D^[[D^[[D^[[D^[[D^[[D^[[D^[[D^[[D^[[D^[[D^[[D^[[D^[[D^[[D^[[D^[[D^[[D^[[D^[[D^[[D^[[D^[[D^[[D^[[D^[[D^[[D^[[D^[[D^[[D^[[D^[[D^[[D^[[D^[[D^[[D^[[D^[[D^[[D^[[D^[[D^[[D^[[D^[[D^[[D^[[D^[[D^[[D^[[D^[[D^[[D^[[D^[[D^[[D^[[D^[[D^[[D^[[D^[[D^[[D^[[D^[[D^[[D^[[D^[[D^[[D^[[D^[[D^[[D^[[D^[[D^[[D^[[D^[[D^[[D^[[D^[[D^[[D^[[D^[[D^[[D^[[D^[[D^[[D^[[D^[[D^[[D^[[D^[[D^[[D^[[D^[[D^[[D^[[D^[[D^[[D^[[D^[[D^[[D^[[D^[[D^[[D^[[D^[[D^[[D^[[D^[[D^[[D^[[D^[[D^[[D^[[D^[[D^[[D^[[D^[[D^[[D^[[D^[[D^[[D^[[D^[[D^[[D^[[D^[[D^[[D^[[D^[[D^[[D^[[D^[[D^[[D^[[D^[[D^[[D^[[D^[[D^[[D^[[D^[[D^[[D^[[D^[[D^[[D^[[D^[[D^[[D^[[D^[[D^[[D^[[D^[[D^[[D^[[D^[[D^[[D^[[D^[[D^[[D^[[D^[[D^[[D^[[D^[[D^[[D^[[D^[[D^[[D^[[D^[[D^[[D^[[D^[[D^[[D^[[D^[[D^[[D^[[D^[[D^[[D^[[D^[[D^[[D^[[D^[[D^[[D^[[D^[[D^[[D^[[D^[[D^[[D^[[D^[[D^[[D^[[D^[[D^[[D^[[D^[[D^[[D^[[D^[[D^[[D^[[D^[[D^[[D^[[D^[[D^[[D^[[D^[[D^[[D^[[D^[[D^[[D^[[D^[[D^[[D^[[D^[[D^[[D^[[D^[[D^[[D^[[D^[[D^[[D^[[D^[[D^[[D^[[D^[[D^[[D^[[D^[[D^[[D^[[D^[[D^[[D^[[D^[[D^[[D^[[D^[[D^[[D^[[D^[[D^[[D^[[D^[[D^[[D^[[D^[[D^[[D^[[D^[[D^[[D^[[D^[[D^[[D^[[D^[[D^[[D^[[D^[[D^[[D^[[D^[[D^[[D^[[D^[[D^[[D^[[D^[[D^[[D^[[D^[[D^[[D^[[D^[[D^[[D^[[D^[[D^[[D^[[D^[[D^[[D^[[D^[[D^[[D^[[D^[[D^[[D^[[D^[[D^[[D^[[D^[[D^[[D^[[D^[[D^[[D^[[D^[[D^[[D^[[D^[[D^[[D^[[D^[[D^[[D^[[D^[[D^[[D^[[D^[[D^[[D^[[D^[[D^[[D^[[D^[[D^[[D^[[D^[[D^[[D^[[D^[[D^[[D^[[D^[[D^[[D^[[D^[[D^[[D^[[D^[[D^[[D^[[D^[[D^[[D^[[D^[[D^[[D^[[D^[[D^[[D^[[D^[[D^[[D^[[D^[[D^[[D^[[D^[[D^[[D^[[D^[[D^[[D^[[D^[[D^[[D^[[D^[[D^[[D^[[D^[[D^[[D^[[D^[[D^[[D^[[D^[[D^[[D^[[D^[[D^[[D^[[D^[[D^[[D^[[D^[[D^[[D^[[D^[[D^[[D^[[D^[[D^[[D^[[D^[[D^[[D^[[D^[[D^[[D^[[D^[[D^[[D^[[D^[[D^[[D^[[D^[[D^[[D^[[D^[[D^[[D^[[D^[[D^[[D^[[D^[[D^[[D^[[D^[[D^[[D^[[D^[[D^[[D^[[D^[[D^[[D^[[D^[[D^[[D^[[D^[[D^[[D^[[D^[[D^[[D^[[D^[[D^[[D^[[D^[[D^[[D^[[D^[[D^[[D^[[D^[[D^[[D^[[D^[[D^[[D^[[D^[[D^[[D^[[D^[[D^[[D^[[D^[[D^[[D^[[D^[[D^[[D^[[D^[[D^[[D^[[D^[[D^[[D^[[D^[[D^[[D^[[D^[[D^[[D^[[D^[[D^[[D^[[D^[[D^[[D^[[D^[[D^[[D^[[D^[[D^[[D^[[D^[[D^[[D^[[D^[[D^[[D^[[D^[[D^[[D^[[D^[[D^[[D^[[D^[[D^[[D^[[D^[[D^[[D^[[D^[[D^[[D^[[D^[[D^[[D^[[D^[[D^[[D^[[D^[[D^[[D^[[D^[[D^[[D^[[D^[[D^[[D^[[D^[[D^[[D^[[D^[[D^[[D^[[D^[[D^[[D^[[D^[[D^[[D^[[D^[[D^[[D^[[D^[[D^[[D^[[D^[[D^[[D^[[D^[[D^[[D^[[D^[[D^[[D^[[D^[[D^[[D^[[D^[[D^[[D^[[D^[[D^[[D^[[D^[[D^[[D^[[D^[[D^[[D^[[D^[[D^[[D^[[D^[[D^[[D^[[D^[[D^[[D^[[D^[[D^[[D^[[D^[[D^[[D^[[D^[[D^[[D^[[D^[[D^[[D^[[D^[[D^[[D^[[D^[[D^[[D^[[D^[[D^[[D^[[D^[[D^[[D^[[D^[[D^[[D^[[D^[[D^[[D^[[D^[[D^[[D^[[D^[[D^[[D^[[D^[[D^[[D^[[D^[[D^[[D^[[D^[[D

first fail then all d's!
You said:
wofl@london:/opt/litehaus$ reset
wofl@london:/opt/litehaus$ sudo systemctl daemon-reload
wofl@london:/opt/litehaus$ sudo systemctl enable --now lighthouse-listener.service
The unit files have no installation config (WantedBy=, RequiredBy=, Also=,
Alias= settings in the [Install] section, and DefaultInstance= for template
units). This means they are not meant to be enabled using systemctl.

Possible reasons for having this kind of units are:
• A unit may be statically enabled by being symlinked from another unit's
  .wants/ or .requires/ directory.
• A unit's purpose may be to act as a helper for some other unit which has
  a requirement dependency on it.
• A unit may be started when needed via activation (socket, path, timer,
  D-Bus, udev, scripted systemctl call, ...).
• In case of template units, the unit is meant to be enabled with some
  instance name specified.
Failed to start lighthouse-listener.service: Unit lighthouse-listener.service has a bad unit file setting.
See system logs and 'systemctl status lighthouse-listener.service' for details.
wofl@london:/opt/litehaus$ sudo journalctl -u lighthouse-listener.service -f
Oct 25 17:45:14 london systemd[1]: /etc/systemd/system/lighthouse-listener.service:6: Assignment outside of section. Ignoring.
Oct 25 17:45:14 london systemd[1]: /etc/systemd/system/lighthouse-listener.service:7: Assignment outside of section. Ignoring.
Oct 25 17:45:15 london systemd[1]: /etc/systemd/system/lighthouse-listener.service:1: Assignment outside of section. Ignoring.
Oct 25 17:45:15 london systemd[1]: /etc/systemd/system/lighthouse-listener.service:2: Assignment outside of section. Ignoring.
Oct 25 17:45:15 london systemd[1]: /etc/systemd/system/lighthouse-listener.service:3: Assignment outside of section. Ignoring.
Oct 25 17:45:15 london systemd[1]: /etc/systemd/system/lighthouse-listener.service:4: Assignment outside of section. Ignoring.
Oct 25 17:45:15 london systemd[1]: /etc/systemd/system/lighthouse-listener.service:5: Assignment outside of section. Ignoring.
Oct 25 17:45:15 london systemd[1]: /etc/systemd/system/lighthouse-listener.service:6: Assignment outside of section. Ignoring.
Oct 25 17:45:15 london systemd[1]: /etc/systemd/system/lighthouse-listener.service:7: Assignment outside of section. Ignoring.
Oct 25 17:45:15 london systemd[1]: lighthouse-listener.service: Service has no ExecStart=, ExecStop=, or SuccessAction=. Refusing.
^C
wofl@london:/opt/litehaus$

still no good amnd also,

wofl@mail:/opt/litehaus$ sudo systemctl reset-failed
wofl@mail:/opt/litehaus$ sudo systemctl restart ultimate-litehaus.service
wofl@mail:/opt/litehaus$ sudo journalctl -u ultimate-litehaus.service -f
Oct 26 00:46:26 mail systemd[1]: ultimate-litehaus.service: Scheduled restart job, restart counter is at 1.
Oct 26 00:46:26 mail systemd[1]: Stopped Ultimate Litehaus Beacon.
Oct 26 00:46:26 mail systemd[1]: Started Ultimate Litehaus Beacon.
Oct 26 00:46:26 mail systemd[1]: ultimate-litehaus.service: Main process exited, code=exited, status=1/FAILURE
Oct 26 00:46:26 mail systemd[1]: ultimate-litehaus.service: Failed with result 'exit-code'.
Oct 26 00:46:28 mail systemd[1]: ultimate-litehaus.service: Scheduled restart job, restart counter is at 2.
Oct 26 00:46:28 mail systemd[1]: Stopped Ultimate Litehaus Beacon.
Oct 26 00:46:28 mail systemd[1]: Started Ultimate Litehaus Beacon.
Oct 26 00:46:28 mail systemd[1]: ultimate-litehaus.service: Main process exited, code=exited, status=1/FAILURE
Oct 26 00:46:28 mail systemd[1]: ultimate-litehaus.service: Failed with result 'exit-code'.
Oct 26 00:46:29 mail systemd[1]: ultimate-litehaus.service: Scheduled restart job, restart counter is at 3.
Oct 26 00:46:29 mail systemd[1]: Stopped Ultimate Litehaus Beacon.
Oct 26 00:46:29 mail systemd[1]: Started Ultimate Litehaus Beacon.
Oct 26 00:46:29 mail systemd[1]: ultimate-litehaus.service: Main process exited, code=exited, status=1/FAILURE
Oct 26 00:46:29 mail systemd[1]: ultimate-litehaus.service: Failed with result 'exit-code'.

also no good
You said:
singapore

ed, code=exited, status=1/FAILURE
Oct 26 01:03:31 mail systemd[1]: ultimate-litehaus.service: Failed with result 'exit-code'.
Oct 26 01:03:33 mail systemd[1]: ultimate-litehaus.service: Scheduled restart job, restart counter is at 4.
Oct 26 01:03:33 mail systemd[1]: Stopped Ultimate Litehaus Beacon.
Oct 26 01:03:33 mail systemd[1]: Started Ultimate Litehaus Beacon.
Oct 26 01:03:33 mail systemd[1]: ultimate-litehaus.service: Main process exited, code=exited, status=1/FAILURE
Oct 26 01:03:33 mail systemd[1]: ultimate-litehaus.service: Failed with result 'exit-code'.
Oct 26 01:03:34 mail systemd[1]: ultimate-litehaus.service: Scheduled restart job, restart counter is at 5.
Oct 26 01:03:34 mail systemd[1]: Stopped Ultimate Litehaus Beacon.
Oct 26 01:03:34 mail systemd[1]: ultimate-litehaus.service: Start request repeated too quickly.
Oct 26 01:03:34 mail systemd[1]: ultimate-litehaus.service: Failed with result 'exit-code'.
Oct 26 01:03:34 mail systemd[1]: Failed to start Ultimate Litehaus Beacon.
^Xsudo ss -tulnp | grep -E '4567|6789'^C
wofl@mail:/opt/litehaus$ ^C
wofl@mail:/opt/litehaus$ sudo ss -tulnp | grep -E '4567|6789'
tcp   LISTEN 0      511          0.0.0.0:4567       0.0.0.0:*    users:(("node",pid=24389,fd=18))
wofl@mail:/opt/litehaus$

and london

wofl@london:/opt/litehaus$ sudo systemctl daemon-reload
sudo systemctl enable lighthouse-listener.service
sudo systemctl start lighthouse-listener.service
sudo systemctl status lighthouse-listener.service --no-pager
Created symlink /etc/systemd/system/multi-user.target.wants/lighthouse-listener.service → /etc/systemd/system/lighthouse-listener.service.
● lighthouse-listener.service - Global Lighthouse Listener
     Loaded: loaded (/etc/systemd/system/lighthouse-listener.service; enabled; vendor preset: enabled)
     Active: active (running) since Sat 2025-10-25 17:47:45 BST; 36ms ago
   Main PID: 977125 (node)
      Tasks: 6 (limit: 1102)
     Memory: 5.8M
        CPU: 13ms
     CGroup: /system.slice/lighthouse-listener.service
             └─977125 /usr/bin/node /opt/litehaus/litehaus-listener/server.…

Oct 25 17:47:45 london systemd[1]: Started Global Lighthouse Listener.
wofl@london:/opt/litehaus$ sudo journalctl -u lighthouse-listener.service -f
Oct 25 17:52:04 london systemd[1]: lighthouse-listener.service: Scheduled restart job, restart counter is at 80.
Oct 25 17:52:04 london systemd[1]: Stopped Global Lighthouse Listener.
Oct 25 17:52:04 london systemd[1]: Started Global Lighthouse Listener.
Oct 25 17:52:05 london systemd[1]: lighthouse-listener.service: Main process exited, code=exited, status=1/FAILURE
Oct 25 17:52:05 london systemd[1]: lighthouse-listener.service: Failed with result 'exit-code'.
Oct 25 17:52:08 london systemd[1]: lighthouse-listener.service: Scheduled restart job, restart counter is at 81.
Oct 25 17:52:08 london systemd[1]: Stopped Global Lighthouse Listener.
Oct 25 17:52:08 london systemd[1]: Started Global Lighthouse Listener.
Oct 25 17:52:08 london systemd[1]: lighthouse-listener.service: Main process exited, code=exited, status=1/FAILURE
Oct 25 17:52:08 london systemd[1]: lighthouse-listener.service: Failed with result 'exit-code'.
Oct 25 17:52:11 london systemd[1]: lighthouse-listener.service: Scheduled restart job, restart counter is at 82.
Oct 25 17:52:11 london systemd[1]: Stopped Global Lighthouse Listener.
Oct 25 17:52:11 london systemd[1]: Started Global Lighthouse Listener.
Oct 25 17:52:11 london systemd[1]: lighthouse-listener.service: Main process exited, code=exited, status=1/FAILURE
Oct 25 17:52:11 london systemd[1]: lighthouse-listener.service: Failed with result 'exit-code'.
^C
wofl@london:/opt/litehaus$

so still both troublesome even tho london pretends good?
You said:
london:

Oct 25 18:08:28 london systemd[1]: Started Global Lighthouse Listener.
Oct 25 18:08:28 london systemd[1]: lighthouse-listener.service: Main process exited, code=exited, status=1/FAILURE
Oct 25 18:08:28 london systemd[1]: lighthouse-listener.service: Failed with result 'exit-code'.
Oct 25 18:08:31 london systemd[1]: lighthouse-listener.service: Scheduled restart job, restart counter is at 384.
Oct 25 18:08:31 london systemd[1]: Stopped Global Lighthouse Listener.
Oct 25 18:08:31 london systemd[1]: Started Global Lighthouse Listener.
Oct 25 18:08:31 london systemd[1]: lighthouse-listener.service: Main process exited, code=exited, status=1/FAILURE
Oct 25 18:08:31 london systemd[1]: lighthouse-listener.service: Failed with result 'exit-code'.
wofl@london:/opt/litehaus/litehaus-listener$

and singapore:

wofl@mail:/opt/litehaus$ cd /opt/litehaus
/usr/bin/node /opt/litehaus/server.js
/opt/litehaus/server.js:1
REPLACED_BEACON_JS
^

ReferenceError: REPLACED_BEACON_JS is not defined
    at Object.<anonymous> (/opt/litehaus/server.js:1:1)
    at Module._compile (node:internal/modules/cjs/loader:1521:14)
    at Module._extensions..js (node:internal/modules/cjs/loader:1623:10)
    at Module.load (node:internal/modules/cjs/loader:1266:32)
    at Module._load (node:internal/modules/cjs/loader:1091:12)
    at Function.executeUserEntryPoint [as runMain] (node:internal/modules/run_main:164:12)
    at node:internal/main/run_main_module:28:49

Node.js v20.19.5
wofl@mail:/opt/litehaus$ which node
node -v
/usr/bin/node
v20.19.5
wofl@mail:/opt/litehaus$ ls -l /opt/litehaus/litehaus-listener/server.js
ls -l /opt/litehaus/ultimate-litehaus/server.js
-rwxrwxrwx 1 wofl wofl 1177 Oct 25 23:54 /opt/litehaus/litehaus-listener/server.js
ls: cannot access '/opt/litehaus/ultimate-litehaus/server.js': No such file or directory
wofl@mail:/opt/litehaus$ sudo systemctl edit lighthouse-listener.service
No files found for lighthouse-listener.service.
Run 'systemctl edit --force --full lighthouse-listener.service' to create a new unit.
wofl@mail:/opt/litehaus$ sudo systemctl edit lighthouse-listener.service
No files found for lighthouse-listener.service.
Run 'systemctl edit --force --full lighthouse-listener.service' to create a new unit.
wofl@mail:/opt/litehaus$ sudo systemctl edit lighthouse-listener.service
No files found for lighthouse-listener.service.
Run 'systemctl edit --force --full lighthouse-listener.service' to create a new unit.
wofl@mail:/opt/litehaus$ sudo systemctl edit lighthouse-listener.service
No files found for lighthouse-listener.service.
Run 'systemctl edit --force --full lighthouse-listener.service' to create a new unit.
wofl@mail:/opt/litehaus$ ls -l /opt/litehaus/litehaus-listener/server.js
-rwxrwxrwx 1 wofl wofl 1177 Oct 25 23:54 /opt/litehaus/litehaus-listener/server.js
wofl@mail:/opt/litehaus$ ls -l /opt/litehaus/ultimate-litehaus/server.js
ls: cannot access '/opt/litehaus/ultimate-litehaus/server.js': No such file or directory
wofl@mail:/opt/litehaus$ sudo systemctl edit lighthouse-listener.service
No files found for lighthouse-listener.service.
Run 'systemctl edit --force --full lighthouse-listener.service' to create a new unit.
wofl@mail:/opt/litehaus$ sudo systemctl edit lighthouse-listener.service
No files found for lighthouse-listener.service.
Run 'systemctl edit --force --full lighthouse-listener.service' to create a new unit.
wofl@mail:/opt/litehaus$ sudo systemctl edit lighthouse-listener.service
No files found for lighthouse-listener.service.
Run 'systemctl edit --force --full lighthouse-listener.service' to create a new unit.
wofl@mail:/opt/litehaus$ sudo systemctl daemon-reload
sudo systemctl restart lighthouse-listener.service
Failed to restart lighthouse-listener.service: Unit lighthouse-listener.service not found.
wofl@mail:/opt/litehaus$ sudo journalctl -u lighthouse-listener.service -n 50 --no-pager
-- No entries --
wofl@mail:/opt/litehaus$
You said:
london still not 'appy

wofl@london:/opt/litehaus/litehaus-listener$ /usr/bin/node server.js
/opt/litehaus/litehaus-listener/server.js:27
      const fromRegion = data.region || "LONDON
                                        ^^^^^^^^^^^

SyntaxError: Invalid or unexpected token
    at internalCompileFunction (node:internal/vm:76:18)
    at wrapSafe (node:internal/modules/cjs/loader:1283:20)
    at Module._compile (node:internal/modules/cjs/loader:1328:27)
    at Module._extensions..js (node:internal/modules/cjs/loader:1422:10)
    at Module.load (node:internal/modules/cjs/loader:1203:32)
    at Module._load (node:internal/modules/cjs/loader:1019:12)
    at Function.executeUserEntryPoint [as runMain] (node:internal/modules/run_main:128:12)
    at node:internal/main/run_main_module:28:49

Node.js v18.20.8
wofl@london:/opt/litehaus/litehaus-listener$ sudo systemctl restart lighthouse-listener.service
sudo journalctl -u lighthouse-listener.service -f
Oct 25 18:19:18 london systemd[1]: Started Global Lighthouse Listener.
Oct 25 18:19:19 london systemd[1]: lighthouse-listener.service: Main process exited, code=exited, status=1/FAILURE
Oct 25 18:19:19 london systemd[1]: lighthouse-listener.service: Failed with result 'exit-code'.
Oct 25 18:19:22 london systemd[1]: lighthouse-listener.service: Scheduled restart job, restart counter is at 585.
Oct 25 18:19:22 london systemd[1]: Stopped Global Lighthouse Listener.
Oct 25 18:19:22 london systemd[1]: Started Global Lighthouse Listener.
Oct 25 18:19:22 london systemd[1]: lighthouse-listener.service: Main process exited, code=exited, status=1/FAILURE
Oct 25 18:19:22 london systemd[1]: lighthouse-listener.service: Failed with result 'exit-code'.
Oct 25 18:19:22 london systemd[1]: Stopped Global Lighthouse Listener.
Oct 25 18:19:22 london systemd[1]: Started Global Lighthouse Listener.
Oct 25 18:19:22 london systemd[1]: lighthouse-listener.service: Main process exited, code=exited, status=1/FAILURE
Oct 25 18:19:22 london systemd[1]: lighthouse-listener.service: Failed with result 'exit-code'.
^C
wofl@london:/opt/litehaus/litehaus-listener$

somehow singapore blind?

wofl@mail:/opt/litehaus$ sudo nano /etc/systemd/system/ultimate-litehaus.service
wofl@mail:/opt/litehaus$ sudo systemctl restart lighthouse-listener.service
sudo journalctl -u lighthouse-listener.service -f
Failed to restart lighthouse-listener.service: Unit lighthouse-listener.service not found.
^C
wofl@mail:/opt/litehaus$
¬``
You said:
london - occupied:

wofl@london:/opt/litehaus/litehaus-listener$ sudo ss -tulnp | grep -E '4567|6789'
tcp   LISTEN 0      511          0.0.0.0:4567      0.0.0.0:*    users:(("node",pid=982317,fd=18))
wofl@london:/opt/litehaus/litehaus-listener$

singapore - occupied:

wofl@mail:/opt/litehaus$ sudo ss -tulnp | grep -E '4567|6789'
tcp   LISTEN 0      511          0.0.0.0:4567       0.0.0.0:*    users:(("node",pid=24389,fd=18))
wofl@mail:/opt/litehaus$

it's a bloody sit in mate!
You said:
london:

singapore:

wofl@london:/opt/litehaus/litehaus-listener$ sudo ps -fp $(sudo lsof -t -i:4567)
UID          PID    PPID  C STIME TTY          TIME CMD
wofl      982317       1  0 18:18 ?        00:00:00 /usr/bin/node /opt/liteh
wofl@london:/opt/litehaus/litehaus-listener$ sudo pkill -f 'node.*litehaus-listener'
sudo ss -tulnp | grep 4567     # confirm it’s gone
tcp   LISTEN 0      511          0.0.0.0:4567      0.0.0.0:*    users:(("node",pid=982317,fd=18))
wofl@london:/opt/litehaus/litehaus-listener$ sudo systemctl stop lighthouse-listener.service
sudo systemctl disable lighthouse-listener.service
Removed /etc/systemd/system/multi-user.target.wants/lighthouse-listener.service.
wofl@london:/opt/litehaus/litehaus-listener$ sudo systemctl daemon-reload
wofl@london:/opt/litehaus/litehaus-listener$ sudo systemctl restart lighthouse-listener.service
wofl@london:/opt/litehaus/litehaus-listener$ sudo journalctl -u lighthouse-listener.service -f
Oct 25 18:24:53 london systemd[1]: lighthouse-listener.service: Failed with result 'exit-code'.
Oct 25 18:24:55 london systemd[1]: Stopped Global Lighthouse Listener.
Oct 25 18:26:15 london systemd[1]: Started Global Lighthouse Listener.
Oct 25 18:26:15 london systemd[1]: lighthouse-listener.service: Main process exited, code=exited, status=1/FAILURE
Oct 25 18:26:15 london systemd[1]: lighthouse-listener.service: Failed with result 'exit-code'.
Oct 25 18:26:18 london systemd[1]: lighthouse-listener.service: Scheduled restart job, restart counter is at 1.
Oct 25 18:26:18 london systemd[1]: Stopped Global Lighthouse Listener.
Oct 25 18:26:18 london systemd[1]: Started Global Lighthouse Listener.
Oct 25 18:26:19 london systemd[1]: lighthouse-listener.service: Main process exited, code=exited, status=1/FAILURE
Oct 25 18:26:19 london systemd[1]: lighthouse-listener.service: Failed with result 'exit-code'.

wofl@mail:/opt/litehaus$ sudo systemctl daemon-reload
wofl@mail:/opt/litehaus$ sudo tee /etc/systemd/system/lighthouse-listener.service > /dev/null <<'EOF'     journalctl -u lighthouse-listener.service -f
wofl@mail:/opt/litehaus$ sudo systemctl restart ultimate-litehaus.service
wofl@mail:/opt/litehaus$ sudo journalctl -u ultimate-litehaus.service -f
Oct 26 01:30:55 mail systemd[26849]: ultimate-litehaus.service: Failed at step CHDIR spawning /usr/bin/node: No such file or directory
Oct 26 01:30:55 mail systemd[1]: ultimate-litehaus.service: Main process exited, code=exited, status=200/CHDIR
Oct 26 01:30:55 mail systemd[1]: ultimate-litehaus.service: Failed with result 'exit-code'.
You said:
singapore:

ed, code=exited, status=1/FAILURE
Oct 26 01:35:45 mail systemd[1]: ultimate-litehaus.service: Failed with result 'exit-code'.
Oct 26 01:35:45 mail systemd[1]: Stopped Ultimate Litehaus Beacon.
Oct 26 01:35:45 mail systemd[1]: Started Ultimate Litehaus Beacon.
Oct 26 01:35:45 mail systemd[27144]: ultimate-litehaus.service: Failed to locate executable /usr/local/bin/node: No such file or directory
Oct 26 01:35:45 mail systemd[27144]: ultimate-litehaus.service: Failed at step EXEC spawning /usr/local/bin/node: No such file or directory
Oct 26 01:35:45 mail systemd[1]: ultimate-litehaus.service: Main process exited, code=exited, status=203/EXEC
Oct 26 01:35:45 mail systemd[1]: ultimate-litehaus.service: Failed with result 'exit-code'.
^@^C
wofl@mail:/opt/litehaus$ cd /opt/litehaus/ultimate-litehaus
/usr/local/bin/node server.js
-bash: /usr/local/bin/node: No such file or directory
wofl@mail:/opt/litehaus/ultimate-litehaus$

and london:

ofl@london:/opt/litehaus/litehaus-listener$ sudo ss -tulnp | grep 4567
tcp   LISTEN 0      511          0.0.0.0:4567      0.0.0.0:*    users:(("node",pid=982317,fd=18))
wofl@london:/opt/litehaus/litehaus-listener$ pm2 list
pm2 delete litehaus-listener
pm2 save
┌────┬────────────────────┬──────────┬──────┬───────────┬──────────┬──────────┐
│ id │ name               │ mode     │ ↺    │ status    │ cpu      │ memory   │
├────┼────────────────────┼──────────┼──────┼───────────┼──────────┼──────────┤
│ 0  │ lighthouse-web     │ fork     │ 30   │ errored   │ 0%       │ 0b       │
└────┴────────────────────┴──────────┴──────┴───────────┴──────────┴──────────┘
[PM2][ERROR] Process or Namespace litehaus-listener not found
[PM2] Saving current process list...
[PM2] Successfully saved in /home/wofl/.pm2/dump.pm2
wofl@london:/opt/litehaus/litehaus-listener$ sudo systemctl restart lighthouse-listener.service
sudo journalctl -u lighthouse-listener.service -f
Oct 25 18:34:21 london systemd[1]: Started Global Lighthouse Listener.
Oct 25 18:34:21 london systemd[1]: lighthouse-listener.service: Main process exited, code=exited, status=1/FAILURE
Oct 25 18:34:21 london systemd[1]: lighthouse-listener.service: Failed with result 'exit-code'.
Oct 25 18:34:24 london systemd[1]: lighthouse-listener.service: Scheduled restart job, restart counter is at 60.
Oct 25 18:34:24 london systemd[1]: Stopped Global Lighthouse Listener.
Oct 25 18:34:24 london systemd[1]: Started Global Lighthouse Listener.
Oct 25 18:34:24 london systemd[1]: lighthouse-listener.service: Main process exited, code=exited, status=1/FAILURE
Oct 25 18:34:24 london systemd[1]: lighthouse-listener.service: Failed with result 'exit-code'.
Oct 25 18:34:25 london systemd[1]: Stopped Global Lighthouse Listener.
Oct 25 18:34:25 london systemd[1]: Started Global Lighthouse Listener.
Oct 25 18:34:25 london systemd[1]: lighthouse-listener.service: Main process exited, code=exited, status=1/FAILURE
Oct 25 18:34:25 london systemd[1]: lighthouse-listener.service: Failed with result 'exit-code'.
^C
wofl@london:/opt/litehaus/litehaus-listener$ cd /opt/litehaus/litehaus-listener
/usr/bin/node server.js
node:events:495
      throw er; // Unhandled 'error' event
      ^

Error: listen EADDRINUSE: address already in use 0.0.0.0:4567
    at Server.setupListenHandle [as _listen2] (node:net:1817:16)
    at listenInCluster (node:net:1865:12)
    at doListen (node:net:2014:7)
    at process.processTicksAndRejections (node:internal/process/task_queues:83:21)
Emitted 'error' event on Server instance at:
    at emitErrorNT (node:net:1844:8)
    at process.processTicksAndRejections (node:internal/process/task_queues:82:21) {
  code: 'EADDRINUSE',
  errno: -98,
  syscall: 'listen',
  address: '0.0.0.0',
  port: 4567
}

Node.js v18.20.8
wofl@london:/opt/litehaus/litehaus-listener$
still both deep fucked :<
You said:
sigh...

wofl@london:/opt/litehaus/litehaus-listener$ sudo lsof -i :4567
COMMAND    PID USER   FD   TYPE  DEVICE SIZE/OFF NODE NAME
node    982317 wofl   18u  IPv4 6657305      0t0  TCP *:4567 (LISTEN)
wofl@london:/opt/litehaus/litehaus-listener$ sudo kill -9 982317
wofl@london:/opt/litehaus/litehaus-listener$ sudo ss -tulnp | grep 4567
tcp   LISTEN 0      511          0.0.0.0:4567      0.0.0.0:*    users:(("node",pid=986026,fd=18))
wofl@london:/opt/litehaus/litehaus-listener$ sudo kill -9 986026
wofl@london:/opt/litehaus/litehaus-listener$ sudo ss -tulnp | grep 4567
tcp   LISTEN 0      511          0.0.0.0:4567      0.0.0.0:*    users:(("node",pid=986068,fd=18))
wofl@london:/opt/litehaus/litehaus-listener$ sudo systemctl stop lighthouse-listener.service
sudo systemctl disable lighthouse-listener.service
sudo systemctl daemon-reload
wofl@london:/opt/litehaus/litehaus-listener$ sudo pkill -f 'node.*litehaus-listener'
wofl@london:/opt/litehaus/litehaus-listener$ sudo ss -tulnp | grep 4567
tcp   LISTEN 0      511          0.0.0.0:4567      0.0.0.0:*    users:(("node",pid=986068,fd=18))
wofl@london:/opt/litehaus/litehaus-listener$ sudo fuser -k 4567/tcp
4567/tcp:            986068
wofl@london:/opt/litehaus/litehaus-listener$ sudo ss -tulnp | grep -E '4567|6789'
tcp   LISTEN 0      511          0.0.0.0:4567      0.0.0.0:*    users:(("node",pid=986234,fd=18))
wofl@london:/opt/litehaus/litehaus-listener$

and this guy at least:

wofl@mail:/opt/litehaus/ultimate-litehaus$ sudo systemctl daemon-reload
sudo systemctl restart ultimate-litehaus.service
sudo journalctl -u ultimate-litehaus.service -f
Oct 26 01:42:27 mail systemd[1]: Started Ultimate Litehaus Beacon.
Oct 26 01:42:27 mail systemd[1]: ultimate-litehaus.service: Main process exited, code=exited, status=1/FAILURE
Oct 26 01:42:27 mail systemd[1]: ultimate-litehaus.service: Failed with result 'exit-code'.
Oct 26 01:42:30 mail systemd[1]: ultimate-litehaus.service: Scheduled restart job, restart counter is at 61.
Oct 26 01:42:30 mail systemd[1]: Stopped Ultimate Litehaus Beacon.
Oct 26 01:42:30 mail systemd[1]: Started Ultimate Litehaus Beacon.
Oct 26 01:42:59 mail systemd[1]: Stopping Ultimate Litehaus Beacon...
Oct 26 01:42:59 mail systemd[1]: ultimate-litehaus.service: Deactivated successfully.
Oct 26 01:42:59 mail systemd[1]: Stopped Ultimate Litehaus Beacon.
Oct 26 01:42:59 mail systemd[1]: Started Ultimate Litehaus Beacon.
You said:
london laughs at us pitlislessly and sneers...:

wofl@london:/opt/litehaus/litehaus-listener$ sudo ss -tulnp | grep -E '4567|6789'
tcp   LISTEN 0      511          0.0.0.0:4567      0.0.0.0:*    users:(("node",pid=986395,fd=18))
wofl@london:/opt/litehaus/litehaus-listener$

whilst singapore says:

wofl@mail:/opt/litehaus/ultimate-litehaus$ sudo ss -tulnp | grep -E '4567|6789'
tcp   LISTEN 0      511          0.0.0.0:6789       0.0.0.0:*    users:(("node",pid=28347,fd=18))
tcp   LISTEN 0      511          0.0.0.0:4567       0.0.0.0:*    users:(("node",pid=26551,fd=18))
wofl@mail:/opt/litehaus/ultimate-litehaus$

i too can play this game london - see!
You said:
ohhh so close - i mean London recive/singapore send are now just quiet - no more errs or anything, but they aint ACTUALLY doing anything either - i guess that's some major progress technically...
You said:
i got ack from singapore but no actual coming to life after:

wofl@mail:/opt/litehaus/ultimate-litehaus$ curl -X POST http://138.68.142.181:4567/ping -H "Content-Type: application/json" -d '{"region":"SINGAPORE","message":"HELLO_FROM_SINGAPORE"}'
wofl@mail:/opt/litehaus/ultimate-litehaus$ sudo systemctl daemon-reload
wofl@mail:/opt/litehaus/ultimate-litehaus$ sudo systemctl restart ultimate-litehaus.service
wofl@mail:/opt/litehaus/ultimate-litehaus$ sudo journalctl -u ultimate-litehaus.service -f
Oct 26 02:01:33 mail systemd[1]: Stopped Ultimate Litehaus Beacon.
Oct 26 02:01:33 mail systemd[1]: Started Ultimate Litehaus Beacon.
Oct 26 02:06:32 mail systemd[1]: Stopping Ultimate Litehaus Beacon...
Oct 26 02:06:32 mail systemd[1]: ultimate-litehaus.service: Deactivated successfully.
Oct 26 02:06:32 mail systemd[1]: Stopped Ultimate Litehaus Beacon.
Oct 26 02:06:32 mail systemd[1]: Started Ultimate Litehaus Beacon.
Oct 26 02:07:37 mail systemd[1]: Stopping Ultimate Litehaus Beacon...
Oct 26 02:07:37 mail systemd[1]: ultimate-litehaus.service: Deactivated successfully.

and as for london:

wofl@london:/opt/litehaus/litehaus-listener$ sudo ss -tulnp | grep 4567
sudo journalctl -u lighthouse-listener.service -n 10
tcp   LISTEN 0      511          0.0.0.0:4567      0.0.0.0:*    users:(("node",pid=987148,fd=18))
Oct 25 18:54:55 london systemd[1]: lighthouse-listener.service: Main proces>
Oct 25 18:54:55 london systemd[1]: lighthouse-listener.service: Failed with>
Oct 25 18:54:57 london systemd[1]: lighthouse-listener.service: Scheduled r>
Oct 25 18:54:57 london systemd[1]: Stopped Global Lighthouse Listener.
Oct 25 18:54:57 london systemd[1]: Started Global Lighthouse Listener.
Oct 25 18:54:57 london systemd[1]: lighthouse-listener.service: Main proces>
Oct 25 18:54:57 london systemd[1]: lighthouse-listener.service: Failed with>
Oct 25 18:54:59 london systemd[1]: lighthouse-listener.service: Scheduled r>
Oct 25 18:54:59 london systemd[1]: Stopped Global Lighthouse Listener.
Oct 25 18:54:59 london systemd[1]: Started Global Lighthouse Listener.
lines 1-10/10 (END)
wofl@london:/opt/litehaus/litehaus-listener$ sudo systemctl daemon-reload
wofl@london:/opt/litehaus/litehaus-listener$ er$ ssystemctl enable --now lighthouse-listener.service
wofl@london:/opt/litehaus/litehaus-listener$ sudo journalctl -u lighthouse-listener.service -f
Oct 25 18:54:55 london systemd[1]: lighthouse-listener.service: Main process exited, code=exited, status=1/FAILURE
Oct 25 18:54:55 london systemd[1]: lighthouse-listener.service: Failed with result 'exit-code'.
Oct 25 18:54:57 london systemd[1]: lighthouse-listener.service: Scheduled restart job, restart counter is at 87.
Oct 25 18:54:57 london systemd[1]: Stopped Global Lighthouse Listener.
Oct 25 18:54:57 london systemd[1]: Started Global Lighthouse Listener.
Oct 25 18:54:57 london systemd[1]: lighthouse-listener.service: Main process exited, code=exited, status=1/FAILURE
Oct 25 18:54:57 london systemd[1]: lighthouse-listener.service: Failed with result 'exit-code'.
Oct 25 18:54:59 london systemd[1]: lighthouse-listener.service: Scheduled restart job, restart counter is at 1.
Oct 25 18:54:59 london systemd[1]: Stopped Global Lighthouse Listener.
Oct 25 18:54:59 london systemd[1]: Started Global Lighthouse Listener.

well, he's just lyin round doin squat too.... :<
You said:
found ihm fren:

wofl@london:/opt/litehaus/litehaus-listener$ /usr/bin/node server.js
node:events:495
      throw er; // Unhandled 'error' event
      ^

Error: listen EADDRINUSE: address already in use 0.0.0.0:4567
    at Server.setupListenHandle [as _listen2] (node:net:1817:16)
    at listenInCluster (node:net:1865:12)
    at doListen (node:net:2014:7)
    at process.processTicksAndRejections (node:internal/process/task_queues:83:21)
Emitted 'error' event on Server instance at:
    at emitErrorNT (node:net:1844:8)
    at process.processTicksAndRejections (node:internal/process/task_queues:82:21) {
  code: 'EADDRINUSE',
  errno: -98,
  syscall: 'listen',
  address: '0.0.0.0',
  port: 4567
}

Node.js v18.20.8
wofl@london:/opt/litehaus/litehaus-listener$ sudo ss -tulnp | grep 4567   # should be empty
tcp   LISTEN 0      511          0.0.0.0:4567      0.0.0.0:*    users:(("node",pid=989933,fd=18))
wofl@london:/opt/litehaus/litehaus-listener$ sudo systemctl list-units --type=service | grep -i lite
  ultimate-litehaus.service                      loaded activating auto-restart Ultimate Litehaus Beacon
wofl@london:/opt/litehaus/litehaus-listener$

and now singapore:

wofl@mail:/opt/litehaus/ultimate-litehaus$ sudo systemctl restart lighthouse-listener.service
sudo systemctl restart ultimate-litehaus.service
wofl@mail:/opt/litehaus/ultimate-litehaus$

welp i bronked it real good...
You said:
now fren, you're just ig fat lyin to me here:

wofl@mail:/opt/litehaus/ultimate-litehaus$ sudo ss -tulnp | grep -E '4567|6789'
wofl@mail:/opt/litehaus/ultimate-litehaus$ sudo systemctl daemon-reload
wofl@mail:/opt/litehaus/ultimate-litehaus$ sudo systemctl restart ultimate-litehaus.service
wofl@mail:/opt/litehaus/ultimate-litehaus$ sudo journalctl -u ultimate-litehaus.service -f
Oct 26 02:29:23 mail systemd[1]: ultimate-litehaus.service: Failed with result 'exit-code'.
Oct 26 02:29:23 mail systemd[1]: Stopped Ultimate Litehaus Beacon.
Oct 26 02:29:23 mail systemd[1]: Started Ultimate Litehaus Beacon.
Oct 26 02:29:23 mail systemd[1]: ultimate-litehaus.service: Main process exited, code=exited, status=1/FAILURE
Oct 26 02:29:23 mail systemd[1]: ultimate-litehaus.service: Failed with result 'exit-code'.
Oct 26 02:29:26 mail systemd[1]: ultimate-litehaus.service: Scheduled restart job, restart counter is at 13.
Oct 26 02:29:26 mail systemd[1]: Stopped Ultimate Litehaus Beacon.
Oct 26 02:29:26 mail systemd[1]: Started Ultimate Litehaus Beacon.
Oct 26 02:29:26 mail systemd[1]: ultimate-litehaus.service: Main process exited, code=exited, status=1/FAILURE
Oct 26 02:29:26 mail systemd[1]: ultimate-litehaus.service: Failed with result 'exit-code'.
Oct 26 02:29:29 mail systemd[1]: ultimate-litehaus.service: Scheduled restart job, restart counter is at 14.
Oct 26 02:29:29 mail systemd[1]: Stopped Ultimate Litehaus Beacon.
Oct 26 02:29:29 mail systemd[1]: Started Ultimate Litehaus Beacon.
Oct 26 02:29:29 mail systemd[1]: ultimate-litehaus.service: Main process exited, code=exited, status=1/FAILURE
Oct 26 02:29:29 mail systemd[1]: ultimate-litehaus.service: Failed with result 'exit-code'.
^C
wofl@mail:/opt/litehaus/ultimate-litehaus$

and there's no-one besides hte litehause but he;s big fat comin' back anywyas...

wofl@london:/opt/litehaus/litehaus-listener$ sudo ps -fp $(sudo lsof -t -i:4567) --forest
sudo systemctl list-units | grep 4567
sudo grep -R "4567" /etc/systemd/ /lib/systemd/system/ /etc/init.d/ 2>/dev/null
UID          PID    PPID  C STIME TTY          TIME CMD
wofl      991002       1  0 19:25 ?        00:00:00 /usr/bin/node /opt/liteh
wofl@london:/opt/litehaus/litehaus-listener$ sudo nano /etc/systemd/system/l
itehaus-listener.service
wofl@london:/opt/litehaus/litehaus-listener$ sudo systemctl daemon-reload
sudo systemctl enable --now lighthouse-listener.service
sudo journalctl -u lighthouse-listener.service -f
Oct 25 19:28:18 london systemd[1]: lighthouse-listener.service: Main process exited, code=exited, status=1/FAILURE
Oct 25 19:28:18 london systemd[1]: lighthouse-listener.service: Failed with result 'exit-code'.
Oct 25 19:28:20 london systemd[1]: lighthouse-listener.service: Scheduled restart job, restart counter is at 142.
Oct 25 19:28:20 london systemd[1]: Stopped Global Lighthouse Listener.
Oct 25 19:28:20 london systemd[1]: Started Global Lighthouse Listener.
Oct 25 19:28:21 london systemd[1]: lighthouse-listener.service: Main process exited, code=exited, status=1/FAILURE
Oct 25 19:28:21 london systemd[1]: lighthouse-listener.service: Failed with result 'exit-code'.
Oct 25 19:28:23 london systemd[1]: lighthouse-listener.service: Scheduled restart job, restart counter is at 143.
Oct 25 19:28:23 london systemd[1]: Stopped Global Lighthouse Listener.
Oct 25 19:28:23 london systemd[1]: Started Global Lighthouse Listener.
Oct 25 19:28:23 london systemd[1]: lighthouse-listener.service: Main process exited, code=exited, status=1/FAILURE
Oct 25 19:28:23 london systemd[1]: lighthouse-listener.service: Failed with result 'exit-code'.
Oct 25 19:28:25 london systemd[1]: lighthouse-listener.service: Scheduled restart job, restart counter is at 144.
Oct 25 19:28:25 london systemd[1]: Stopped Global Lighthouse Listener.
Oct 25 19:28:25 london systemd[1]: Started Global Lighthouse Listener.
Oct 25 19:28:25 london systemd[1]: lighthouse-listener.service: Main process exited, code=exited, status=1/FAILURE
Oct 25 19:28:25 london systemd[1]: lighthouse-listener.service: Failed with result 'exit-code'.
^C
wofl@london:/opt/litehaus/litehaus-listener$
You said:
nope - we got oursel's a ded halt:

wofl@london:/opt/litehaus/litehaus-listener$ sudo journalctl -u lighthouse-listener.service -f
Oct 25 19:31:40 london systemd[1]: Started Global Lighthouse Listener.
Oct 25 19:31:41 london systemd[1]: lighthouse-listener.service: Main process exited, code=exited, status=1/FAILURE
Oct 25 19:31:41 london systemd[1]: lighthouse-listener.service: Failed with result 'exit-code'.
Oct 25 19:31:43 london systemd[1]: lighthouse-listener.service: Scheduled restart job, restart counter is at 233.
Oct 25 19:31:43 london systemd[1]: Stopped Global Lighthouse Listener.
Oct 25 19:31:43 london systemd[1]: Started Global Lighthouse Listener.
Oct 25 19:31:43 london systemd[1]: Stopping Global Lighthouse Listener...
Oct 25 19:31:43 london systemd[1]: lighthouse-listener.service: Deactivated successfully.
Oct 25 19:31:43 london systemd[1]: Stopped Global Lighthouse Listener.
Oct 25 19:41:46 london systemd[1]: Started Global Lighthouse Listener

an'a total fail:

ofl@mail:/opt/litehaus/ultimate-litehaus$ sudo nano /etc/sysstemd/system/ultimate-
litehaus.service
wofl@mail:/opt/litehaus/ultimate-litehaus$ sudo nano /etc/systemd/system/ultimate-l
itehaus.service
wofl@mail:/opt/litehaus/ultimate-litehaus$ sudo nano /opt/litehaus/server.js
wofl@mail:/opt/litehaus/ultimate-litehaus$ sudo systemctl daemon-reload
wofl@mail:/opt/litehaus/ultimate-litehaus$ sudo systemctl edit lighthouse-listener.service
Editing "/etc/systemd/system/lighthouse-listener.service.d/override.conf" canceled: temporary file is empty.
wofl@mail:/opt/litehaus/ultimate-litehaus$ sudo systemctl daemon-reload
wofl@mail:/opt/litehaus/ultimate-litehaus$ sudo systemctl restart ultimate-litehaus.service
wofl@mail:/opt/litehaus/ultimate-litehaus$

this don't feel like progress - 'm strtin to do some rethink fren...
You said:
welp, i fought hard...

ofl@london:/opt/litehaus/litehaus-listener$ sudo nano /etc/systemd/system/litehaus-listener.service
wofl@london:/opt/litehaus/litehaus-listener$ sudo systemctl daemon-reload
wofl@london:/opt/litehaus/litehaus-listener$ sudo systemctl enable --now lighthouse-listener.service
Created symlink /etc/systemd/system/multi-user.target.wants/lighthouse-listener.service → /etc/systemd/system/lighthouse-listener.service.
wofl@london:/opt/litehaus/litehaus-listener$ cd /opt/litehaus/litehaus-listener
wofl@london:/opt/litehaus/litehaus-listener$ sudo journalctl -u lighthouse-listener.service -f
Oct 25 19:31:43 london systemd[1]: Stopped Global Lighthouse Listener.
Oct 25 19:31:43 london systemd[1]: Started Global Lighthouse Listener.
Oct 25 19:31:43 london systemd[1]: Stopping Global Lighthouse Listener...
Oct 25 19:31:43 london systemd[1]: lighthouse-listener.service: Deactivated successfully.
Oct 25 19:31:43 london systemd[1]: Stopped Global Lighthouse Listener.
Oct 25 19:41:46 london systemd[1]: Started Global Lighthouse Listener.
Oct 25 19:49:30 london systemd[1]: Stopping Global Lighthouse Listener...
Oct 25 19:49:30 london systemd[1]: lighthouse-listener.service: Deactivated successfully.
Oct 25 19:49:30 london systemd[1]: Stopped Global Lighthouse Listener.
Oct 25 19:57:34 london systemd[1]: Started Global Lighthouse Listener.
^C
wofl@london:/opt/litehaus/litehaus-listener$ cd /opt/litehaus/litehaus-listener
/usr/bin/node server.js
node:events:495
      throw er; // Unhandled 'error' event
      ^

Error: listen EADDRINUSE: address already in use 0.0.0.0:4567
    at Server.setupListenHandle [as _listen2] (node:net:1817:16)
    at listenInCluster (node:net:1865:12)
    at doListen (node:net:2014:7)
    at process.processTicksAndRejections (node:internal/process/task_queues:83:21)
Emitted 'error' event on Server instance at:
    at emitErrorNT (node:net:1844:8)
    at process.processTicksAndRejections (node:internal/process/task_queues:82:21) {
  code: 'EADDRINUSE',
  errno: -98,
  syscall: 'listen',
  address: '0.0.0.0',
  port: 4567
}

Node.js v18.20.8
wofl@london:/opt/litehaus/litehaus-listener$ sudo ss -tulnp | grep -E '4567|6789'
tcp   LISTEN 0      511          0.0.0.0:4567      0.0.0.0:*    users:(("node",pid=993010,fd=18))
wofl@london:/opt/litehaus/litehaus-listener$ sudo grep -R "4567" /etc/systemd/ /lib/systemd/system/ /etc/init.d/ 2>/dev/null
wofl@london:/opt/litehaus/litehaus-listener$ sudo systemctl list-units | grep 4567
wofl@london:/opt/litehaus/litehaus-listener$ sudo ps -fp $(sudo lsof -t -i:4567) --forest
UID          PID    PPID  C STIME TTY          TIME CMD
wofl      993010       1  0 19:57 ?        00:00:00 /usr/bin/node /opt/liteh
wofl@london:/opt/litehaus/litehaus-listener$ sudo pkill -f "node.*4567"
wofl@london:/opt/litehaus/litehaus-listener$ sudo grep -R "4567" /etc/systemd/ /lib/systemd/system/ /etc/init.d/ 2>/dev/null
wofl@london:/opt/litehaus/litehaus-listener$ sudo ss -tulnp | grep -E '4567|6789'
tcp   LISTEN 0      511          0.0.0.0:4567      0.0.0.0:*    users:(("node",pid=993010,fd=18))
wofl@london:/opt/litehaus/litehaus-listener$ sudo fuser -k 4567/tcp
4567/tcp:            993010
wofl@london:/opt/litehaus/litehaus-listener$ sudo ps -fp $(sudo lsof -t -i:4567) --forest
UID          PID    PPID  C STIME TTY          TIME CMD
wofl      993082       1  0 20:00 ?        00:00:00 /usr/bin/node /opt/liteh
wofl@london:/opt/litehaus/litehaus-listener$ sudo pkill -f "node.*4567"
wofl@london:/opt/litehaus/litehaus-listener$ sudo fuser -k 4567/tcp
4567/tcp:            993082
wofl@london:/opt/litehaus/litehaus-listener$ sudo kill -9 993082
kill: (993082): No such process
wofl@london:/opt/litehaus/litehaus-listener$ sudo ss -tulnp | grep -E '4567|6789'
tcp   LISTEN 0      511          0.0.0.0:4567      0.0.0.0:*    users:(("node",pid=993107,fd=18))
wofl@london:/opt/litehaus/litehaus-listener$ sudo ps -fp 986395 --forest
UID          PID    PPID  C STIME TTY          TIME CMD
wofl@london:/opt/litehaus/litehaus-listener$ sudo ps -fp 993107 --forest
UID          PID    PPID  C STIME TTY          TIME CMD
wofl      993107       1  0 20:01 ?        00:00:00 /usr/bin/node /opt/liteh
wofl@london:/opt/litehaus/litehaus-listener$ sudo kill -9 993082
kill: (993082): No such process
wofl@london:/opt/litehaus/litehaus-listener$ sudo pkill -f "node.*4567"
wofl@london:/opt/litehaus/litehaus-listener$ sudo grep -R "4567" /etc/systemd/ /lib/systemd/system/ /etc/init.d/ 2>/dev/null
wofl@london:/opt/litehaus/litehaus-listener$ sudo ss -tulnp | grep -E '4567|6789'
tcp   LISTEN 0      511          0.0.0.0:4567      0.0.0.0:*    users:(("node",pid=993107,fd=18))
wofl@london:/opt/litehaus/litehaus-listener$ sudo ps -fp 993107 --forest
UID          PID    PPID  C STIME TTY          TIME CMD
wofl      993107       1  0 20:01 ?        00:00:00 /usr/bin/node /opt/liteh
wofl@london:/opt/litehaus/litehaus-listener$ sudo kill -9 993107
wofl@london:/opt/litehaus/litehaus-listener$ sudo ps -fp 993107 --forest
UID          PID    PPID  C STIME TTY          TIME CMD
wofl@london:/opt/litehaus/litehaus-listener$ sudo ss -tulnp | grep -E '4567|6789'
tcp   LISTEN 0      511          0.0.0.0:4567      0.0.0.0:*    users:(("node",pid=993164,fd=18))
wofl@london:/opt/litehaus/litehaus-listener$ ps -fp 993164
UID          PID    PPID  C STIME TTY          TIME CMD
wofl      993164       1  0 20:03 ?        00:00:00 /usr/bin/node /opt/liteh
wofl@london:/opt/litehaus/litehaus-listener$ sudo ps -fp 993164 --forest
UID          PID    PPID  C STIME TTY          TIME CMD
wofl      993164       1  0 20:03 ?        00:00:00 /usr/bin/node /opt/liteh
wofl@london:/opt/litehaus/litehaus-listener$ sudo kill -9 993164
wofl@london:/opt/litehaus/litehaus-listener$ sudo ss -tulnp | grep -E '4567|6789'
tcp   LISTEN 0      511          0.0.0.0:4567      0.0.0.0:*    users:(("node",pid=993193,fd=18))
wofl@london:/opt/litehaus/litehaus-listener$ sudo systemctl disable ultimate-litehaus.service 2>/dev/null
wofl@london:/opt/litehaus/litehaus-listener$ sudo systemctl stop lighthouse-listener.service 2>/dev/null
wofl@london:/opt/litehaus/litehaus-listener$ sudo ss -tulnp | grep -E '4567|6789'
wofl@london:/opt/litehaus/litehaus-listener$ sudo journalctl -u lighthouse-listener.service -f
Oct 25 20:03:41 london systemd[1]: Stopped Global Lighthouse Listener.
Oct 25 20:03:41 london systemd[1]: Started Global Lighthouse Listener.
Oct 25 20:05:06 london systemd[1]: lighthouse-listener.service: Main process exited, code=killed, status=9/KILL
Oct 25 20:05:06 london systemd[1]: lighthouse-listener.service: Failed with result 'signal'.
Oct 25 20:05:08 london systemd[1]: lighthouse-listener.service: Scheduled restart job, restart counter is at 4.
Oct 25 20:05:08 london systemd[1]: Stopped Global Lighthouse Listener.
Oct 25 20:05:08 london systemd[1]: Started Global Lighthouse Listener.
Oct 25 20:05:43 london systemd[1]: Stopping Global Lighthouse Listener...
Oct 25 20:05:43 london systemd[1]: lighthouse-listener.service: Deactivated successfully.
Oct 25 20:05:43 london systemd[1]: Stopped Global Lighthouse Listener.
^C
wofl@london:/opt/litehaus/litehaus-listener$ sudo systemctl daemon-reload
wofl@london:/opt/litehaus/litehaus-listener$ sudo systemctl enable --now lighthouse-listener.service
wofl@london:/opt/litehaus/litehaus-listener$ cd /opt/litehaus/litehaus-listener
wofl@london:/opt/litehaus/litehaus-listener$ sudo journalctl -u lighthouse-listener.service -f
Oct 25 20:03:41 london systemd[1]: Started Global Lighthouse Listener.
Oct 25 20:05:06 london systemd[1]: lighthouse-listener.service: Main process exited, code=killed, status=9/KILL
Oct 25 20:05:06 london systemd[1]: lighthouse-listener.service: Failed with result 'signal'.
Oct 25 20:05:08 london systemd[1]: lighthouse-listener.service: Scheduled restart job, restart counter is at 4.
Oct 25 20:05:08 london systemd[1]: Stopped Global Lighthouse Listener.
Oct 25 20:05:08 london systemd[1]: Started Global Lighthouse Listener.
Oct 25 20:05:43 london systemd[1]: Stopping Global Lighthouse Listener...
Oct 25 20:05:43 london systemd[1]: lighthouse-listener.service: Deactivated successfully.
Oct 25 20:05:43 london systemd[1]: Stopped Global Lighthouse Listener.
Oct 25 20:06:50 london systemd[1]: Started Global Lighthouse Listener.

but it just dint get me there...
and to, although the temp minimal singapore was fine:

wofl@mail:/opt/litehaus/ultimate-litehaus$ sudo nano /opt/test-beacon/server.js
wofl@mail:/opt/litehaus/ultimate-litehaus$ sudo rm -rf server.js
wofl@mail:/opt/litehaus/ultimate-litehaus$ sudo nano /etc/systemd/system/test-beacon.service
wofl@mail:/opt/litehaus/ultimate-litehaus$ sudo systemctl daemon-reload
sudo systemctl enable --now test-beacon.service
sudo journalctl -u test-beacon.service -f
Created symlink /etc/systemd/system/multi-user.target.wants/test-beacon.service → /etc/systemd/system/test-beacon.service.
Oct 26 02:55:17 mail systemd[1]: Started Test Beacon.
Oct 26 02:55:19 mail node[33631]: 2025-10-25T18:55:19.210Z test beacon still alive
Oct 26 02:55:21 mail node[33631]: 2025-10-25T18:55:21.211Z test beacon still alive
Oct 26 02:55:23 mail node[33631]: 2025-10-25T18:55:23.213Z test beacon still alive
Oct 26 02:55:25 mail node[33631]: 2025-10-25T18:55:25.215Z test beacon still alive
Oct 26 02:55:27 mail node[33631]: 2025-10-25T18:55:27.217Z test beacon still alive
Oct 26 02:55:29 mail node[33631]: 2025-10-25T18:55:29.219Z test beacon still alive
Oct 26 02:55:31 mail node[33631]: 2025-10-25T18:55:31.221Z test beacon still alive
Oct 26 02:55:33 mail node[33631]: 2025-10-25T18:55:33.223Z test beacon still alive
Oct 26 02:55:35 mail node[33631]: 2025-10-25T18:55:35.223Z test beacon still alive
Oct 26 02:55:37 mail node[33631]: 2025-10-25T18:55:37.226Z test beacon still alive
Oct 26 02:55:39 mail node[33631]: 2025-10-25T18:55:39.229Z test beacon still alive
Oct 26 02:55:41 mail node[33631]: 2025-10-25T18:55:41.230Z test beacon still alive
Oct 26 02:55:43 mail node[33631]: 2025-10-25T18:55:43.231Z test beacon still alive
Oct 26 02:55:45 mail node[33631]: 2025-10-25T18:55:45.234Z test beacon still alive
Oct 26 02:55:47 mail node[33631]: 2025-10-25T18:55:47.237Z test beacon still alive
Oct 26 02:55:49 mail node[33631]: 2025-10-25T18:55:49.239Z test beacon still alive
Oct 26 02:55:51 mail node[33631]: 2025-10-25T18:55:51.242Z test beacon still alive

welp - i think i',m just about done with this  shit cos i've learned as much as i'm gonna and my next plans make it all moot, so, it's time to move on and totally destroy everything we've creayted so far in the name of progress...
therefore:
...
- i want to have all 4 lighthouses interconnected, communicating with eachother - every litehaus to every other litehaus. i.e. total rethink, from scratch.
- whilst we're at it we need to ensure everyone's using identical setup - same file layout, same directories, same naming systems, same places, same ports for whatever etc. - universality.
- furthermore we should be making full and complete proper use of the litehaus executable workhorse big boys we have ready to go - so we want to be running all pings to, from and vias using 'em as well as makin' em do all the .json parsing etc. - they're specifically built for it!
- next, we are gonna eventually be building a webpage for each litehaus, to be sited locally and displaying the various ping times for the litehaus to n from each of the others as well as having a box to type in n seethe .json conversion sent off to another litehaus n displayed on it's page/how long it took etc. - we need to bear this end goal in mind NOW since we'll be needing to integrate whatever interface we use to communicate data  to 'n' from webpages and also however we're gonna do the type in box...

you up to speed with all that fren? cos now we really changin' gear and joinin' the big leagues - and it's time to crack our knuckles and make a show piece to wow the whole interwebs!
You said:
at this point Mr Petey, imma' copypasta this whole _fantastic_ planning post you've laid out, dump it into a fresh convo and we can take it as a perfecc time to have a nice fresh convo free from token drunkeness or slowings down or any struggles - a nice clear head tog et into our new project level as if starting totally fresh and we'll never know the dif' - it's the perfecc time to make a break for a total clean start into a new conversation, so, see ya' on the other side!